67.222.96.115 - - [07/Oct/2017:14:04:13 +0000] "GET /new/wp-login.php HTTP/1.1" 301 3948 "-" "Mozilla/5.0 (Windows NT 6.1; Win64; x64) AppleWebKit/537.36 (KHTML, like Gecko) Chrome/61.0.3163.100 Safari/537.36"
219.146.253.94 - - [07/Oct/2017:14:04:13 +0000] "POST /wp-login.php HTTP/1.1" 301 621 "-" "Mozilla/5.0 (Windows NT 6.1; rv:52.0) Gecko/20100101 Firefox/52.0"
219.146.253.94 - - [07/Oct/2017:14:04:14 +0000] "POST /wp-login.php HTTP/1.1" 301 621 "-" "Mozilla/5.0 (Windows NT 6.1; rv:52.0) Gecko/20100101 Firefox/52.0"
219.146.253.94 - - [07/Oct/2017:14:04:15 +0000] "POST /wp-login.php HTTP/1.1" 301 621 "-" "Mozilla/5.0 (Windows NT 6.1; rv:52.0) Gecko/20100101 Firefox/52.0"
219.146.253.94 - - [07/Oct/2017:14:04:16 +0000] "POST /wp-login.php HTTP/1.1" 301 621 "-" "Mozilla/5.0 (Windows NT 6.1; rv:52.0) Gecko/20100101 Firefox/52.0"
219.146.253.94 - - [07/Oct/2017:14:04:17 +0000] "POST /wp-login.php HTTP/1.1" 301 621 "-" "Mozilla/5.0 (Windows NT 6.1; rv:52.0) Gecko/20100101 Firefox/52.0"
219.146.253.94 - - [07/Oct/2017:14:04:17 +0000] "POST /wp-login.php HTTP/1.1" 301 621 "-" "Mozilla/5.0 (Windows NT 6.1; rv:52.0) Gecko/20100101 Firefox/52.0"
219.146.253.94 - - [07/Oct/2017:14:04:18 +0000] "POST /wp-login.php HTTP/1.1" 301 621 "-" "Mozilla/5.0 (Windows NT 6.1; rv:52.0) Gecko/20100101 Firefox/52.0"
219.146.253.94 - - [07/Oct/2017:14:04:19 +0000] "POST /wp-login.php HTTP/1.1" 301 621 "-" "Mozilla/5.0 (Windows NT 6.1; rv:52.0) Gecko/20100101 Firefox/52.0"
219.146.253.94 - - [07/Oct/2017:14:04:20 +0000] "POST /wp-login.php HTTP/1.1" 301 621 "-" "Mozilla/5.0 (Windows NT 6.1; rv:52.0) Gecko/20100101 Firefox/52.0"
219.146.253.94 - - [07/Oct/2017:14:04:21 +0000] "POST /wp-login.php HTTP/1.1" 301 621 "-" "Mozilla/5.0 (Windows NT 6.1; rv:52.0) Gecko/20100101 Firefox/52.0"
219.146.253.94 - - [07/Oct/2017:14:04:22 +0000] "POST /wp-login.php HTTP/1.1" 301 621 "-" "Mozilla/5.0 (Windows NT 6.1; rv:52.0) Gecko/20100101 Firefox/52.0"
219.146.253.94 - - [07/Oct/2017:14:04:23 +0000] "POST /wp-login.php HTTP/1.1" 301 621 "-" "Mozilla/5.0 (Windows NT 6.1; rv:52.0) Gecko/20100101 Firefox/52.0"
219.146.253.94 - - [07/Oct/2017:14:04:24 +0000] "POST /wp-login.php HTTP/1.1" 301 621 "-" "Mozilla/5.0 (Windows NT 6.1; rv:52.0) Gecko/20100101 Firefox/52.0"
219.146.253.94 - - [07/Oct/2017:14:04:24 +0000] "POST /wp-login.php HTTP/1.1" 301 621 "-" "Mozilla/5.0 (Windows NT 6.1; rv:52.0) Gecko/20100101 Firefox/52.0"
219.146.253.94 - - [07/Oct/2017:14:04:25 +0000] "POST /wp-login.php HTTP/1.1" 301 621 "-" "Mozilla/5.0 (Windows NT 6.1; rv:52.0) Gecko/20100101 Firefox/52.0"
219.146.253.94 - - [07/Oct/2017:14:04:26 +0000] "POST /wp-login.php HTTP/1.1" 301 621 "-" "Mozilla/5.0 (Windows NT 6.1; rv:52.0) Gecko/20100101 Firefox/52.0"
219.146.253.94 - - [07/Oct/2017:14:04:27 +0000] "POST /wp-login.php HTTP/1.1" 301 621 "-" "Mozilla/5.0 (Windows NT 6.1; rv:52.0) Gecko/20100101 Firefox/52.0"
219.146.253.94 - - [07/Oct/2017:14:04:28 +0000] "POST /wp-login.php HTTP/1.1" 301 621 "-" "Mozilla/5.0 (Windows NT 6.1; rv:52.0) Gecko/20100101 Firefox/52.0"
219.146.253.94 - - [07/Oct/2017:14:04:29 +0000] "POST /wp-login.php HTTP/1.1" 301 621 "-" "Mozilla/5.0 (Windows NT 6.1; rv:52.0) Gecko/20100101 Firefox/52.0"
219.146.253.94 - - [07/Oct/2017:14:04:30 +0000] "POST /wp-login.php HTTP/1.1" 301 621 "-" "Mozilla/5.0 (Windows NT 6.1; rv:52.0) Gecko/20100101 Firefox/52.0"
219.146.253.94 - - [07/Oct/2017:14:04:31 +0000] "POST /wp-login.php HTTP/1.1" 301 621 "-" "Mozilla/5.0 (Windows NT 6.1; rv:52.0) Gecko/20100101 Firefox/52.0"
219.146.253.94 - - [07/Oct/2017:14:04:32 +0000] "POST /wp-login.php HTTP/1.1" 301 621 "-" "Mozilla/5.0 (Windows NT 6.1; rv:52.0) Gecko/20100101 Firefox/52.0"
219.146.253.94 - - [07/Oct/2017:14:04:33 +0000] "POST /wp-login.php HTTP/1.1" 301 621 "-" "Mozilla/5.0 (Windows NT 6.1; rv:52.0) Gecko/20100101 Firefox/52.0"
219.146.253.94 - - [07/Oct/2017:14:04:33 +0000] "POST /wp-login.php HTTP/1.1" 301 621 "-" "Mozilla/5.0 (Windows NT 6.1; rv:52.0) Gecko/20100101 Firefox/52.0"
219.146.253.94 - - [07/Oct/2017:14:04:34 +0000] "POST /wp-login.php HTTP/1.1" 301 621 "-" "Mozilla/5.0 (Windows NT 6.1; rv:52.0) Gecko/20100101 Firefox/52.0"
197.3.197.238 - - [07/Oct/2017:14:04:35 +0000] "GET /wp-login.php HTTP/1.1" 301 622 "-" "Mozilla/5.0 (Windows NT 6.1; WOW64; rv:40.0) Gecko/20100101 Firefox/40.1"
219.146.253.94 - - [07/Oct/2017:14:04:35 +0000] "POST /wp-login.php HTTP/1.1" 301 621 "-" "Mozilla/5.0 (Windows NT 6.1; rv:52.0) Gecko/20100101 Firefox/52.0"
197.3.197.238 - - [07/Oct/2017:14:04:35 +0000] "GET /wp-login.php HTTP/1.1" 301 4186 "-" "Mozilla/5.0 (Windows NT 6.1; WOW64; rv:40.0) Gecko/20100101 Firefox/40.1"
219.146.253.94 - - [07/Oct/2017:14:04:36 +0000] "POST /wp-login.php HTTP/1.1" 301 621 "-" "Mozilla/5.0 (Windows NT 6.1; rv:52.0) Gecko/20100101 Firefox/52.0"
219.146.253.94 - - [07/Oct/2017:14:04:37 +0000] "POST /wp-login.php HTTP/1.1" 301 621 "-" "Mozilla/5.0 (Windows NT 6.1; rv:52.0) Gecko/20100101 Firefox/52.0"
219.146.253.94 - - [07/Oct/2017:14:04:38 +0000] "POST /wp-login.php HTTP/1.1" 301 621 "-" "Mozilla/5.0 (Windows NT 6.1; rv:52.0) Gecko/20100101 Firefox/52.0"
219.146.253.94 - - [07/Oct/2017:14:04:39 +0000] "POST /wp-login.php HTTP/1.1" 301 621 "-" "Mozilla/5.0 (Windows NT 6.1; rv:52.0) Gecko/20100101 Firefox/52.0"
219.146.253.94 - - [07/Oct/2017:14:04:40 +0000] "POST /wp-login.php HTTP/1.1" 301 621 "-" "Mozilla/5.0 (Windows NT 6.1; rv:52.0) Gecko/20100101 Firefox/52.0"
219.146.253.94 - - [07/Oct/2017:14:04:41 +0000] "POST /wp-login.php HTTP/1.1" 301 621 "-" "Mozilla/5.0 (Windows NT 6.1; rv:52.0) Gecko/20100101 Firefox/52.0"
197.3.197.238 - - [07/Oct/2017:14:04:41 +0000] "GET /wp-login.php HTTP/1.1" 301 622 "-" "Mozilla/5.0 (Windows NT 6.1; WOW64; rv:40.0) Gecko/20100101 Firefox/40.1"
219.146.253.94 - - [07/Oct/2017:14:04:41 +0000] "POST /wp-login.php HTTP/1.1" 301 621 "-" "Mozilla/5.0 (Windows NT 6.1; rv:52.0) Gecko/20100101 Firefox/52.0"
197.3.197.238 - - [07/Oct/2017:14:04:42 +0000] "GET /wp-login.php HTTP/1.1" 301 827 "-" "Mozilla/5.0 (Windows NT 6.1; WOW64; rv:40.0) Gecko/20100101 Firefox/40.1"
219.146.253.94 - - [07/Oct/2017:14:04:42 +0000] "POST /wp-login.php HTTP/1.1" 301 621 "-" "Mozilla/5.0 (Windows NT 6.1; rv:52.0) Gecko/20100101 Firefox/52.0"
219.146.253.94 - - [07/Oct/2017:14:04:43 +0000] "POST /wp-login.php HTTP/1.1" 301 621 "-" "Mozilla/5.0 (Windows NT 6.1; rv:52.0) Gecko/20100101 Firefox/52.0"
219.146.253.94 - - [07/Oct/2017:14:04:44 +0000] "POST /wp-login.php HTTP/1.1" 301 621 "-" "Mozilla/5.0 (Windows NT 6.1; rv:52.0) Gecko/20100101 Firefox/52.0"
219.146.253.94 - - [07/Oct/2017:14:04:45 +0000] "POST /wp-login.php HTTP/1.1" 301 621 "-" "Mozilla/5.0 (Windows NT 6.1; rv:52.0) Gecko/20100101 Firefox/52.0"
197.3.197.238 - - [07/Oct/2017:14:04:48 +0000] "GET / HTTP/1.1" 301 598 "-" "Mozilla/5.0 (Windows NT 6.1; WOW64; rv:40.0) Gecko/20100101 Firefox/40.1"
197.3.197.238 - - [07/Oct/2017:14:04:48 +0000] "GET / HTTP/1.1" 301 795 "-" "Mozilla/5.0 (Windows NT 6.1; WOW64; rv:40.0) Gecko/20100101 Firefox/40.1"
111.100.104.205 - - [07/Oct/2017:14:05:04 +0000] "HEAD http://138.197.26.202:80/mysql/admin/ HTTP/1.1" 301 296 "-" "Mozilla/5.0 Jorgee"
111.100.104.205 - - [07/Oct/2017:14:05:04 +0000] "HEAD http://138.197.26.202:80/mysql/dbadmin/ HTTP/1.1" 301 297 "-" "Mozilla/5.0 Jorgee"
111.100.104.205 - - [07/Oct/2017:14:05:05 +0000] "HEAD http://138.197.26.202:80/mysql/sqlmanager/ HTTP/1.1" 301 300 "-" "Mozilla/5.0 Jorgee"
111.100.104.205 - - [07/Oct/2017:14:05:05 +0000] "HEAD http://138.197.26.202:80/mysql/mysqlmanager/ HTTP/1.1" 301 302 "-" "Mozilla/5.0 Jorgee"
111.100.104.205 - - [07/Oct/2017:14:05:05 +0000] "HEAD http://138.197.26.202:80/phpmyadmin/ HTTP/1.1" 301 294 "-" "Mozilla/5.0 Jorgee"
111.100.104.205 - - [07/Oct/2017:14:05:05 +0000] "HEAD http://138.197.26.202:80/phpMyadmin/ HTTP/1.1" 301 294 "-" "Mozilla/5.0 Jorgee"
111.100.104.205 - - [07/Oct/2017:14:05:06 +0000] "HEAD http://138.197.26.202:80/phpMyAdmin/ HTTP/1.1" 301 294 "-" "Mozilla/5.0 Jorgee"
111.100.104.205 - - [07/Oct/2017:14:05:06 +0000] "HEAD http://138.197.26.202:80/phpmyAdmin/ HTTP/1.1" 301 294 "-" "Mozilla/5.0 Jorgee"
111.100.104.205 - - [07/Oct/2017:14:05:06 +0000] "HEAD http://138.197.26.202:80/phpmyadmin2/ HTTP/1.1" 301 295 "-" "Mozilla/5.0 Jorgee"
111.100.104.205 - - [07/Oct/2017:14:05:06 +0000] "HEAD http://138.197.26.202:80/phpmyadmin3/ HTTP/1.1" 301 295 "-" "Mozilla/5.0 Jorgee"
111.100.104.205 - - [07/Oct/2017:14:05:07 +0000] "HEAD http://138.197.26.202:80/phpmyadmin4/ HTTP/1.1" 301 295 "-" "Mozilla/5.0 Jorgee"
111.100.104.205 - - [07/Oct/2017:14:05:07 +0000] "HEAD http://138.197.26.202:80/2phpmyadmin/ HTTP/1.1" 301 295 "-" "Mozilla/5.0 Jorgee"
111.100.104.205 - - [07/Oct/2017:14:05:07 +0000] "HEAD http://138.197.26.202:80/phpmy/ HTTP/1.1" 301 289 "-" "Mozilla/5.0 Jorgee"
111.100.104.205 - - [07/Oct/2017:14:05:07 +0000] "HEAD http://138.197.26.202:80/phppma/ HTTP/1.1" 301 290 "-" "Mozilla/5.0 Jorgee"
111.100.104.205 - - [07/Oct/2017:14:05:08 +0000] "HEAD http://138.197.26.202:80/myadmin/ HTTP/1.1" 301 291 "-" "Mozilla/5.0 Jorgee"
111.100.104.205 - - [07/Oct/2017:14:05:08 +0000] "HEAD http://138.197.26.202:80/shopdb/ HTTP/1.1" 301 290 "-" "Mozilla/5.0 Jorgee"
111.100.104.205 - - [07/Oct/2017:14:05:08 +0000] "HEAD http://138.197.26.202:80/MyAdmin/ HTTP/1.1" 301 291 "-" "Mozilla/5.0 Jorgee"
111.100.104.205 - - [07/Oct/2017:14:05:08 +0000] "HEAD http://138.197.26.202:80/program/ HTTP/1.1" 301 291 "-" "Mozilla/5.0 Jorgee"
111.100.104.205 - - [07/Oct/2017:14:05:09 +0000] "HEAD http://138.197.26.202:80/PMA/ HTTP/1.1" 301 287 "-" "Mozilla/5.0 Jorgee"
111.100.104.205 - - [07/Oct/2017:14:05:09 +0000] "HEAD http://138.197.26.202:80/dbadmin/ HTTP/1.1" 301 291 "-" "Mozilla/5.0 Jorgee"
111.100.104.205 - - [07/Oct/2017:14:05:09 +0000] "HEAD http://138.197.26.202:80/pma/ HTTP/1.1" 301 287 "-" "Mozilla/5.0 Jorgee"
111.100.104.205 - - [07/Oct/2017:14:05:09 +0000] "HEAD http://138.197.26.202:80/db/ HTTP/1.1" 301 286 "-" "Mozilla/5.0 Jorgee"
111.100.104.205 - - [07/Oct/2017:14:05:10 +0000] "HEAD http://138.197.26.202:80/admin/ HTTP/1.1" 301 289 "-" "Mozilla/5.0 Jorgee"
111.100.104.205 - - [07/Oct/2017:14:05:10 +0000] "HEAD http://138.197.26.202:80/mysql/ HTTP/1.1" 301 289 "-" "Mozilla/5.0 Jorgee"
111.100.104.205 - - [07/Oct/2017:14:05:10 +0000] "HEAD http://138.197.26.202:80/database/ HTTP/1.1" 301 292 "-" "Mozilla/5.0 Jorgee"
111.100.104.205 - - [07/Oct/2017:14:05:10 +0000] "HEAD http://138.197.26.202:80/db/phpmyadmin/ HTTP/1.1" 301 297 "-" "Mozilla/5.0 Jorgee"
111.100.104.205 - - [07/Oct/2017:14:05:10 +0000] "HEAD http://138.197.26.202:80/db/phpMyAdmin/ HTTP/1.1" 301 297 "-" "Mozilla/5.0 Jorgee"
111.100.104.205 - - [07/Oct/2017:14:05:11 +0000] "HEAD http://138.197.26.202:80/sqlmanager/ HTTP/1.1" 301 294 "-" "Mozilla/5.0 Jorgee"
111.100.104.205 - - [07/Oct/2017:14:05:11 +0000] "HEAD http://138.197.26.202:80/mysqlmanager/ HTTP/1.1" 301 296 "-" "Mozilla/5.0 Jorgee"
111.100.104.205 - - [07/Oct/2017:14:05:11 +0000] "HEAD http://138.197.26.202:80/php-myadmin/ HTTP/1.1" 301 295 "-" "Mozilla/5.0 Jorgee"
111.100.104.205 - - [07/Oct/2017:14:05:11 +0000] "HEAD http://138.197.26.202:80/phpmy-admin/ HTTP/1.1" 301 295 "-" "Mozilla/5.0 Jorgee"
111.100.104.205 - - [07/Oct/2017:14:05:12 +0000] "HEAD http://138.197.26.202:80/mysqladmin/ HTTP/1.1" 301 294 "-" "Mozilla/5.0 Jorgee"
111.100.104.205 - - [07/Oct/2017:14:05:12 +0000] "HEAD http://138.197.26.202:80/mysql-admin/ HTTP/1.1" 301 295 "-" "Mozilla/5.0 Jorgee"
111.100.104.205 - - [07/Oct/2017:14:05:12 +0000] "HEAD http://138.197.26.202:80/admin/phpmyadmin/ HTTP/1.1" 301 300 "-" "Mozilla/5.0 Jorgee"
111.100.104.205 - - [07/Oct/2017:14:05:12 +0000] "HEAD http://138.197.26.202:80/admin/phpMyAdmin/ HTTP/1.1" 301 300 "-" "Mozilla/5.0 Jorgee"
111.100.104.205 - - [07/Oct/2017:14:05:12 +0000] "HEAD http://138.197.26.202:80/admin/sysadmin/ HTTP/1.1" 301 298 "-" "Mozilla/5.0 Jorgee"
111.100.104.205 - - [07/Oct/2017:14:05:13 +0000] "HEAD http://138.197.26.202:80/admin/sqladmin/ HTTP/1.1" 301 298 "-" "Mozilla/5.0 Jorgee"
111.100.104.205 - - [07/Oct/2017:14:05:13 +0000] "HEAD http://138.197.26.202:80/admin/db/ HTTP/1.1" 301 292 "-" "Mozilla/5.0 Jorgee"
111.100.104.205 - - [07/Oct/2017:14:05:13 +0000] "HEAD http://138.197.26.202:80/admin/web/ HTTP/1.1" 301 293 "-" "Mozilla/5.0 Jorgee"
111.100.104.205 - - [07/Oct/2017:14:05:13 +0000] "HEAD http://138.197.26.202:80/admin/pMA/ HTTP/1.1" 301 293 "-" "Mozilla/5.0 Jorgee"
111.100.104.205 - - [07/Oct/2017:14:05:14 +0000] "HEAD http://138.197.26.202:80/mysql/pma/ HTTP/1.1" 301 293 "-" "Mozilla/5.0 Jorgee"
111.100.104.205 - - [07/Oct/2017:14:05:15 +0000] "HEAD http://138.197.26.202:80/mysql/db/ HTTP/1.1" 301 292 "-" "Mozilla/5.0 Jorgee"
111.100.104.205 - - [07/Oct/2017:14:05:15 +0000] "HEAD http://138.197.26.202:80/mysql/web/ HTTP/1.1" 301 293 "-" "Mozilla/5.0 Jorgee"
111.100.104.205 - - [07/Oct/2017:14:05:15 +0000] "HEAD http://138.197.26.202:80/mysql/pMA/ HTTP/1.1" 301 293 "-" "Mozilla/5.0 Jorgee"
111.100.104.205 - - [07/Oct/2017:14:05:15 +0000] "HEAD http://138.197.26.202:80/sql/phpmanager/ HTTP/1.1" 301 298 "-" "Mozilla/5.0 Jorgee"
111.100.104.205 - - [07/Oct/2017:14:05:15 +0000] "HEAD http://138.197.26.202:80/sql/php-myadmin/ HTTP/1.1" 301 299 "-" "Mozilla/5.0 Jorgee"
111.100.104.205 - - [07/Oct/2017:14:05:16 +0000] "HEAD http://138.197.26.202:80/sql/phpmy-admin/ HTTP/1.1" 301 299 "-" "Mozilla/5.0 Jorgee"
111.100.104.205 - - [07/Oct/2017:14:05:16 +0000] "HEAD http://138.197.26.202:80/sql/sql/ HTTP/1.1" 301 291 "-" "Mozilla/5.0 Jorgee"
61.191.252.218 - - [07/Oct/2017:14:05:16 +0000] "POST /wp-login.php HTTP/1.1" 301 622 "-" "Mozilla/5.0 (Windows NT 6.1; rv:52.0) Gecko/20100101 Firefox/52.0"
111.100.104.205 - - [07/Oct/2017:14:05:16 +0000] "HEAD http://138.197.26.202:80/sql/myadmin/ HTTP/1.1" 301 295 "-" "Mozilla/5.0 Jorgee"
111.100.104.205 - - [07/Oct/2017:14:05:16 +0000] "HEAD http://138.197.26.202:80/sql/webadmin/ HTTP/1.1" 301 296 "-" "Mozilla/5.0 Jorgee"
111.100.104.205 - - [07/Oct/2017:14:05:16 +0000] "HEAD http://138.197.26.202:80/sql/sqlweb/ HTTP/1.1" 301 294 "-" "Mozilla/5.0 Jorgee"
111.100.104.205 - - [07/Oct/2017:14:05:17 +0000] "HEAD http://138.197.26.202:80/sql/websql/ HTTP/1.1" 301 294 "-" "Mozilla/5.0 Jorgee"
111.100.104.205 - - [07/Oct/2017:14:05:17 +0000] "HEAD http://138.197.26.202:80/sql/webdb/ HTTP/1.1" 301 293 "-" "Mozilla/5.0 Jorgee"
111.100.104.205 - - [07/Oct/2017:14:05:17 +0000] "HEAD http://138.197.26.202:80/sql/sqladmin/ HTTP/1.1" 301 296 "-" "Mozilla/5.0 Jorgee"
111.100.104.205 - - [07/Oct/2017:14:05:17 +0000] "HEAD http://138.197.26.202:80/sql/sql-admin/ HTTP/1.1" 301 297 "-" "Mozilla/5.0 Jorgee"
111.100.104.205 - - [07/Oct/2017:14:05:18 +0000] "HEAD http://138.197.26.202:80/sql/phpmyadmin2/ HTTP/1.1" 301 299 "-" "Mozilla/5.0 Jorgee"
111.100.104.205 - - [07/Oct/2017:14:05:18 +0000] "HEAD http://138.197.26.202:80/sql/phpMyAdmin2/ HTTP/1.1" 301 299 "-" "Mozilla/5.0 Jorgee"
111.100.104.205 - - [07/Oct/2017:14:05:18 +0000] "HEAD http://138.197.26.202:80/sql/phpMyAdmin/ HTTP/1.1" 301 298 "-" "Mozilla/5.0 Jorgee"
111.100.104.205 - - [07/Oct/2017:14:05:18 +0000] "HEAD http://138.197.26.202:80/db/myadmin/ HTTP/1.1" 301 294 "-" "Mozilla/5.0 Jorgee"
111.100.104.205 - - [07/Oct/2017:14:05:18 +0000] "HEAD http://138.197.26.202:80/db/webadmin/ HTTP/1.1" 301 295 "-" "Mozilla/5.0 Jorgee"
111.100.104.205 - - [07/Oct/2017:14:05:19 +0000] "HEAD http://138.197.26.202:80/db/dbweb/ HTTP/1.1" 301 292 "-" "Mozilla/5.0 Jorgee"
111.100.104.205 - - [07/Oct/2017:14:05:19 +0000] "HEAD http://138.197.26.202:80/db/websql/ HTTP/1.1" 301 293 "-" "Mozilla/5.0 Jorgee"
111.100.104.205 - - [07/Oct/2017:14:05:19 +0000] "HEAD http://138.197.26.202:80/db/webdb/ HTTP/1.1" 301 292 "-" "Mozilla/5.0 Jorgee"
111.100.104.205 - - [07/Oct/2017:14:05:19 +0000] "HEAD http://138.197.26.202:80/db/dbadmin/ HTTP/1.1" 301 294 "-" "Mozilla/5.0 Jorgee"
111.100.104.205 - - [07/Oct/2017:14:05:20 +0000] "HEAD http://138.197.26.202:80/db/db-admin/ HTTP/1.1" 301 295 "-" "Mozilla/5.0 Jorgee"
111.100.104.205 - - [07/Oct/2017:14:05:20 +0000] "HEAD http://138.197.26.202:80/db/phpmyadmin3/ HTTP/1.1" 301 298 "-" "Mozilla/5.0 Jorgee"
111.100.104.205 - - [07/Oct/2017:14:05:20 +0000] "HEAD http://138.197.26.202:80/db/phpMyAdmin3/ HTTP/1.1" 301 298 "-" "Mozilla/5.0 Jorgee"
111.100.104.205 - - [07/Oct/2017:14:05:20 +0000] "HEAD http://138.197.26.202:80/db/phpMyAdmin-3/ HTTP/1.1" 301 299 "-" "Mozilla/5.0 Jorgee"
111.100.104.205 - - [07/Oct/2017:14:05:20 +0000] "HEAD http://138.197.26.202:80/administrator/phpmyadmin/ HTTP/1.1" 301 308 "-" "Mozilla/5.0 Jorgee"
111.100.104.205 - - [07/Oct/2017:14:05:21 +0000] "HEAD http://138.197.26.202:80/administrator/phpMyAdmin/ HTTP/1.1" 301 308 "-" "Mozilla/5.0 Jorgee"
111.100.104.205 - - [07/Oct/2017:14:05:21 +0000] "HEAD http://138.197.26.202:80/administrator/db/ HTTP/1.1" 301 300 "-" "Mozilla/5.0 Jorgee"
111.100.104.205 - - [07/Oct/2017:14:05:21 +0000] "HEAD http://138.197.26.202:80/administrator/web/ HTTP/1.1" 301 301 "-" "Mozilla/5.0 Jorgee"
111.100.104.205 - - [07/Oct/2017:14:05:22 +0000] "HEAD http://138.197.26.202:80/administrator/pma/ HTTP/1.1" 301 301 "-" "Mozilla/5.0 Jorgee"
111.100.104.205 - - [07/Oct/2017:14:05:22 +0000] "HEAD http://138.197.26.202:80/administrator/PMA/ HTTP/1.1" 301 301 "-" "Mozilla/5.0 Jorgee"
111.100.104.205 - - [07/Oct/2017:14:05:22 +0000] "HEAD http://138.197.26.202:80/administrator/admin/ HTTP/1.1" 301 303 "-" "Mozilla/5.0 Jorgee"
111.100.104.205 - - [07/Oct/2017:14:05:22 +0000] "HEAD http://138.197.26.202:80/phpMyAdmin2/ HTTP/1.1" 301 295 "-" "Mozilla/5.0 Jorgee"
111.100.104.205 - - [07/Oct/2017:14:05:22 +0000] "HEAD http://138.197.26.202:80/phpMyAdmin3/ HTTP/1.1" 301 295 "-" "Mozilla/5.0 Jorgee"
111.100.104.205 - - [07/Oct/2017:14:05:22 +0000] "HEAD http://138.197.26.202:80/phpMyAdmin4/ HTTP/1.1" 301 295 "-" "Mozilla/5.0 Jorgee"
111.100.104.205 - - [07/Oct/2017:14:05:23 +0000] "HEAD http://138.197.26.202:80/phpMyAdmin-3/ HTTP/1.1" 301 296 "-" "Mozilla/5.0 Jorgee"
111.100.104.205 - - [07/Oct/2017:14:05:23 +0000] "HEAD http://138.197.26.202:80/php-my-admin/ HTTP/1.1" 301 296 "-" "Mozilla/5.0 Jorgee"
111.100.104.205 - - [07/Oct/2017:14:05:23 +0000] "HEAD http://138.197.26.202:80/PMA2011/ HTTP/1.1" 301 291 "-" "Mozilla/5.0 Jorgee"
111.100.104.205 - - [07/Oct/2017:14:05:23 +0000] "HEAD http://138.197.26.202:80/PMA2012/ HTTP/1.1" 301 291 "-" "Mozilla/5.0 Jorgee"
111.100.104.205 - - [07/Oct/2017:14:05:23 +0000] "HEAD http://138.197.26.202:80/PMA2013/ HTTP/1.1" 301 291 "-" "Mozilla/5.0 Jorgee"
111.100.104.205 - - [07/Oct/2017:14:05:24 +0000] "HEAD http://138.197.26.202:80/PMA2014/ HTTP/1.1" 301 291 "-" "Mozilla/5.0 Jorgee"
111.100.104.205 - - [07/Oct/2017:14:05:24 +0000] "HEAD http://138.197.26.202:80/PMA2015/ HTTP/1.1" 301 291 "-" "Mozilla/5.0 Jorgee"
111.100.104.205 - - [07/Oct/2017:14:05:24 +0000] "HEAD http://138.197.26.202:80/PMA2016/ HTTP/1.1" 301 291 "-" "Mozilla/5.0 Jorgee"
111.100.104.205 - - [07/Oct/2017:14:05:24 +0000] "HEAD http://138.197.26.202:80/PMA2017/ HTTP/1.1" 301 291 "-" "Mozilla/5.0 Jorgee"
111.100.104.205 - - [07/Oct/2017:14:05:25 +0000] "HEAD http://138.197.26.202:80/PMA2018/ HTTP/1.1" 301 291 "-" "Mozilla/5.0 Jorgee"
111.100.104.205 - - [07/Oct/2017:14:05:25 +0000] "HEAD http://138.197.26.202:80/pma2011/ HTTP/1.1" 301 291 "-" "Mozilla/5.0 Jorgee"
111.100.104.205 - - [07/Oct/2017:14:05:25 +0000] "HEAD http://138.197.26.202:80/pma2012/ HTTP/1.1" 301 291 "-" "Mozilla/5.0 Jorgee"
111.100.104.205 - - [07/Oct/2017:14:05:25 +0000] "HEAD http://138.197.26.202:80/pma2013/ HTTP/1.1" 301 291 "-" "Mozilla/5.0 Jorgee"
111.100.104.205 - - [07/Oct/2017:14:05:26 +0000] "HEAD http://138.197.26.202:80/pma2014/ HTTP/1.1" 301 290 "-" "Mozilla/5.0 Jorgee"
111.100.104.205 - - [07/Oct/2017:14:05:26 +0000] "HEAD http://138.197.26.202:80/pma2015/ HTTP/1.1" 301 290 "-" "Mozilla/5.0 Jorgee"
111.100.104.205 - - [07/Oct/2017:14:05:26 +0000] "HEAD http://138.197.26.202:80/pma2016/ HTTP/1.1" 301 290 "-" "Mozilla/5.0 Jorgee"
111.100.104.205 - - [07/Oct/2017:14:05:26 +0000] "HEAD http://138.197.26.202:80/pma2017/ HTTP/1.1" 301 290 "-" "Mozilla/5.0 Jorgee"
111.100.104.205 - - [07/Oct/2017:14:05:27 +0000] "HEAD http://138.197.26.202:80/pma2018/ HTTP/1.1" 301 290 "-" "Mozilla/5.0 Jorgee"
111.100.104.205 - - [07/Oct/2017:14:05:27 +0000] "HEAD http://138.197.26.202:80/phpmyadmin2011/ HTTP/1.1" 301 297 "-" "Mozilla/5.0 Jorgee"
111.100.104.205 - - [07/Oct/2017:14:05:27 +0000] "HEAD http://138.197.26.202:80/phpmyadmin2012/ HTTP/1.1" 301 297 "-" "Mozilla/5.0 Jorgee"
111.100.104.205 - - [07/Oct/2017:14:05:27 +0000] "HEAD http://138.197.26.202:80/phpmyadmin2013/ HTTP/1.1" 301 297 "-" "Mozilla/5.0 Jorgee"
111.100.104.205 - - [07/Oct/2017:14:05:27 +0000] "HEAD http://138.197.26.202:80/phpmyadmin2014/ HTTP/1.1" 301 297 "-" "Mozilla/5.0 Jorgee"
114.199.112.138 - - [07/Oct/2017:14:05:28 +0000] "POST /wp-login.php HTTP/1.1" 301 622 "-" "Mozilla/5.0 (Windows NT 6.1; rv:52.0) Gecko/20100101 Firefox/52.0"
111.100.104.205 - - [07/Oct/2017:14:05:28 +0000] "HEAD http://138.197.26.202:80/phpmyadmin2015/ HTTP/1.1" 301 262 "-" "Mozilla/5.0 Jorgee"
111.100.104.205 - - [07/Oct/2017:14:05:28 +0000] "HEAD http://138.197.26.202:80/phpmyadmin2017/ HTTP/1.1" 301 299 "-" "Mozilla/5.0 Jorgee"
114.199.112.138 - - [07/Oct/2017:14:05:29 +0000] "POST /wp-login.php HTTP/1.1" 301 621 "-" "Mozilla/5.0 (Windows NT 6.1; rv:52.0) Gecko/20100101 Firefox/52.0"
111.100.104.205 - - [07/Oct/2017:14:05:30 +0000] "HEAD http://138.197.26.202:80/phpmyadmin2018/ HTTP/1.1" 301 299 "-" "Mozilla/5.0 Jorgee"
114.199.112.138 - - [07/Oct/2017:14:05:31 +0000] "POST /wp-login.php HTTP/1.1" 301 621 "-" "Mozilla/5.0 (Windows NT 6.1; rv:52.0) Gecko/20100101 Firefox/52.0"
111.100.104.205 - - [07/Oct/2017:14:05:31 +0000] "HEAD http://138.197.26.202:80/phpmanager/ HTTP/1.1" 301 295 "-" "Mozilla/5.0 Jorgee"
114.199.112.138 - - [07/Oct/2017:14:05:31 +0000] "POST /wp-login.php HTTP/1.1" 301 621 "-" "Mozilla/5.0 (Windows NT 6.1; rv:52.0) Gecko/20100101 Firefox/52.0"
114.199.112.138 - - [07/Oct/2017:14:05:32 +0000] "POST /wp-login.php HTTP/1.1" 301 621 "-" "Mozilla/5.0 (Windows NT 6.1; rv:52.0) Gecko/20100101 Firefox/52.0"
114.199.112.138 - - [07/Oct/2017:14:05:33 +0000] "POST /wp-login.php HTTP/1.1" 301 621 "-" "Mozilla/5.0 (Windows NT 6.1; rv:52.0) Gecko/20100101 Firefox/52.0"
114.199.112.138 - - [07/Oct/2017:14:05:33 +0000] "POST /wp-login.php HTTP/1.1" 301 621 "-" "Mozilla/5.0 (Windows NT 6.1; rv:52.0) Gecko/20100101 Firefox/52.0"
114.199.112.138 - - [07/Oct/2017:14:05:34 +0000] "POST /wp-login.php HTTP/1.1" 301 621 "-" "Mozilla/5.0 (Windows NT 6.1; rv:52.0) Gecko/20100101 Firefox/52.0"
114.199.112.138 - - [07/Oct/2017:14:05:35 +0000] "POST /wp-login.php HTTP/1.1" 301 621 "-" "Mozilla/5.0 (Windows NT 6.1; rv:52.0) Gecko/20100101 Firefox/52.0"
114.199.112.138 - - [07/Oct/2017:14:05:36 +0000] "POST /wp-login.php HTTP/1.1" 301 621 "-" "Mozilla/5.0 (Windows NT 6.1; rv:52.0) Gecko/20100101 Firefox/52.0"
114.199.112.138 - - [07/Oct/2017:14:05:38 +0000] "POST /wp-login.php HTTP/1.1" 301 621 "-" "Mozilla/5.0 (Windows NT 6.1; rv:52.0) Gecko/20100101 Firefox/52.0"
114.199.112.138 - - [07/Oct/2017:14:05:38 +0000] "POST /wp-login.php HTTP/1.1" 301 621 "-" "Mozilla/5.0 (Windows NT 6.1; rv:52.0) Gecko/20100101 Firefox/52.0"
114.199.112.138 - - [07/Oct/2017:14:05:40 +0000] "POST /wp-login.php HTTP/1.1" 301 621 "-" "Mozilla/5.0 (Windows NT 6.1; rv:52.0) Gecko/20100101 Firefox/52.0"
114.199.112.138 - - [07/Oct/2017:14:05:41 +0000] "POST /wp-login.php HTTP/1.1" 301 621 "-" "Mozilla/5.0 (Windows NT 6.1; rv:52.0) Gecko/20100101 Firefox/52.0"
114.199.112.138 - - [07/Oct/2017:14:05:42 +0000] "POST /wp-login.php HTTP/1.1" 301 621 "-" "Mozilla/5.0 (Windows NT 6.1; rv:52.0) Gecko/20100101 Firefox/52.0"
114.199.112.138 - - [07/Oct/2017:14:05:43 +0000] "POST /wp-login.php HTTP/1.1" 301 621 "-" "Mozilla/5.0 (Windows NT 6.1; rv:52.0) Gecko/20100101 Firefox/52.0"
114.199.112.138 - - [07/Oct/2017:14:05:44 +0000] "POST /wp-login.php HTTP/1.1" 301 621 "-" "Mozilla/5.0 (Windows NT 6.1; rv:52.0) Gecko/20100101 Firefox/52.0"
114.199.112.138 - - [07/Oct/2017:14:05:44 +0000] "POST /wp-login.php HTTP/1.1" 301 621 "-" "Mozilla/5.0 (Windows NT 6.1; rv:52.0) Gecko/20100101 Firefox/52.0"
114.199.112.138 - - [07/Oct/2017:14:05:45 +0000] "POST /wp-login.php HTTP/1.1" 301 621 "-" "Mozilla/5.0 (Windows NT 6.1; rv:52.0) Gecko/20100101 Firefox/52.0"
114.199.112.138 - - [07/Oct/2017:14:05:46 +0000] "POST /wp-login.php HTTP/1.1" 301 621 "-" "Mozilla/5.0 (Windows NT 6.1; rv:52.0) Gecko/20100101 Firefox/52.0"
114.199.112.138 - - [07/Oct/2017:14:05:47 +0000] "POST /wp-login.php HTTP/1.1" 301 621 "-" "Mozilla/5.0 (Windows NT 6.1; rv:52.0) Gecko/20100101 Firefox/52.0"
114.199.112.138 - - [07/Oct/2017:14:05:48 +0000] "POST /wp-login.php HTTP/1.1" 301 621 "-" "Mozilla/5.0 (Windows NT 6.1; rv:52.0) Gecko/20100101 Firefox/52.0"
114.199.112.138 - - [07/Oct/2017:14:05:50 +0000] "POST /wp-login.php HTTP/1.1" 301 621 "-" "Mozilla/5.0 (Windows NT 6.1; rv:52.0) Gecko/20100101 Firefox/52.0"
114.199.112.138 - - [07/Oct/2017:14:05:51 +0000] "POST /wp-login.php HTTP/1.1" 301 621 "-" "Mozilla/5.0 (Windows NT 6.1; rv:52.0) Gecko/20100101 Firefox/52.0"
114.199.112.138 - - [07/Oct/2017:14:05:52 +0000] "POST /wp-login.php HTTP/1.1" 301 621 "-" "Mozilla/5.0 (Windows NT 6.1; rv:52.0) Gecko/20100101 Firefox/52.0"
114.199.112.138 - - [07/Oct/2017:14:05:53 +0000] "POST /wp-login.php HTTP/1.1" 301 621 "-" "Mozilla/5.0 (Windows NT 6.1; rv:52.0) Gecko/20100101 Firefox/52.0"
114.199.112.138 - - [07/Oct/2017:14:05:54 +0000] "POST /wp-login.php HTTP/1.1" 301 621 "-" "Mozilla/5.0 (Windows NT 6.1; rv:52.0) Gecko/20100101 Firefox/52.0"
114.199.112.138 - - [07/Oct/2017:14:05:54 +0000] "POST /wp-login.php HTTP/1.1" 301 621 "-" "Mozilla/5.0 (Windows NT 6.1; rv:52.0) Gecko/20100101 Firefox/52.0"
114.199.112.138 - - [07/Oct/2017:14:05:56 +0000] "POST /wp-login.php HTTP/1.1" 301 621 "-" "Mozilla/5.0 (Windows NT 6.1; rv:52.0) Gecko/20100101 Firefox/52.0"
114.199.112.138 - - [07/Oct/2017:14:05:57 +0000] "POST /wp-login.php HTTP/1.1" 301 621 "-" "Mozilla/5.0 (Windows NT 6.1; rv:52.0) Gecko/20100101 Firefox/52.0"
114.199.112.138 - - [07/Oct/2017:14:05:58 +0000] "POST /wp-login.php HTTP/1.1" 301 621 "-" "Mozilla/5.0 (Windows NT 6.1; rv:52.0) Gecko/20100101 Firefox/52.0"
114.199.112.138 - - [07/Oct/2017:14:05:59 +0000] "POST /wp-login.php HTTP/1.1" 301 621 "-" "Mozilla/5.0 (Windows NT 6.1; rv:52.0) Gecko/20100101 Firefox/52.0"
114.199.112.138 - - [07/Oct/2017:14:06:00 +0000] "POST /wp-login.php HTTP/1.1" 301 621 "-" "Mozilla/5.0 (Windows NT 6.1; rv:52.0) Gecko/20100101 Firefox/52.0"
114.199.112.138 - - [07/Oct/2017:14:06:01 +0000] "POST /wp-login.php HTTP/1.1" 301 621 "-" "Mozilla/5.0 (Windows NT 6.1; rv:52.0) Gecko/20100101 Firefox/52.0"
114.199.112.138 - - [07/Oct/2017:14:06:02 +0000] "POST /wp-login.php HTTP/1.1" 301 621 "-" "Mozilla/5.0 (Windows NT 6.1; rv:52.0) Gecko/20100101 Firefox/52.0"
114.199.112.138 - - [07/Oct/2017:14:06:03 +0000] "POST /wp-login.php HTTP/1.1" 301 621 "-" "Mozilla/5.0 (Windows NT 6.1; rv:52.0) Gecko/20100101 Firefox/52.0"
114.199.112.138 - - [07/Oct/2017:14:06:04 +0000] "POST /wp-login.php HTTP/1.1" 301 621 "-" "Mozilla/5.0 (Windows NT 6.1; rv:52.0) Gecko/20100101 Firefox/52.0"
114.199.112.138 - - [07/Oct/2017:14:06:06 +0000] "POST /wp-login.php HTTP/1.1" 301 621 "-" "Mozilla/5.0 (Windows NT 6.1; rv:52.0) Gecko/20100101 Firefox/52.0"
114.199.112.138 - - [07/Oct/2017:14:06:08 +0000] "POST /wp-login.php HTTP/1.1" 301 621 "-" "Mozilla/5.0 (Windows NT 6.1; rv:52.0) Gecko/20100101 Firefox/52.0"
114.199.112.138 - - [07/Oct/2017:14:06:09 +0000] "POST /wp-login.php HTTP/1.1" 301 621 "-" "Mozilla/5.0 (Windows NT 6.1; rv:52.0) Gecko/20100101 Firefox/52.0"
114.199.112.138 - - [07/Oct/2017:14:06:10 +0000] "POST /wp-login.php HTTP/1.1" 301 621 "-" "Mozilla/5.0 (Windows NT 6.1; rv:52.0) Gecko/20100101 Firefox/52.0"
114.199.112.138 - - [07/Oct/2017:14:06:11 +0000] "POST /wp-login.php HTTP/1.1" 301 621 "-" "Mozilla/5.0 (Windows NT 6.1; rv:52.0) Gecko/20100101 Firefox/52.0"
114.199.112.138 - - [07/Oct/2017:14:06:12 +0000] "POST /wp-login.php HTTP/1.1" 301 621 "-" "Mozilla/5.0 (Windows NT 6.1; rv:52.0) Gecko/20100101 Firefox/52.0"
114.199.112.138 - - [07/Oct/2017:14:06:14 +0000] "POST /wp-login.php HTTP/1.1" 301 621 "-" "Mozilla/5.0 (Windows NT 6.1; rv:52.0) Gecko/20100101 Firefox/52.0"
114.199.112.138 - - [07/Oct/2017:14:06:15 +0000] "POST /wp-login.php HTTP/1.1" 301 621 "-" "Mozilla/5.0 (Windows NT 6.1; rv:52.0) Gecko/20100101 Firefox/52.0"
114.199.112.138 - - [07/Oct/2017:14:06:16 +0000] "POST /wp-login.php HTTP/1.1" 301 621 "-" "Mozilla/5.0 (Windows NT 6.1; rv:52.0) Gecko/20100101 Firefox/52.0"
114.199.112.138 - - [07/Oct/2017:14:06:17 +0000] "POST /wp-login.php HTTP/1.1" 301 621 "-" "Mozilla/5.0 (Windows NT 6.1; rv:52.0) Gecko/20100101 Firefox/52.0"
114.199.112.138 - - [07/Oct/2017:14:06:18 +0000] "POST /wp-login.php HTTP/1.1" 301 621 "-" "Mozilla/5.0 (Windows NT 6.1; rv:52.0) Gecko/20100101 Firefox/52.0"
114.199.112.138 - - [07/Oct/2017:14:06:19 +0000] "POST /wp-login.php HTTP/1.1" 301 621 "-" "Mozilla/5.0 (Windows NT 6.1; rv:52.0) Gecko/20100101 Firefox/52.0"
114.199.112.138 - - [07/Oct/2017:14:06:20 +0000] "POST /wp-login.php HTTP/1.1" 301 621 "-" "Mozilla/5.0 (Windows NT 6.1; rv:52.0) Gecko/20100101 Firefox/52.0"
114.199.112.138 - - [07/Oct/2017:14:06:22 +0000] "POST /wp-login.php HTTP/1.1" 301 621 "-" "Mozilla/5.0 (Windows NT 6.1; rv:52.0) Gecko/20100101 Firefox/52.0"
114.199.112.138 - - [07/Oct/2017:14:06:24 +0000] "POST /wp-login.php HTTP/1.1" 301 621 "-" "Mozilla/5.0 (Windows NT 6.1; rv:52.0) Gecko/20100101 Firefox/52.0"
114.199.112.138 - - [07/Oct/2017:14:06:25 +0000] "POST /wp-login.php HTTP/1.1" 301 621 "-" "Mozilla/5.0 (Windows NT 6.1; rv:52.0) Gecko/20100101 Firefox/52.0"
114.199.112.138 - - [07/Oct/2017:14:06:26 +0000] "POST /wp-login.php HTTP/1.1" 301 621 "-" "Mozilla/5.0 (Windows NT 6.1; rv:52.0) Gecko/20100101 Firefox/52.0"
114.199.112.138 - - [07/Oct/2017:14:06:27 +0000] "POST /wp-login.php HTTP/1.1" 301 621 "-" "Mozilla/5.0 (Windows NT 6.1; rv:52.0) Gecko/20100101 Firefox/52.0"
114.199.112.138 - - [07/Oct/2017:14:06:27 +0000] "POST /wp-login.php HTTP/1.1" 301 621 "-" "Mozilla/5.0 (Windows NT 6.1; rv:52.0) Gecko/20100101 Firefox/52.0"
114.199.112.138 - - [07/Oct/2017:14:06:28 +0000] "POST /wp-login.php HTTP/1.1" 301 621 "-" "Mozilla/5.0 (Windows NT 6.1; rv:52.0) Gecko/20100101 Firefox/52.0"
114.199.112.138 - - [07/Oct/2017:14:06:29 +0000] "POST /wp-login.php HTTP/1.1" 301 621 "-" "Mozilla/5.0 (Windows NT 6.1; rv:52.0) Gecko/20100101 Firefox/52.0"
114.199.112.138 - - [07/Oct/2017:14:06:31 +0000] "POST /wp-login.php HTTP/1.1" 301 621 "-" "Mozilla/5.0 (Windows NT 6.1; rv:52.0) Gecko/20100101 Firefox/52.0"
114.199.112.138 - - [07/Oct/2017:14:06:32 +0000] "POST /wp-login.php HTTP/1.1" 301 621 "-" "Mozilla/5.0 (Windows NT 6.1; rv:52.0) Gecko/20100101 Firefox/52.0"
114.199.112.138 - - [07/Oct/2017:14:06:33 +0000] "POST /wp-login.php HTTP/1.1" 301 621 "-" "Mozilla/5.0 (Windows NT 6.1; rv:52.0) Gecko/20100101 Firefox/52.0"
114.199.112.138 - - [07/Oct/2017:14:06:34 +0000] "POST /wp-login.php HTTP/1.1" 301 621 "-" "Mozilla/5.0 (Windows NT 6.1; rv:52.0) Gecko/20100101 Firefox/52.0"
114.199.112.138 - - [07/Oct/2017:14:06:35 +0000] "POST /wp-login.php HTTP/1.1" 301 621 "-" "Mozilla/5.0 (Windows NT 6.1; rv:52.0) Gecko/20100101 Firefox/52.0"
114.199.112.138 - - [07/Oct/2017:14:06:36 +0000] "POST /wp-login.php HTTP/1.1" 301 621 "-" "Mozilla/5.0 (Windows NT 6.1; rv:52.0) Gecko/20100101 Firefox/52.0"
103.31.83.10 - - [07/Oct/2017:14:06:38 +0000] "GET /wp-login.php HTTP/1.1" 301 625 "-" "Mozilla/5.0 (Windows NT 6.1; WOW64; rv:40.0) Gecko/20100101 Firefox/40.1"
114.199.112.138 - - [07/Oct/2017:14:06:38 +0000] "POST /wp-login.php HTTP/1.1" 301 621 "-" "Mozilla/5.0 (Windows NT 6.1; rv:52.0) Gecko/20100101 Firefox/52.0"
103.31.83.10 - - [07/Oct/2017:14:06:39 +0000] "GET /wp-login.php HTTP/1.1" 301 4186 "-" "Mozilla/5.0 (Windows NT 6.1; WOW64; rv:40.0) Gecko/20100101 Firefox/40.1"
114.199.112.138 - - [07/Oct/2017:14:06:40 +0000] "POST /wp-login.php HTTP/1.1" 301 621 "-" "Mozilla/5.0 (Windows NT 6.1; rv:52.0) Gecko/20100101 Firefox/52.0"
114.199.112.138 - - [07/Oct/2017:14:06:41 +0000] "POST /wp-login.php HTTP/1.1" 301 621 "-" "Mozilla/5.0 (Windows NT 6.1; rv:52.0) Gecko/20100101 Firefox/52.0"
103.31.83.10 - - [07/Oct/2017:14:06:41 +0000] "GET / HTTP/1.1" 301 600 "-" "Mozilla/5.0 (Windows NT 6.1; WOW64; rv:40.0) Gecko/20100101 Firefox/40.1"
103.31.83.10 - - [07/Oct/2017:14:06:42 +0000] "GET / HTTP/1.1" 301 679 "-" "Mozilla/5.0 (Windows NT 6.1; WOW64; rv:40.0) Gecko/20100101 Firefox/40.1"
114.199.112.138 - - [07/Oct/2017:14:06:42 +0000] "POST /wp-login.php HTTP/1.1" 301 621 "-" "Mozilla/5.0 (Windows NT 6.1; rv:52.0) Gecko/20100101 Firefox/52.0"
114.199.112.138 - - [07/Oct/2017:14:06:44 +0000] "POST /wp-login.php HTTP/1.1" 301 621 "-" "Mozilla/5.0 (Windows NT 6.1; rv:52.0) Gecko/20100101 Firefox/52.0"
114.199.112.138 - - [07/Oct/2017:14:06:45 +0000] "POST /wp-login.php HTTP/1.1" 301 621 "-" "Mozilla/5.0 (Windows NT 6.1; rv:52.0) Gecko/20100101 Firefox/52.0"
67.222.96.115 - - [07/Oct/2017:14:06:46 +0000] "GET /news/wp-login.php HTTP/1.1" 301 588 "-" "Mozilla/5.0 (Windows NT 6.1; Win64; x64) AppleWebKit/537.36 (KHTML, like Gecko) Chrome/61.0.3163.100 Safari/537.36"
67.222.96.115 - - [07/Oct/2017:14:06:47 +0000] "GET /news/wp-login.php HTTP/1.1" 301 3950 "-" "Mozilla/5.0 (Windows NT 6.1; Win64; x64) AppleWebKit/537.36 (KHTML, like Gecko) Chrome/61.0.3163.100 Safari/537.36"
114.199.112.138 - - [07/Oct/2017:14:06:47 +0000] "POST /wp-login.php HTTP/1.1" 301 621 "-" "Mozilla/5.0 (Windows NT 6.1; rv:52.0) Gecko/20100101 Firefox/52.0"
114.199.112.138 - - [07/Oct/2017:14:06:48 +0000] "POST /wp-login.php HTTP/1.1" 301 621 "-" "Mozilla/5.0 (Windows NT 6.1; rv:52.0) Gecko/20100101 Firefox/52.0"
114.199.112.138 - - [07/Oct/2017:14:06:49 +0000] "POST /wp-login.php HTTP/1.1" 301 621 "-" "Mozilla/5.0 (Windows NT 6.1; rv:52.0) Gecko/20100101 Firefox/52.0"
114.199.112.138 - - [07/Oct/2017:14:06:50 +0000] "POST /wp-login.php HTTP/1.1" 301 621 "-" "Mozilla/5.0 (Windows NT 6.1; rv:52.0) Gecko/20100101 Firefox/52.0"
114.199.112.138 - - [07/Oct/2017:14:06:51 +0000] "POST /wp-login.php HTTP/1.1" 301 621 "-" "Mozilla/5.0 (Windows NT 6.1; rv:52.0) Gecko/20100101 Firefox/52.0"
114.199.112.138 - - [07/Oct/2017:14:06:52 +0000] "POST /wp-login.php HTTP/1.1" 301 621 "-" "Mozilla/5.0 (Windows NT 6.1; rv:52.0) Gecko/20100101 Firefox/52.0"
114.199.112.138 - - [07/Oct/2017:14:06:53 +0000] "POST /wp-login.php HTTP/1.1" 301 621 "-" "Mozilla/5.0 (Windows NT 6.1; rv:52.0) Gecko/20100101 Firefox/52.0"
114.199.112.138 - - [07/Oct/2017:14:06:54 +0000] "POST /wp-login.php HTTP/1.1" 301 621 "-" "Mozilla/5.0 (Windows NT 6.1; rv:52.0) Gecko/20100101 Firefox/52.0"
114.199.112.138 - - [07/Oct/2017:14:06:55 +0000] "POST /wp-login.php HTTP/1.1" 301 621 "-" "Mozilla/5.0 (Windows NT 6.1; rv:52.0) Gecko/20100101 Firefox/52.0"
114.199.112.138 - - [07/Oct/2017:14:06:56 +0000] "POST /wp-login.php HTTP/1.1" 301 621 "-" "Mozilla/5.0 (Windows NT 6.1; rv:52.0) Gecko/20100101 Firefox/52.0"
114.199.112.138 - - [07/Oct/2017:14:06:58 +0000] "POST /wp-login.php HTTP/1.1" 301 621 "-" "Mozilla/5.0 (Windows NT 6.1; rv:52.0) Gecko/20100101 Firefox/52.0"
114.199.112.138 - - [07/Oct/2017:14:06:59 +0000] "POST /wp-login.php HTTP/1.1" 301 621 "-" "Mozilla/5.0 (Windows NT 6.1; rv:52.0) Gecko/20100101 Firefox/52.0"
114.199.112.138 - - [07/Oct/2017:14:07:01 +0000] "POST /wp-login.php HTTP/1.1" 301 621 "-" "Mozilla/5.0 (Windows NT 6.1; rv:52.0) Gecko/20100101 Firefox/52.0"
114.199.112.138 - - [07/Oct/2017:14:07:02 +0000] "POST /wp-login.php HTTP/1.1" 301 621 "-" "Mozilla/5.0 (Windows NT 6.1; rv:52.0) Gecko/20100101 Firefox/52.0"
114.199.112.138 - - [07/Oct/2017:14:07:03 +0000] "POST /wp-login.php HTTP/1.1" 301 621 "-" "Mozilla/5.0 (Windows NT 6.1; rv:52.0) Gecko/20100101 Firefox/52.0"
114.199.112.138 - - [07/Oct/2017:14:07:05 +0000] "POST /wp-login.php HTTP/1.1" 301 621 "-" "Mozilla/5.0 (Windows NT 6.1; rv:52.0) Gecko/20100101 Firefox/52.0"
114.199.112.138 - - [07/Oct/2017:14:07:06 +0000] "POST /wp-login.php HTTP/1.1" 301 621 "-" "Mozilla/5.0 (Windows NT 6.1; rv:52.0) Gecko/20100101 Firefox/52.0"
114.199.112.138 - - [07/Oct/2017:14:07:07 +0000] "POST /wp-login.php HTTP/1.1" 301 621 "-" "Mozilla/5.0 (Windows NT 6.1; rv:52.0) Gecko/20100101 Firefox/52.0"
114.199.112.138 - - [07/Oct/2017:14:07:09 +0000] "POST /wp-login.php HTTP/1.1" 301 621 "-" "Mozilla/5.0 (Windows NT 6.1; rv:52.0) Gecko/20100101 Firefox/52.0"
114.199.112.138 - - [07/Oct/2017:14:07:10 +0000] "POST /wp-login.php HTTP/1.1" 301 621 "-" "Mozilla/5.0 (Windows NT 6.1; rv:52.0) Gecko/20100101 Firefox/52.0"
114.199.112.138 - - [07/Oct/2017:14:07:12 +0000] "POST /wp-login.php HTTP/1.1" 301 621 "-" "Mozilla/5.0 (Windows NT 6.1; rv:52.0) Gecko/20100101 Firefox/52.0"
114.199.112.138 - - [07/Oct/2017:14:07:15 +0000] "POST /wp-login.php HTTP/1.1" 301 620 "-" "Mozilla/5.0 (Windows NT 6.1; rv:52.0) Gecko/20100101 Firefox/52.0"
114.199.112.138 - - [07/Oct/2017:14:07:17 +0000] "POST /wp-login.php HTTP/1.1" 301 620 "-" "Mozilla/5.0 (Windows NT 6.1; rv:52.0) Gecko/20100101 Firefox/52.0"
114.199.112.138 - - [07/Oct/2017:14:07:18 +0000] "POST /wp-login.php HTTP/1.1" 301 620 "-" "Mozilla/5.0 (Windows NT 6.1; rv:52.0) Gecko/20100101 Firefox/52.0"
114.199.112.138 - - [07/Oct/2017:14:07:20 +0000] "POST /wp-login.php HTTP/1.1" 301 620 "-" "Mozilla/5.0 (Windows NT 6.1; rv:52.0) Gecko/20100101 Firefox/52.0"
114.199.112.138 - - [07/Oct/2017:14:07:21 +0000] "POST /wp-login.php HTTP/1.1" 301 620 "-" "Mozilla/5.0 (Windows NT 6.1; rv:52.0) Gecko/20100101 Firefox/52.0"
114.199.112.138 - - [07/Oct/2017:14:07:22 +0000] "POST /wp-login.php HTTP/1.1" 301 620 "-" "Mozilla/5.0 (Windows NT 6.1; rv:52.0) Gecko/20100101 Firefox/52.0"
67.222.96.115 - - [07/Oct/2017:14:07:52 +0000] "GET /wp-login.php HTTP/1.1" 301 643 "-" "Mozilla/5.0 (Windows NT 6.1; Win64; x64) AppleWebKit/537.36 (KHTML, like Gecko) Chrome/61.0.3163.100 Safari/537.36"
67.222.96.115 - - [07/Oct/2017:14:08:44 +0000] "GET /wordpress/wp-login.php HTTP/1.1" 301 663 "-" "Mozilla/5.0 (Windows NT 6.1; Win64; x64) AppleWebKit/537.36 (KHTML, like Gecko) Chrome/61.0.3163.100 Safari/537.36"
67.222.96.115 - - [07/Oct/2017:14:10:07 +0000] "GET /blogs/wp-login.php HTTP/1.1" 301 578 "-" "Mozilla/5.0 (Windows NT 6.1; Win64; x64) AppleWebKit/537.36 (KHTML, like Gecko) Chrome/61.0.3163.100 Safari/537.36"
67.222.96.115 - - [07/Oct/2017:14:10:07 +0000] "GET /blogs/wp-login.php HTTP/1.1" 301 3948 "-" "Mozilla/5.0 (Windows NT 6.1; Win64; x64) AppleWebKit/537.36 (KHTML, like Gecko) Chrome/61.0.3163.100 Safari/537.36"
103.31.83.10 - - [07/Oct/2017:14:11:46 +0000] "GET /wp-login.php HTTP/1.1" 301 622 "-" "Mozilla/5.0 (Windows NT 6.1; WOW64; rv:40.0) Gecko/20100101 Firefox/40.1"
103.31.83.10 - - [07/Oct/2017:14:11:47 +0000] "GET /wp-login.php HTTP/1.1" 301 4167 "-" "Mozilla/5.0 (Windows NT 6.1; WOW64; rv:40.0) Gecko/20100101 Firefox/40.1"
103.31.83.10 - - [07/Oct/2017:14:11:51 +0000] "GET / HTTP/1.1" 301 597 "-" "Mozilla/5.0 (Windows NT 6.1; WOW64; rv:40.0) Gecko/20100101 Firefox/40.1"
103.31.83.10 - - [07/Oct/2017:14:11:51 +0000] "GET / HTTP/1.1" 301 676 "-" "Mozilla/5.0 (Windows NT 6.1; WOW64; rv:40.0) Gecko/20100101 Firefox/40.1"
103.31.83.10 - - [07/Oct/2017:14:12:53 +0000] "GET /wp-login.php HTTP/1.1" 301 622 "-" "Mozilla/5.0 (Windows NT 6.1; WOW64; rv:40.0) Gecko/20100101 Firefox/40.1"
103.31.83.10 - - [07/Oct/2017:14:13:15 +0000] "GET /wp-login.php HTTP/1.1" 301 4167 "-" "Mozilla/5.0 (Windows NT 6.1; WOW64; rv:40.0) Gecko/20100101 Firefox/40.1"
67.222.96.115 - - [07/Oct/2017:14:13:36 +0000] "GET /wordpress/wp-login.php HTTP/1.1" 301 586 "-" "Mozilla/5.0 (Windows NT 6.1; Win64; x64) AppleWebKit/537.36 (KHTML, like Gecko) Chrome/61.0.3163.100 Safari/537.36"
67.222.96.115 - - [07/Oct/2017:14:13:36 +0000] "GET /wordpress/wp-login.php HTTP/1.1" 301 3956 "-" "Mozilla/5.0 (Windows NT 6.1; Win64; x64) AppleWebKit/537.36 (KHTML, like Gecko) Chrome/61.0.3163.100 Safari/537.36"
103.31.83.10 - - [07/Oct/2017:14:13:42 +0000] "GET /wp-login.php HTTP/1.1" 301 622 "-" "Mozilla/5.0 (Windows NT 6.1; WOW64; rv:40.0) Gecko/20100101 Firefox/40.1"
103.31.83.10 - - [07/Oct/2017:14:13:43 +0000] "GET /wp-login.php HTTP/1.1" 301 806 "-" "Mozilla/5.0 (Windows NT 6.1; WOW64; rv:40.0) Gecko/20100101 Firefox/40.1"
103.31.83.10 - - [07/Oct/2017:14:13:46 +0000] "GET / HTTP/1.1" 301 597 "-" "Mozilla/5.0 (Windows NT 6.1; WOW64; rv:40.0) Gecko/20100101 Firefox/40.1"
103.31.83.10 - - [07/Oct/2017:14:13:46 +0000] "GET / HTTP/1.1" 301 676 "-" "Mozilla/5.0 (Windows NT 6.1; WOW64; rv:40.0) Gecko/20100101 Firefox/40.1"
73.131.134.220 - - [07/Oct/2017:14:14:46 +0000] "GET /regexp-crash-course/ HTTP/1.1" 301 638 "-" "Mozilla/5.0 (iPhone; CPU iPhone OS 11_0_2 like Mac OS X) AppleWebKit/604.1.38 (KHTML, like Gecko) Version/11.0 Mobile/15A421 Safari/604.1"
73.131.134.220 - - [07/Oct/2017:14:14:46 +0000] "GET /regexp-crash-course/ HTTP/1.1" 301 4003 "-" "Mozilla/5.0 (iPhone; CPU iPhone OS 11_0_2 like Mac OS X) AppleWebKit/604.1.38 (KHTML, like Gecko) Version/11.0 Mobile/15A421 Safari/604.1"
54.198.246.220 - - [07/Oct/2017:14:15:00 +0000] "GET / HTTP/1.1" 301 564 "-" "-"
54.198.246.220 - - [07/Oct/2017:14:15:00 +0000] "GET / HTTP/1.1" 301 4125 "http://weeklypythonexercise.com/" "-"
67.222.96.115 - - [07/Oct/2017:14:20:41 +0000] "GET /blog/wp-login.php HTTP/1.1" 301 653 "-" "Mozilla/5.0 (Windows NT 6.1; Win64; x64) AppleWebKit/537.36 (KHTML, like Gecko) Chrome/61.0.3163.100 Safari/537.36"
67.222.96.115 - - [07/Oct/2017:14:23:41 +0000] "GET /home/wp-login.php HTTP/1.1" 301 588 "-" "Mozilla/5.0 (Windows NT 6.1; Win64; x64) AppleWebKit/537.36 (KHTML, like Gecko) Chrome/61.0.3163.100 Safari/537.36"
67.222.96.115 - - [07/Oct/2017:14:23:42 +0000] "GET /home/wp-login.php HTTP/1.1" 301 3950 "-" "Mozilla/5.0 (Windows NT 6.1; Win64; x64) AppleWebKit/537.36 (KHTML, like Gecko) Chrome/61.0.3163.100 Safari/537.36"
92.86.50.149 - - [07/Oct/2017:14:26:10 +0000] "GET /wp-login.php HTTP/1.1" 301 622 "-" "Mozilla/5.0 (Windows NT 6.1; WOW64; rv:40.0) Gecko/20100101 Firefox/40.1"
92.86.50.149 - - [07/Oct/2017:14:26:11 +0000] "GET /wp-login.php HTTP/1.1" 301 3991 "-" "Mozilla/5.0 (Windows NT 6.1; WOW64; rv:40.0) Gecko/20100101 Firefox/40.1"
92.86.50.149 - - [07/Oct/2017:14:26:17 +0000] "GET /wp-login.php HTTP/1.1" 301 622 "-" "Mozilla/5.0 (Windows NT 6.1; WOW64; rv:40.0) Gecko/20100101 Firefox/40.1"
92.86.50.149 - - [07/Oct/2017:14:26:17 +0000] "GET /wp-login.php HTTP/1.1" 301 859 "-" "Mozilla/5.0 (Windows NT 6.1; WOW64; rv:40.0) Gecko/20100101 Firefox/40.1"
92.86.50.149 - - [07/Oct/2017:14:26:28 +0000] "GET / HTTP/1.1" 301 598 "-" "Mozilla/5.0 (Windows NT 6.1; WOW64; rv:40.0) Gecko/20100101 Firefox/40.1"
92.86.50.149 - - [07/Oct/2017:14:26:29 +0000] "GET / HTTP/1.1" 301 827 "-" "Mozilla/5.0 (Windows NT 6.1; WOW64; rv:40.0) Gecko/20100101 Firefox/40.1"
67.222.96.115 - - [07/Oct/2017:14:26:29 +0000] "GET /web/wp-login.php HTTP/1.1" 301 574 "-" "Mozilla/5.0 (Windows NT 6.1; Win64; x64) AppleWebKit/537.36 (KHTML, like Gecko) Chrome/61.0.3163.100 Safari/537.36"
67.222.96.115 - - [07/Oct/2017:14:26:30 +0000] "GET /web/wp-login.php HTTP/1.1" 301 3944 "-" "Mozilla/5.0 (Windows NT 6.1; Win64; x64) AppleWebKit/537.36 (KHTML, like Gecko) Chrome/61.0.3163.100 Safari/537.36"
124.40.246.234 - - [07/Oct/2017:14:26:46 +0000] "GET /wp-login.php HTTP/1.1" 301 622 "-" "Mozilla/5.0 (Windows NT 6.1; WOW64; rv:40.0) Gecko/20100101 Firefox/40.1"
124.40.246.234 - - [07/Oct/2017:14:26:47 +0000] "GET /wp-login.php HTTP/1.1" 301 3986 "-" "Mozilla/5.0 (Windows NT 6.1; WOW64; rv:40.0) Gecko/20100101 Firefox/40.1"
124.40.246.234 - - [07/Oct/2017:14:26:53 +0000] "GET /wp-login.php HTTP/1.1" 301 622 "-" "Mozilla/5.0 (Windows NT 6.1; WOW64; rv:40.0) Gecko/20100101 Firefox/40.1"
124.40.246.234 - - [07/Oct/2017:14:26:54 +0000] "GET /wp-login.php HTTP/1.1" 301 852 "-" "Mozilla/5.0 (Windows NT 6.1; WOW64; rv:40.0) Gecko/20100101 Firefox/40.1"
124.40.246.234 - - [07/Oct/2017:14:26:59 +0000] "GET / HTTP/1.1" 301 598 "-" "Mozilla/5.0 (Windows NT 6.1; WOW64; rv:40.0) Gecko/20100101 Firefox/40.1"
124.40.246.234 - - [07/Oct/2017:14:27:00 +0000] "GET / HTTP/1.1" 301 820 "-" "Mozilla/5.0 (Windows NT 6.1; WOW64; rv:40.0) Gecko/20100101 Firefox/40.1"
67.222.96.115 - - [07/Oct/2017:14:27:36 +0000] "GET /cms/wp-login.php HTTP/1.1" 301 651 "-" "Mozilla/5.0 (Windows NT 6.1; Win64; x64) AppleWebKit/537.36 (KHTML, like Gecko) Chrome/61.0.3163.100 Safari/537.36"
67.222.96.115 - - [07/Oct/2017:14:28:14 +0000] "GET /wp-login.php HTTP/1.1" 301 643 "-" "Mozilla/5.0 (Windows NT 6.1; Win64; x64) AppleWebKit/537.36 (KHTML, like Gecko) Chrome/61.0.3163.100 Safari/537.36"
67.222.96.115 - - [07/Oct/2017:14:29:55 +0000] "GET /main/wp-login.php HTTP/1.1" 301 653 "-" "Mozilla/5.0 (Windows NT 6.1; Win64; x64) AppleWebKit/537.36 (KHTML, like Gecko) Chrome/61.0.3163.100 Safari/537.36"
54.198.246.220 - - [07/Oct/2017:14:31:14 +0000] "GET / HTTP/1.1" 301 564 "-" "-"
54.198.246.220 - - [07/Oct/2017:14:31:14 +0000] "GET / HTTP/1.1" 301 4125 "http://weeklypythonexercise.com/" "-"
67.222.96.115 - - [07/Oct/2017:14:31:44 +0000] "GET /site/wp-login.php HTTP/1.1" 301 588 "-" "Mozilla/5.0 (Windows NT 6.1; Win64; x64) AppleWebKit/537.36 (KHTML, like Gecko) Chrome/61.0.3163.100 Safari/537.36"
67.222.96.115 - - [07/Oct/2017:14:31:45 +0000] "GET /site/wp-login.php HTTP/1.1" 301 3950 "-" "Mozilla/5.0 (Windows NT 6.1; Win64; x64) AppleWebKit/537.36 (KHTML, like Gecko) Chrome/61.0.3163.100 Safari/537.36"
209.90.225.218 - - [07/Oct/2017:14:35:00 +0000] "GET /modules/mod_artuploader/upload.php HTTP/1.1" 301 629 "http://practicemakesregexp.com/modules/mod_artuploader/upload.php" "Mozilla/5.0 (Windows NT 6.1; WOW64) AppleWebKit/537.36 (KHTML, like Gecko) Chrome/42.0.2311.152 Safari/537.36"
209.90.225.218 - - [07/Oct/2017:14:35:01 +0000] "GET /modules/mod_artuploader/upload.php HTTP/1.1" 301 3991 "http://practicemakesregexp.com/modules/mod_artuploader/upload.php" "Mozilla/5.0 (Windows NT 6.1; WOW64) AppleWebKit/537.36 (KHTML, like Gecko) Chrome/42.0.2311.152 Safari/537.36"
67.222.96.115 - - [07/Oct/2017:14:37:31 +0000] "GET /test/wp-login.php HTTP/1.1" 301 588 "-" "Mozilla/5.0 (Windows NT 6.1; Win64; x64) AppleWebKit/537.36 (KHTML, like Gecko) Chrome/61.0.3163.100 Safari/537.36"
67.222.96.115 - - [07/Oct/2017:14:37:32 +0000] "GET /test/wp-login.php HTTP/1.1" 301 3950 "-" "Mozilla/5.0 (Windows NT 6.1; Win64; x64) AppleWebKit/537.36 (KHTML, like Gecko) Chrome/61.0.3163.100 Safari/537.36"
67.222.96.115 - - [07/Oct/2017:14:37:42 +0000] "GET /site/wp-login.php HTTP/1.1" 301 588 "-" "Mozilla/5.0 (Windows NT 6.1; Win64; x64) AppleWebKit/537.36 (KHTML, like Gecko) Chrome/61.0.3163.100 Safari/537.36"
67.222.96.115 - - [07/Oct/2017:14:37:43 +0000] "GET /site/wp-login.php HTTP/1.1" 301 3950 "-" "Mozilla/5.0 (Windows NT 6.1; Win64; x64) AppleWebKit/537.36 (KHTML, like Gecko) Chrome/61.0.3163.100 Safari/537.36"
67.222.96.115 - - [07/Oct/2017:14:41:31 +0000] "GET /blog/wp-login.php HTTP/1.1" 301 653 "-" "Mozilla/5.0 (Windows NT 6.1; Win64; x64) AppleWebKit/537.36 (KHTML, like Gecko) Chrome/61.0.3163.100 Safari/537.36"
202.9.40.138 - - [07/Oct/2017:14:42:34 +0000] "GET /wp-login.php HTTP/1.1" 301 625 "-" "Mozilla/5.0 (Windows NT 6.1; WOW64; rv:40.0) Gecko/20100101 Firefox/40.1"
202.9.40.138 - - [07/Oct/2017:14:42:36 +0000] "GET /wp-login.php HTTP/1.1" 301 3991 "-" "Mozilla/5.0 (Windows NT 6.1; WOW64; rv:40.0) Gecko/20100101 Firefox/40.1"
202.9.40.138 - - [07/Oct/2017:14:42:42 +0000] "GET /wp-login.php HTTP/1.1" 301 625 "-" "Mozilla/5.0 (Windows NT 6.1; WOW64; rv:40.0) Gecko/20100101 Firefox/40.1"
202.9.40.138 - - [07/Oct/2017:14:42:43 +0000] "GET /wp-login.php HTTP/1.1" 301 859 "-" "Mozilla/5.0 (Windows NT 6.1; WOW64; rv:40.0) Gecko/20100101 Firefox/40.1"
202.9.40.138 - - [07/Oct/2017:14:42:49 +0000] "GET / HTTP/1.1" 301 601 "-" "Mozilla/5.0 (Windows NT 6.1; WOW64; rv:40.0) Gecko/20100101 Firefox/40.1"
202.9.40.138 - - [07/Oct/2017:14:42:50 +0000] "GET / HTTP/1.1" 301 827 "-" "Mozilla/5.0 (Windows NT 6.1; WOW64; rv:40.0) Gecko/20100101 Firefox/40.1"
67.222.96.115 - - [07/Oct/2017:14:43:13 +0000] "GET /cms/wp-login.php HTTP/1.1" 301 651 "-" "Mozilla/5.0 (Windows NT 6.1; Win64; x64) AppleWebKit/537.36 (KHTML, like Gecko) Chrome/61.0.3163.100 Safari/537.36"
66.102.8.41 - - [07/Oct/2017:14:43:43 +0000] "GET /img/books.png HTTP/1.1" 301 624 "-" "Mozilla/5.0 (Windows NT 5.1; rv:11.0) Gecko Firefox/11.0 (via ggpht.com GoogleImageProxy)"
66.102.8.50 - - [07/Oct/2017:14:43:43 +0000] "GET /img/books.png HTTP/1.1" 301 4169 "-" "Mozilla/5.0 (Windows NT 5.1; rv:11.0) Gecko Firefox/11.0 (via ggpht.com GoogleImageProxy)"
54.198.246.220 - - [07/Oct/2017:14:45:37 +0000] "GET / HTTP/1.1" 301 564 "-" "-"
54.198.246.220 - - [07/Oct/2017:14:45:37 +0000] "GET / HTTP/1.1" 301 4125 "http://weeklypythonexercise.com/" "-"
93.71.135.168 - - [07/Oct/2017:14:45:47 +0000] "GET /wp-login.php HTTP/1.1" 301 625 "-" "Mozilla/5.0 (Windows NT 6.1; WOW64; rv:40.0) Gecko/20100101 Firefox/40.1"
93.71.135.168 - - [07/Oct/2017:14:45:47 +0000] "GET /wp-login.php HTTP/1.1" 301 4186 "-" "Mozilla/5.0 (Windows NT 6.1; WOW64; rv:40.0) Gecko/20100101 Firefox/40.1"
93.71.135.168 - - [07/Oct/2017:14:45:49 +0000] "GET / HTTP/1.1" 301 600 "-" "Mozilla/5.0 (Windows NT 6.1; WOW64; rv:40.0) Gecko/20100101 Firefox/40.1"
93.71.135.168 - - [07/Oct/2017:14:45:49 +0000] "GET / HTTP/1.1" 301 679 "-" "Mozilla/5.0 (Windows NT 6.1; WOW64; rv:40.0) Gecko/20100101 Firefox/40.1"
67.222.96.115 - - [07/Oct/2017:14:48:10 +0000] "GET /wordpress/wp-login.php HTTP/1.1" 301 663 "-" "Mozilla/5.0 (Windows NT 6.1; Win64; x64) AppleWebKit/537.36 (KHTML, like Gecko) Chrome/61.0.3163.100 Safari/537.36"
67.222.96.115 - - [07/Oct/2017:14:50:28 +0000] "GET /en/wp-login.php HTTP/1.1" 301 584 "-" "Mozilla/5.0 (Windows NT 6.1; Win64; x64) AppleWebKit/537.36 (KHTML, like Gecko) Chrome/61.0.3163.100 Safari/537.36"
