67.222.96.115 - - [07/Oct/2017:14:50:29 +0000] "GET /en/wp-login.php HTTP/1.1" 301 3946 "-" "Mozilla/5.0 (Windows NT 6.1; Win64; x64) AppleWebKit/537.36 (KHTML, like Gecko) Chrome/61.0.3163.100 Safari/537.36"
67.222.96.115 - - [07/Oct/2017:14:51:20 +0000] "GET /test/wp-login.php HTTP/1.1" 301 653 "-" "Mozilla/5.0 (Windows NT 6.1; Win64; x64) AppleWebKit/537.36 (KHTML, like Gecko) Chrome/61.0.3163.100 Safari/537.36"
67.222.96.115 - - [07/Oct/2017:14:55:33 +0000] "GET /en/wp-login.php HTTP/1.1" 301 649 "-" "Mozilla/5.0 (Windows NT 6.1; Win64; x64) AppleWebKit/537.36 (KHTML, like Gecko) Chrome/61.0.3163.100 Safari/537.36"
67.222.96.115 - - [07/Oct/2017:14:59:38 +0000] "GET /news/wp-login.php HTTP/1.1" 301 653 "-" "Mozilla/5.0 (Windows NT 6.1; Win64; x64) AppleWebKit/537.36 (KHTML, like Gecko) Chrome/61.0.3163.100 Safari/537.36"
67.222.96.115 - - [07/Oct/2017:15:02:07 +0000] "GET /news/wp-login.php HTTP/1.1" 301 653 "-" "Mozilla/5.0 (Windows NT 6.1; Win64; x64) AppleWebKit/537.36 (KHTML, like Gecko) Chrome/61.0.3163.100 Safari/537.36"
67.222.96.115 - - [07/Oct/2017:15:02:40 +0000] "GET /en/wp-login.php HTTP/1.1" 301 649 "-" "Mozilla/5.0 (Windows NT 6.1; Win64; x64) AppleWebKit/537.36 (KHTML, like Gecko) Chrome/61.0.3163.100 Safari/537.36"
67.222.96.115 - - [07/Oct/2017:15:03:27 +0000] "GET /wordpress/wp-login.php HTTP/1.1" 301 661 "-" "Mozilla/5.0 (Windows NT 6.1; Win64; x64) AppleWebKit/537.36 (KHTML, like Gecko) Chrome/61.0.3163.100 Safari/537.36"
91.77.198.161 - - [07/Oct/2017:15:04:24 +0000] "GET / HTTP/1.1" 301 601 "-" "python-requests/2.13.0"
91.77.198.161 - - [07/Oct/2017:15:04:24 +0000] "GET / HTTP/1.1" 301 4167 "-" "python-requests/2.13.0"
54.198.246.220 - - [07/Oct/2017:15:04:39 +0000] "GET / HTTP/1.1" 301 564 "-" "-"
54.198.246.220 - - [07/Oct/2017:15:04:39 +0000] "GET / HTTP/1.1" 301 4125 "http://weeklypythonexercise.com/" "-"
67.222.96.115 - - [07/Oct/2017:15:04:43 +0000] "GET /site/wp-login.php HTTP/1.1" 301 653 "-" "Mozilla/5.0 (Windows NT 6.1; Win64; x64) AppleWebKit/537.36 (KHTML, like Gecko) Chrome/61.0.3163.100 Safari/537.36"
67.222.96.115 - - [07/Oct/2017:15:04:44 +0000] "GET /blog/wp-login.php HTTP/1.1" 301 651 "-" "Mozilla/5.0 (Windows NT 6.1; Win64; x64) AppleWebKit/537.36 (KHTML, like Gecko) Chrome/61.0.3163.100 Safari/537.36"
67.222.96.115 - - [07/Oct/2017:15:08:11 +0000] "GET /home/wp-login.php HTTP/1.1" 301 576 "-" "Mozilla/5.0 (Windows NT 6.1; Win64; x64) AppleWebKit/537.36 (KHTML, like Gecko) Chrome/61.0.3163.100 Safari/537.36"
67.222.96.115 - - [07/Oct/2017:15:08:12 +0000] "GET /home/wp-login.php HTTP/1.1" 301 3946 "-" "Mozilla/5.0 (Windows NT 6.1; Win64; x64) AppleWebKit/537.36 (KHTML, like Gecko) Chrome/61.0.3163.100 Safari/537.36"
67.222.96.115 - - [07/Oct/2017:15:08:56 +0000] "GET /new/wp-login.php HTTP/1.1" 301 574 "-" "Mozilla/5.0 (Windows NT 6.1; Win64; x64) AppleWebKit/537.36 (KHTML, like Gecko) Chrome/61.0.3163.100 Safari/537.36"
67.222.96.115 - - [07/Oct/2017:15:08:56 +0000] "GET /new/wp-login.php HTTP/1.1" 301 3944 "-" "Mozilla/5.0 (Windows NT 6.1; Win64; x64) AppleWebKit/537.36 (KHTML, like Gecko) Chrome/61.0.3163.100 Safari/537.36"
67.222.96.115 - - [07/Oct/2017:15:09:50 +0000] "GET /news/wp-login.php HTTP/1.1" 301 653 "-" "Mozilla/5.0 (Windows NT 6.1; Win64; x64) AppleWebKit/537.36 (KHTML, like Gecko) Chrome/61.0.3163.100 Safari/537.36"
67.222.96.115 - - [07/Oct/2017:15:12:21 +0000] "GET /blog/wp-login.php HTTP/1.1" 301 576 "-" "Mozilla/5.0 (Windows NT 6.1; Win64; x64) AppleWebKit/537.36 (KHTML, like Gecko) Chrome/61.0.3163.100 Safari/537.36"
67.222.96.115 - - [07/Oct/2017:15:12:21 +0000] "GET /blog/wp-login.php HTTP/1.1" 301 3946 "-" "Mozilla/5.0 (Windows NT 6.1; Win64; x64) AppleWebKit/537.36 (KHTML, like Gecko) Chrome/61.0.3163.100 Safari/537.36"
67.222.96.115 - - [07/Oct/2017:15:13:01 +0000] "GET /cms/wp-login.php HTTP/1.1" 301 586 "-" "Mozilla/5.0 (Windows NT 6.1; Win64; x64) AppleWebKit/537.36 (KHTML, like Gecko) Chrome/61.0.3163.100 Safari/537.36"
67.222.96.115 - - [07/Oct/2017:15:13:02 +0000] "GET /cms/wp-login.php HTTP/1.1" 301 3948 "-" "Mozilla/5.0 (Windows NT 6.1; Win64; x64) AppleWebKit/537.36 (KHTML, like Gecko) Chrome/61.0.3163.100 Safari/537.36"
67.222.96.115 - - [07/Oct/2017:15:16:36 +0000] "GET /main/wp-login.php HTTP/1.1" 301 653 "-" "Mozilla/5.0 (Windows NT 6.1; Win64; x64) AppleWebKit/537.36 (KHTML, like Gecko) Chrome/61.0.3163.100 Safari/537.36"
178.252.127.229 - - [07/Oct/2017:15:16:56 +0000] "GET / HTTP/1.1" 301 601 "-" "Mozilla/5.0 (Macintosh; Intel Mac OS X 10.13; rv:57.0) Gecko/20100101 Firefox/57.0"
178.252.127.229 - - [07/Oct/2017:15:16:57 +0000] "GET / HTTP/1.1" 301 4177 "-" "Mozilla/5.0 (Macintosh; Intel Mac OS X 10.13; rv:57.0) Gecko/20100101 Firefox/57.0"
67.222.96.115 - - [07/Oct/2017:15:16:59 +0000] "GET /cms/wp-login.php HTTP/1.1" 301 651 "-" "Mozilla/5.0 (Windows NT 6.1; Win64; x64) AppleWebKit/537.36 (KHTML, like Gecko) Chrome/61.0.3163.100 Safari/537.36"
54.198.246.220 - - [07/Oct/2017:15:17:40 +0000] "GET / HTTP/1.1" 301 564 "-" "-"
54.198.246.220 - - [07/Oct/2017:15:17:40 +0000] "GET / HTTP/1.1" 301 4125 "http://weeklypythonexercise.com/" "-"
67.222.96.115 - - [07/Oct/2017:15:18:56 +0000] "GET /blogs/wp-login.php HTTP/1.1" 301 655 "-" "Mozilla/5.0 (Windows NT 6.1; Win64; x64) AppleWebKit/537.36 (KHTML, like Gecko) Chrome/61.0.3163.100 Safari/537.36"
144.217.167.33 - - [07/Oct/2017:15:19:10 +0000] "GET / HTTP/1.1" 301 542 "-" "Mozilla/5.0 (Windows NT 10.0; Win64; x64) AppleWebKit/537.36 (KHTML, like Gecko) Chrome/56.0.2924.87 Safari/537.36"
144.217.167.33 - - [07/Oct/2017:15:19:13 +0000] "GET / HTTP/1.1" 301 3897 "-" "Mozilla/5.0 (Windows NT 10.0; Win64; x64) AppleWebKit/537.36 (KHTML, like Gecko) Chrome/56.0.2924.87 Safari/537.36"
151.80.39.179 - - [07/Oct/2017:15:21:21 +0000] "GET /robots.txt HTTP/1.1" 301 544 "-" "Mozilla/5.0 (compatible; AhrefsBot/5.2; +http://ahrefs.com/robot/)"
151.80.39.179 - - [07/Oct/2017:15:21:21 +0000] "GET /robots.txt HTTP/1.1" 301 3907 "-" "Mozilla/5.0 (compatible; AhrefsBot/5.2; +http://ahrefs.com/robot/)"
217.182.132.240 - - [07/Oct/2017:15:21:23 +0000] "GET /feed/ HTTP/1.1" 301 534 "-" "Mozilla/5.0 (compatible; AhrefsBot/5.2; +http://ahrefs.com/robot/)"
67.222.96.115 - - [07/Oct/2017:15:21:57 +0000] "GET /wp/wp-login.php HTTP/1.1" 301 584 "-" "Mozilla/5.0 (Windows NT 6.1; Win64; x64) AppleWebKit/537.36 (KHTML, like Gecko) Chrome/61.0.3163.100 Safari/537.36"
67.222.96.115 - - [07/Oct/2017:15:21:58 +0000] "GET /wp/wp-login.php HTTP/1.1" 301 3946 "-" "Mozilla/5.0 (Windows NT 6.1; Win64; x64) AppleWebKit/537.36 (KHTML, like Gecko) Chrome/61.0.3163.100 Safari/537.36"
67.222.96.115 - - [07/Oct/2017:15:23:03 +0000] "GET /wp-login.php HTTP/1.1" 301 566 "-" "Mozilla/5.0 (Windows NT 6.1; Win64; x64) AppleWebKit/537.36 (KHTML, like Gecko) Chrome/61.0.3163.100 Safari/537.36"
67.222.96.115 - - [07/Oct/2017:15:23:04 +0000] "GET /wp-login.php HTTP/1.1" 301 3936 "-" "Mozilla/5.0 (Windows NT 6.1; Win64; x64) AppleWebKit/537.36 (KHTML, like Gecko) Chrome/61.0.3163.100 Safari/537.36"
197.3.197.238 - - [07/Oct/2017:15:23:29 +0000] "GET /wp-login.php HTTP/1.1" 301 622 "-" "Mozilla/5.0 (Windows NT 6.1; WOW64; rv:40.0) Gecko/20100101 Firefox/40.1"
197.3.197.238 - - [07/Oct/2017:15:23:30 +0000] "GET /wp-login.php HTTP/1.1" 301 4186 "-" "Mozilla/5.0 (Windows NT 6.1; WOW64; rv:40.0) Gecko/20100101 Firefox/40.1"
197.3.197.238 - - [07/Oct/2017:15:23:36 +0000] "GET /wp-login.php HTTP/1.1" 301 622 "-" "Mozilla/5.0 (Windows NT 6.1; WOW64; rv:40.0) Gecko/20100101 Firefox/40.1"
197.3.197.238 - - [07/Oct/2017:15:23:36 +0000] "GET /wp-login.php HTTP/1.1" 301 827 "-" "Mozilla/5.0 (Windows NT 6.1; WOW64; rv:40.0) Gecko/20100101 Firefox/40.1"
197.3.197.238 - - [07/Oct/2017:15:23:42 +0000] "GET / HTTP/1.1" 301 598 "-" "Mozilla/5.0 (Windows NT 6.1; WOW64; rv:40.0) Gecko/20100101 Firefox/40.1"
197.3.197.238 - - [07/Oct/2017:15:23:42 +0000] "GET / HTTP/1.1" 301 795 "-" "Mozilla/5.0 (Windows NT 6.1; WOW64; rv:40.0) Gecko/20100101 Firefox/40.1"
207.46.13.197 - - [07/Oct/2017:15:23:50 +0000] "GET /robots.txt HTTP/1.1" 301 618 "-" "Mozilla/5.0 (compatible; bingbot/2.0; +http://www.bing.com/bingbot.htm)"
207.46.13.197 - - [07/Oct/2017:15:23:50 +0000] "GET /robots.txt HTTP/1.1" 301 4605 "-" "Mozilla/5.0 (compatible; bingbot/2.0; +http://www.bing.com/bingbot.htm)"
207.46.13.103 - - [07/Oct/2017:15:23:56 +0000] "GET / HTTP/1.1" 301 598 "-" "Mozilla/5.0 (compatible; bingbot/2.0; +http://www.bing.com/bingbot.htm)"
67.222.96.115 - - [07/Oct/2017:15:25:55 +0000] "GET /web/wp-login.php HTTP/1.1" 301 651 "-" "Mozilla/5.0 (Windows NT 6.1; Win64; x64) AppleWebKit/537.36 (KHTML, like Gecko) Chrome/61.0.3163.100 Safari/537.36"
67.222.96.115 - - [07/Oct/2017:15:28:17 +0000] "GET /blogs/wp-login.php HTTP/1.1" 301 655 "-" "Mozilla/5.0 (Windows NT 6.1; Win64; x64) AppleWebKit/537.36 (KHTML, like Gecko) Chrome/61.0.3163.100 Safari/537.36"
67.222.96.115 - - [07/Oct/2017:15:28:49 +0000] "GET /news/wp-login.php HTTP/1.1" 301 576 "-" "Mozilla/5.0 (Windows NT 6.1; Win64; x64) AppleWebKit/537.36 (KHTML, like Gecko) Chrome/61.0.3163.100 Safari/537.36"
67.222.96.115 - - [07/Oct/2017:15:28:49 +0000] "GET /news/wp-login.php HTTP/1.1" 301 3946 "-" "Mozilla/5.0 (Windows NT 6.1; Win64; x64) AppleWebKit/537.36 (KHTML, like Gecko) Chrome/61.0.3163.100 Safari/537.36"
13.57.16.113 - - [07/Oct/2017:15:29:51 +0000] "GET / HTTP/1.1" 301 3892 "-" "Mozilla/5.0 zgrab/0.x"
54.198.246.220 - - [07/Oct/2017:15:31:44 +0000] "GET / HTTP/1.1" 301 564 "-" "-"
54.198.246.220 - - [07/Oct/2017:15:31:44 +0000] "GET / HTTP/1.1" 301 4125 "http://weeklypythonexercise.com/" "-"
67.222.96.115 - - [07/Oct/2017:15:33:06 +0000] "GET /new/wp-login.php HTTP/1.1" 301 651 "-" "Mozilla/5.0 (Windows NT 6.1; Win64; x64) AppleWebKit/537.36 (KHTML, like Gecko) Chrome/61.0.3163.100 Safari/537.36"
67.222.96.115 - - [07/Oct/2017:15:33:18 +0000] "GET /wp/wp-login.php HTTP/1.1" 301 649 "-" "Mozilla/5.0 (Windows NT 6.1; Win64; x64) AppleWebKit/537.36 (KHTML, like Gecko) Chrome/61.0.3163.100 Safari/537.36"
67.222.96.115 - - [07/Oct/2017:15:36:46 +0000] "GET /wp-login.php HTTP/1.1" 301 641 "-" "Mozilla/5.0 (Windows NT 6.1; Win64; x64) AppleWebKit/537.36 (KHTML, like Gecko) Chrome/61.0.3163.100 Safari/537.36"
67.222.96.115 - - [07/Oct/2017:15:38:29 +0000] "GET /home/wp-login.php HTTP/1.1" 301 653 "-" "Mozilla/5.0 (Windows NT 6.1; Win64; x64) AppleWebKit/537.36 (KHTML, like Gecko) Chrome/61.0.3163.100 Safari/537.36"
67.222.96.115 - - [07/Oct/2017:15:40:03 +0000] "GET /cms/wp-login.php HTTP/1.1" 301 651 "-" "Mozilla/5.0 (Windows NT 6.1; Win64; x64) AppleWebKit/537.36 (KHTML, like Gecko) Chrome/61.0.3163.100 Safari/537.36"
67.222.96.115 - - [07/Oct/2017:15:40:56 +0000] "GET /web/wp-login.php HTTP/1.1" 301 651 "-" "Mozilla/5.0 (Windows NT 6.1; Win64; x64) AppleWebKit/537.36 (KHTML, like Gecko) Chrome/61.0.3163.100 Safari/537.36"
67.222.96.115 - - [07/Oct/2017:15:42:31 +0000] "GET /blogs/wp-login.php HTTP/1.1" 301 590 "-" "Mozilla/5.0 (Windows NT 6.1; Win64; x64) AppleWebKit/537.36 (KHTML, like Gecko) Chrome/61.0.3163.100 Safari/537.36"
67.222.96.115 - - [07/Oct/2017:15:42:31 +0000] "GET /blogs/wp-login.php HTTP/1.1" 301 3952 "-" "Mozilla/5.0 (Windows NT 6.1; Win64; x64) AppleWebKit/537.36 (KHTML, like Gecko) Chrome/61.0.3163.100 Safari/537.36"
163.172.4.153 - - [07/Oct/2017:15:42:55 +0000] "GET / HTTP/1.1" 301 542 "http://practicemakespython.com/" "Mozilla/5.0 (Windows NT 6.1; Trident/7.0; rv:11.0) like Gecko"
163.172.4.153 - - [07/Oct/2017:15:42:56 +0000] "GET / HTTP/1.1" 301 3897 "https://practicemakespython.com/" "Mozilla/5.0 (Macintosh; Intel Mac OS X 10_11_6) AppleWebKit/603.1.30 (KHTML, like Gecko) Version/10.1 Safari/603.1.30"
54.198.246.220 - - [07/Oct/2017:15:45:41 +0000] "GET / HTTP/1.1" 301 564 "-" "-"
54.198.246.220 - - [07/Oct/2017:15:45:41 +0000] "GET / HTTP/1.1" 301 4125 "http://weeklypythonexercise.com/" "-"
67.222.96.115 - - [07/Oct/2017:15:47:33 +0000] "GET /test/wp-login.php HTTP/1.1" 301 576 "-" "Mozilla/5.0 (Windows NT 6.1; Win64; x64) AppleWebKit/537.36 (KHTML, like Gecko) Chrome/61.0.3163.100 Safari/537.36"
67.222.96.115 - - [07/Oct/2017:15:47:34 +0000] "GET /test/wp-login.php HTTP/1.1" 301 3946 "-" "Mozilla/5.0 (Windows NT 6.1; Win64; x64) AppleWebKit/537.36 (KHTML, like Gecko) Chrome/61.0.3163.100 Safari/537.36"
67.222.96.115 - - [07/Oct/2017:15:48:34 +0000] "GET /wordpress/wp-login.php HTTP/1.1" 301 661 "-" "Mozilla/5.0 (Windows NT 6.1; Win64; x64) AppleWebKit/537.36 (KHTML, like Gecko) Chrome/61.0.3163.100 Safari/537.36"
67.222.96.115 - - [07/Oct/2017:15:49:11 +0000] "GET /blog/wp-login.php HTTP/1.1" 301 588 "-" "Mozilla/5.0 (Windows NT 6.1; Win64; x64) AppleWebKit/537.36 (KHTML, like Gecko) Chrome/61.0.3163.100 Safari/537.36"
67.222.96.115 - - [07/Oct/2017:15:49:11 +0000] "GET /blog/wp-login.php HTTP/1.1" 301 3950 "-" "Mozilla/5.0 (Windows NT 6.1; Win64; x64) AppleWebKit/537.36 (KHTML, like Gecko) Chrome/61.0.3163.100 Safari/537.36"
67.222.96.115 - - [07/Oct/2017:15:49:23 +0000] "GET /home/wp-login.php HTTP/1.1" 301 653 "-" "Mozilla/5.0 (Windows NT 6.1; Win64; x64) AppleWebKit/537.36 (KHTML, like Gecko) Chrome/61.0.3163.100 Safari/537.36"
67.222.96.115 - - [07/Oct/2017:15:49:43 +0000] "GET /site/wp-login.php HTTP/1.1" 301 576 "-" "Mozilla/5.0 (Windows NT 6.1; Win64; x64) AppleWebKit/537.36 (KHTML, like Gecko) Chrome/61.0.3163.100 Safari/537.36"
67.222.96.115 - - [07/Oct/2017:15:49:43 +0000] "GET /site/wp-login.php HTTP/1.1" 301 3946 "-" "Mozilla/5.0 (Windows NT 6.1; Win64; x64) AppleWebKit/537.36 (KHTML, like Gecko) Chrome/61.0.3163.100 Safari/537.36"
92.22.2.24 - - [07/Oct/2017:15:51:01 +0000] "GET /wp-login.php HTTP/1.1" 301 622 "-" "Mozilla/5.0 (Windows NT 6.1; WOW64; rv:40.0) Gecko/20100101 Firefox/40.1"
92.22.2.24 - - [07/Oct/2017:15:51:01 +0000] "GET /wp-login.php HTTP/1.1" 301 3991 "-" "Mozilla/5.0 (Windows NT 6.1; WOW64; rv:40.0) Gecko/20100101 Firefox/40.1"
92.22.2.24 - - [07/Oct/2017:15:51:07 +0000] "GET /wp-login.php HTTP/1.1" 301 622 "-" "Mozilla/5.0 (Windows NT 6.1; WOW64; rv:40.0) Gecko/20100101 Firefox/40.1"
92.22.2.24 - - [07/Oct/2017:15:51:07 +0000] "GET /wp-login.php HTTP/1.1" 301 859 "-" "Mozilla/5.0 (Windows NT 6.1; WOW64; rv:40.0) Gecko/20100101 Firefox/40.1"
92.22.2.24 - - [07/Oct/2017:15:51:13 +0000] "GET / HTTP/1.1" 301 598 "-" "Mozilla/5.0 (Windows NT 6.1; WOW64; rv:40.0) Gecko/20100101 Firefox/40.1"
92.22.2.24 - - [07/Oct/2017:15:51:14 +0000] "GET / HTTP/1.1" 301 827 "-" "Mozilla/5.0 (Windows NT 6.1; WOW64; rv:40.0) Gecko/20100101 Firefox/40.1"
34.252.55.219 - - [07/Oct/2017:15:51:58 +0000] "GET /robots.txt HTTP/1.1" 301 621 "-" "Barkrowler/0.5.1 (experimenting / debugging - sorry for your logs ) http://www.exensa.com/crawl - admin@exensa.com -- based on BuBiNG"
34.252.55.219 - - [07/Oct/2017:15:51:58 +0000] "GET /robots.txt HTTP/1.1" 301 3971 "-" "Barkrowler/0.5.1 (experimenting / debugging - sorry for your logs ) http://www.exensa.com/crawl - admin@exensa.com -- based on BuBiNG"
34.252.55.219 - - [07/Oct/2017:15:52:01 +0000] "GET / HTTP/1.1" 301 601 "-" "Barkrowler/0.5.1 (experimenting / debugging - sorry for your logs ) http://www.exensa.com/crawl - admin@exensa.com -- based on BuBiNG"
62.24.181.135 - - [07/Oct/2017:15:52:29 +0000] "GET / HTTP/1.0" 301 561 "http://practicemakesregexp.com/" "Mozilla/4.0 (compatible; MSIE 8.0; Windows NT 5.1; Trident/4.0; .NET CLR 2.0.50727; .NET CLR 3.0.04506.648; .NET CLR 3.5.21022; .NET CLR 3.0.4506.2152; .NET CLR 3.5.30729; InfoPath.2)"
67.222.96.115 - - [07/Oct/2017:15:54:31 +0000] "GET /news/wp-login.php HTTP/1.1" 301 653 "-" "Mozilla/5.0 (Windows NT 6.1; Win64; x64) AppleWebKit/537.36 (KHTML, like Gecko) Chrome/61.0.3163.100 Safari/537.36"
67.222.96.115 - - [07/Oct/2017:15:54:50 +0000] "GET /site/wp-login.php HTTP/1.1" 301 653 "-" "Mozilla/5.0 (Windows NT 6.1; Win64; x64) AppleWebKit/537.36 (KHTML, like Gecko) Chrome/61.0.3163.100 Safari/537.36"
67.222.96.115 - - [07/Oct/2017:15:55:33 +0000] "GET /home/wp-login.php HTTP/1.1" 301 653 "-" "Mozilla/5.0 (Windows NT 6.1; Win64; x64) AppleWebKit/537.36 (KHTML, like Gecko) Chrome/61.0.3163.100 Safari/537.36"
67.222.96.115 - - [07/Oct/2017:15:57:13 +0000] "GET /main/wp-login.php HTTP/1.1" 301 576 "-" "Mozilla/5.0 (Windows NT 6.1; Win64; x64) AppleWebKit/537.36 (KHTML, like Gecko) Chrome/61.0.3163.100 Safari/537.36"
67.222.96.115 - - [07/Oct/2017:15:57:13 +0000] "GET /main/wp-login.php HTTP/1.1" 301 3946 "-" "Mozilla/5.0 (Windows NT 6.1; Win64; x64) AppleWebKit/537.36 (KHTML, like Gecko) Chrome/61.0.3163.100 Safari/537.36"
67.222.96.115 - - [07/Oct/2017:15:58:35 +0000] "GET /blog/wp-login.php HTTP/1.1" 301 651 "-" "Mozilla/5.0 (Windows NT 6.1; Win64; x64) AppleWebKit/537.36 (KHTML, like Gecko) Chrome/61.0.3163.100 Safari/537.36"
67.222.96.115 - - [07/Oct/2017:15:59:58 +0000] "GET /new/wp-login.php HTTP/1.1" 301 651 "-" "Mozilla/5.0 (Windows NT 6.1; Win64; x64) AppleWebKit/537.36 (KHTML, like Gecko) Chrome/61.0.3163.100 Safari/537.36"
54.198.246.220 - - [07/Oct/2017:16:00:37 +0000] "GET / HTTP/1.1" 301 564 "-" "-"
54.198.246.220 - - [07/Oct/2017:16:00:37 +0000] "GET / HTTP/1.1" 301 4125 "http://weeklypythonexercise.com/" "-"
92.22.2.24 - - [07/Oct/2017:16:01:07 +0000] "GET /wp-login.php HTTP/1.1" 301 622 "-" "Mozilla/5.0 (Windows NT 6.1; WOW64; rv:40.0) Gecko/20100101 Firefox/40.1"
92.22.2.24 - - [07/Oct/2017:16:01:08 +0000] "GET /wp-login.php HTTP/1.1" 301 3991 "-" "Mozilla/5.0 (Windows NT 6.1; WOW64; rv:40.0) Gecko/20100101 Firefox/40.1"
92.22.2.24 - - [07/Oct/2017:16:01:13 +0000] "GET /wp-login.php HTTP/1.1" 301 622 "-" "Mozilla/5.0 (Windows NT 6.1; WOW64; rv:40.0) Gecko/20100101 Firefox/40.1"
92.22.2.24 - - [07/Oct/2017:16:01:14 +0000] "GET /wp-login.php HTTP/1.1" 301 859 "-" "Mozilla/5.0 (Windows NT 6.1; WOW64; rv:40.0) Gecko/20100101 Firefox/40.1"
92.22.2.24 - - [07/Oct/2017:16:01:20 +0000] "GET / HTTP/1.1" 301 598 "-" "Mozilla/5.0 (Windows NT 6.1; WOW64; rv:40.0) Gecko/20100101 Firefox/40.1"
92.22.2.24 - - [07/Oct/2017:16:01:20 +0000] "GET / HTTP/1.1" 301 827 "-" "Mozilla/5.0 (Windows NT 6.1; WOW64; rv:40.0) Gecko/20100101 Firefox/40.1"
67.222.96.115 - - [07/Oct/2017:16:01:28 +0000] "GET /wordpress/wp-login.php HTTP/1.1" 301 663 "-" "Mozilla/5.0 (Windows NT 6.1; Win64; x64) AppleWebKit/537.36 (KHTML, like Gecko) Chrome/61.0.3163.100 Safari/537.36"
67.222.96.115 - - [07/Oct/2017:16:01:33 +0000] "GET /cms/wp-login.php HTTP/1.1" 301 574 "-" "Mozilla/5.0 (Windows NT 6.1; Win64; x64) AppleWebKit/537.36 (KHTML, like Gecko) Chrome/61.0.3163.100 Safari/537.36"
67.222.96.115 - - [07/Oct/2017:16:01:34 +0000] "GET /cms/wp-login.php HTTP/1.1" 301 3944 "-" "Mozilla/5.0 (Windows NT 6.1; Win64; x64) AppleWebKit/537.36 (KHTML, like Gecko) Chrome/61.0.3163.100 Safari/537.36"
62.24.181.134 - - [07/Oct/2017:16:03:19 +0000] "GET / HTTP/1.0" 301 561 "http://practicemakespython.com/" "Mozilla/4.0 (compatible; MSIE 8.0; Windows NT 5.1; Trident/4.0; .NET CLR 2.0.50727; .NET CLR 3.0.04506.648; .NET CLR 3.5.21022; .NET CLR 3.0.4506.2152; .NET CLR 3.5.30729; InfoPath.2)"
198.12.152.136 - - [07/Oct/2017:16:03:27 +0000] "POST /wp-includes/pomo/stortup.php HTTP/1.1" 301 617 "practicemakesregexp.com" "Mozilla/5.0 (Windows NT 6.1; WOW64) AppleWebKit/537.36 (KHTML, like Gecko) Chrome/50.0.2661.75 Safari/537.36"
198.12.152.136 - - [07/Oct/2017:16:03:27 +0000] "GET /wp-includes/pomo/stortup.php HTTP/1.1" 301 4147 "practicemakesregexp.com" "Mozilla/5.0 (Windows NT 6.1; WOW64) AppleWebKit/537.36 (KHTML, like Gecko) Chrome/50.0.2661.75 Safari/537.36"
67.222.96.115 - - [07/Oct/2017:16:03:43 +0000] "GET /test/wp-login.php HTTP/1.1" 301 653 "-" "Mozilla/5.0 (Windows NT 6.1; Win64; x64) AppleWebKit/537.36 (KHTML, like Gecko) Chrome/61.0.3163.100 Safari/537.36"
67.222.96.115 - - [07/Oct/2017:16:04:17 +0000] "GET /wp/wp-login.php HTTP/1.1" 301 572 "-" "Mozilla/5.0 (Windows NT 6.1; Win64; x64) AppleWebKit/537.36 (KHTML, like Gecko) Chrome/61.0.3163.100 Safari/537.36"
67.222.96.115 - - [07/Oct/2017:16:04:17 +0000] "GET /wp/wp-login.php HTTP/1.1" 301 3942 "-" "Mozilla/5.0 (Windows NT 6.1; Win64; x64) AppleWebKit/537.36 (KHTML, like Gecko) Chrome/61.0.3163.100 Safari/537.36"
198.12.152.136 - - [07/Oct/2017:16:06:07 +0000] "POST /mxl.php HTTP/1.1" 301 575 "practicemakesregexp.com" "Mozilla/5.0 (Windows NT 6.1; WOW64) AppleWebKit/537.36 (KHTML, like Gecko) Chrome/50.0.2661.75 Safari/537.36"
198.12.152.136 - - [07/Oct/2017:16:06:07 +0000] "GET /mxl.php HTTP/1.1" 301 4105 "practicemakesregexp.com" "Mozilla/5.0 (Windows NT 6.1; WOW64) AppleWebKit/537.36 (KHTML, like Gecko) Chrome/50.0.2661.75 Safari/537.36"
67.222.96.115 - - [07/Oct/2017:16:06:29 +0000] "GET /new/wp-login.php HTTP/1.1" 301 651 "-" "Mozilla/5.0 (Windows NT 6.1; Win64; x64) AppleWebKit/537.36 (KHTML, like Gecko) Chrome/61.0.3163.100 Safari/537.36"
66.249.66.201 - - [07/Oct/2017:16:07:11 +0000] "GET / HTTP/1.1" 301 598 "-" "Mozilla/5.0 (Linux; Android 6.0.1; Nexus 5X Build/MMB29P) AppleWebKit/537.36 (KHTML, like Gecko) Chrome/41.0.2272.96 Mobile Safari/537.36 (compatible; Googlebot/2.1; +http://www.google.com/bot.html)"
66.249.66.208 - - [07/Oct/2017:16:07:12 +0000] "GET / HTTP/1.1" 301 4143 "-" "Mozilla/5.0 (Linux; Android 6.0.1; Nexus 5X Build/MMB29P) AppleWebKit/537.36 (KHTML, like Gecko) Chrome/41.0.2272.96 Mobile Safari/537.36 (compatible; Googlebot/2.1; +http://www.google.com/bot.html)"
67.222.96.115 - - [07/Oct/2017:16:07:21 +0000] "GET /test/wp-login.php HTTP/1.1" 301 651 "-" "Mozilla/5.0 (Windows NT 6.1; Win64; x64) AppleWebKit/537.36 (KHTML, like Gecko) Chrome/61.0.3163.100 Safari/537.36"
198.12.152.136 - - [07/Oct/2017:16:07:59 +0000] "POST /wp-content/plugins/stortup/stortup.php HTTP/1.1" 301 637 "practicemakesregexp.com" "Mozilla/5.0 (Windows NT 6.1; WOW64) AppleWebKit/537.36 (KHTML, like Gecko) Chrome/50.0.2661.75 Safari/537.36"
198.12.152.136 - - [07/Oct/2017:16:07:59 +0000] "GET /wp-content/plugins/stortup/stortup.php HTTP/1.1" 301 4167 "practicemakesregexp.com" "Mozilla/5.0 (Windows NT 6.1; WOW64) AppleWebKit/537.36 (KHTML, like Gecko) Chrome/50.0.2661.75 Safari/537.36"
92.22.2.24 - - [07/Oct/2017:16:08:15 +0000] "GET /wp-login.php HTTP/1.1" 301 625 "-" "Mozilla/5.0 (Windows NT 6.1; WOW64; rv:40.0) Gecko/20100101 Firefox/40.1"
92.22.2.24 - - [07/Oct/2017:16:08:15 +0000] "GET /wp-login.php HTTP/1.1" 301 3991 "-" "Mozilla/5.0 (Windows NT 6.1; WOW64; rv:40.0) Gecko/20100101 Firefox/40.1"
92.22.2.24 - - [07/Oct/2017:16:08:21 +0000] "GET /wp-login.php HTTP/1.1" 301 625 "-" "Mozilla/5.0 (Windows NT 6.1; WOW64; rv:40.0) Gecko/20100101 Firefox/40.1"
92.22.2.24 - - [07/Oct/2017:16:08:22 +0000] "GET /wp-login.php HTTP/1.1" 301 859 "-" "Mozilla/5.0 (Windows NT 6.1; WOW64; rv:40.0) Gecko/20100101 Firefox/40.1"
67.222.96.115 - - [07/Oct/2017:16:08:23 +0000] "GET /main/wp-login.php HTTP/1.1" 301 588 "-" "Mozilla/5.0 (Windows NT 6.1; Win64; x64) AppleWebKit/537.36 (KHTML, like Gecko) Chrome/61.0.3163.100 Safari/537.36"
67.222.96.115 - - [07/Oct/2017:16:08:23 +0000] "GET /main/wp-login.php HTTP/1.1" 301 3950 "-" "Mozilla/5.0 (Windows NT 6.1; Win64; x64) AppleWebKit/537.36 (KHTML, like Gecko) Chrome/61.0.3163.100 Safari/537.36"
92.22.2.24 - - [07/Oct/2017:16:08:27 +0000] "GET / HTTP/1.1" 301 601 "-" "Mozilla/5.0 (Windows NT 6.1; WOW64; rv:40.0) Gecko/20100101 Firefox/40.1"
92.22.2.24 - - [07/Oct/2017:16:08:28 +0000] "GET / HTTP/1.1" 301 827 "-" "Mozilla/5.0 (Windows NT 6.1; WOW64; rv:40.0) Gecko/20100101 Firefox/40.1"
67.222.96.115 - - [07/Oct/2017:16:08:31 +0000] "GET /test/wp-login.php HTTP/1.1" 301 653 "-" "Mozilla/5.0 (Windows NT 6.1; Win64; x64) AppleWebKit/537.36 (KHTML, like Gecko) Chrome/61.0.3163.100 Safari/537.36"
67.222.96.115 - - [07/Oct/2017:16:08:49 +0000] "GET /news/wp-login.php HTTP/1.1" 301 653 "-" "Mozilla/5.0 (Windows NT 6.1; Win64; x64) AppleWebKit/537.36 (KHTML, like Gecko) Chrome/61.0.3163.100 Safari/537.36"
198.12.152.136 - - [07/Oct/2017:16:09:41 +0000] "POST /wp-content/plugins/hello.php HTTP/1.1" 301 617 "practicemakesregexp.com" "Mozilla/5.0 (Windows NT 6.1; WOW64) AppleWebKit/537.36 (KHTML, like Gecko) Chrome/50.0.2661.75 Safari/537.36"
198.12.152.136 - - [07/Oct/2017:16:09:42 +0000] "GET /wp-content/plugins/hello.php HTTP/1.1" 301 4147 "practicemakesregexp.com" "Mozilla/5.0 (Windows NT 6.1; WOW64) AppleWebKit/537.36 (KHTML, like Gecko) Chrome/50.0.2661.75 Safari/537.36"
62.24.181.135 - - [07/Oct/2017:16:10:11 +0000] "GET / HTTP/1.0" 301 564 "http://weeklypythonexercise.com/" "Mozilla/4.0 (compatible; MSIE 8.0; Windows NT 5.1; Trident/4.0; .NET CLR 2.0.50727; .NET CLR 3.0.04506.648; .NET CLR 3.5.21022; .NET CLR 3.0.4506.2152; .NET CLR 3.5.30729; InfoPath.2)"
164.132.107.59 - - [07/Oct/2017:16:10:27 +0000] "GET / HTTP/1.1" 301 542 "-" "Mozilla/5.0 (Windows NT 10.0; Win64; x64) AppleWebKit/537.36 (KHTML, like Gecko) Chrome/56.0.2924.87 Safari/537.36"
164.132.107.59 - - [07/Oct/2017:16:10:27 +0000] "GET / HTTP/1.1" 301 3897 "-" "Mozilla/5.0 (Windows NT 10.0; Win64; x64) AppleWebKit/537.36 (KHTML, like Gecko) Chrome/56.0.2924.87 Safari/537.36"
67.222.96.115 - - [07/Oct/2017:16:12:13 +0000] "GET /web/wp-login.php HTTP/1.1" 301 586 "-" "Mozilla/5.0 (Windows NT 6.1; Win64; x64) AppleWebKit/537.36 (KHTML, like Gecko) Chrome/61.0.3163.100 Safari/537.36"
67.222.96.115 - - [07/Oct/2017:16:12:13 +0000] "GET /web/wp-login.php HTTP/1.1" 301 3948 "-" "Mozilla/5.0 (Windows NT 6.1; Win64; x64) AppleWebKit/537.36 (KHTML, like Gecko) Chrome/61.0.3163.100 Safari/537.36"
54.77.101.102 - - [07/Oct/2017:16:12:18 +0000] "GET /robots.txt HTTP/1.1" 301 621 "-" "Barkrowler/0.5.1 (experimenting / debugging - sorry for your logs ) http://www.exensa.com/crawl - admin@exensa.com -- based on BuBiNG"
54.77.101.102 - - [07/Oct/2017:16:12:18 +0000] "GET /robots.txt HTTP/1.1" 301 3971 "-" "Barkrowler/0.5.1 (experimenting / debugging - sorry for your logs ) http://www.exensa.com/crawl - admin@exensa.com -- based on BuBiNG"
54.77.101.102 - - [07/Oct/2017:16:12:20 +0000] "GET / HTTP/1.1" 301 601 "-" "Barkrowler/0.5.1 (experimenting / debugging - sorry for your logs ) http://www.exensa.com/crawl - admin@exensa.com -- based on BuBiNG"
67.222.96.115 - - [07/Oct/2017:16:12:35 +0000] "GET /blogs/wp-login.php HTTP/1.1" 301 590 "-" "Mozilla/5.0 (Windows NT 6.1; Win64; x64) AppleWebKit/537.36 (KHTML, like Gecko) Chrome/61.0.3163.100 Safari/537.36"
67.222.96.115 - - [07/Oct/2017:16:12:35 +0000] "GET /blogs/wp-login.php HTTP/1.1" 301 3952 "-" "Mozilla/5.0 (Windows NT 6.1; Win64; x64) AppleWebKit/537.36 (KHTML, like Gecko) Chrome/61.0.3163.100 Safari/537.36"
67.222.96.115 - - [07/Oct/2017:16:13:08 +0000] "GET /home/wp-login.php HTTP/1.1" 301 653 "-" "Mozilla/5.0 (Windows NT 6.1; Win64; x64) AppleWebKit/537.36 (KHTML, like Gecko) Chrome/61.0.3163.100 Safari/537.36"
67.222.96.115 - - [07/Oct/2017:16:13:20 +0000] "GET /blogs/wp-login.php HTTP/1.1" 301 655 "-" "Mozilla/5.0 (Windows NT 6.1; Win64; x64) AppleWebKit/537.36 (KHTML, like Gecko) Chrome/61.0.3163.100 Safari/537.36"
67.222.96.115 - - [07/Oct/2017:16:13:41 +0000] "GET /cms/wp-login.php HTTP/1.1" 301 574 "-" "Mozilla/5.0 (Windows NT 6.1; Win64; x64) AppleWebKit/537.36 (KHTML, like Gecko) Chrome/61.0.3163.100 Safari/537.36"
67.222.96.115 - - [07/Oct/2017:16:13:41 +0000] "GET /cms/wp-login.php HTTP/1.1" 301 3944 "-" "Mozilla/5.0 (Windows NT 6.1; Win64; x64) AppleWebKit/537.36 (KHTML, like Gecko) Chrome/61.0.3163.100 Safari/537.36"
67.222.96.115 - - [07/Oct/2017:16:13:54 +0000] "GET /en/wp-login.php HTTP/1.1" 301 649 "-" "Mozilla/5.0 (Windows NT 6.1; Win64; x64) AppleWebKit/537.36 (KHTML, like Gecko) Chrome/61.0.3163.100 Safari/537.36"
67.222.96.115 - - [07/Oct/2017:16:14:41 +0000] "GET /web/wp-login.php HTTP/1.1" 301 586 "-" "Mozilla/5.0 (Windows NT 6.1; Win64; x64) AppleWebKit/537.36 (KHTML, like Gecko) Chrome/61.0.3163.100 Safari/537.36"
67.222.96.115 - - [07/Oct/2017:16:14:41 +0000] "GET /web/wp-login.php HTTP/1.1" 301 3948 "-" "Mozilla/5.0 (Windows NT 6.1; Win64; x64) AppleWebKit/537.36 (KHTML, like Gecko) Chrome/61.0.3163.100 Safari/537.36"
67.222.96.115 - - [07/Oct/2017:16:14:49 +0000] "GET /new/wp-login.php HTTP/1.1" 301 651 "-" "Mozilla/5.0 (Windows NT 6.1; Win64; x64) AppleWebKit/537.36 (KHTML, like Gecko) Chrome/61.0.3163.100 Safari/537.36"
54.198.246.220 - - [07/Oct/2017:16:15:00 +0000] "GET / HTTP/1.1" 301 564 "-" "-"
54.198.246.220 - - [07/Oct/2017:16:15:00 +0000] "GET / HTTP/1.1" 301 4125 "http://weeklypythonexercise.com/" "-"
67.222.96.115 - - [07/Oct/2017:16:15:38 +0000] "GET /web/wp-login.php HTTP/1.1" 301 651 "-" "Mozilla/5.0 (Windows NT 6.1; Win64; x64) AppleWebKit/537.36 (KHTML, like Gecko) Chrome/61.0.3163.100 Safari/537.36"
67.222.96.115 - - [07/Oct/2017:16:16:00 +0000] "GET /test/wp-login.php HTTP/1.1" 301 651 "-" "Mozilla/5.0 (Windows NT 6.1; Win64; x64) AppleWebKit/537.36 (KHTML, like Gecko) Chrome/61.0.3163.100 Safari/537.36"
103.254.55.69 - - [07/Oct/2017:16:17:15 +0000] "GET /wp-login.php HTTP/1.1" 301 622 "-" "Mozilla/5.0 (Windows NT 6.1; WOW64; rv:40.0) Gecko/20100101 Firefox/40.1"
103.254.55.69 - - [07/Oct/2017:16:17:16 +0000] "GET /wp-login.php HTTP/1.1" 301 4609 "-" "Mozilla/5.0 (Windows NT 6.1; WOW64; rv:40.0) Gecko/20100101 Firefox/40.1"
103.254.55.69 - - [07/Oct/2017:16:17:18 +0000] "GET / HTTP/1.1" 301 597 "-" "Mozilla/5.0 (Windows NT 6.1; WOW64; rv:40.0) Gecko/20100101 Firefox/40.1"
103.254.55.69 - - [07/Oct/2017:16:17:18 +0000] "GET / HTTP/1.1" 301 676 "-" "Mozilla/5.0 (Windows NT 6.1; WOW64; rv:40.0) Gecko/20100101 Firefox/40.1"
67.222.96.115 - - [07/Oct/2017:16:17:54 +0000] "GET /main/wp-login.php HTTP/1.1" 301 653 "-" "Mozilla/5.0 (Windows NT 6.1; Win64; x64) AppleWebKit/537.36 (KHTML, like Gecko) Chrome/61.0.3163.100 Safari/537.36"
103.254.55.69 - - [07/Oct/2017:16:18:55 +0000] "GET /wp-login.php HTTP/1.1" 301 622 "-" "Mozilla/5.0 (Windows NT 6.1; WOW64; rv:40.0) Gecko/20100101 Firefox/40.1"
103.254.55.69 - - [07/Oct/2017:16:18:56 +0000] "GET /wp-login.php HTTP/1.1" 301 4609 "-" "Mozilla/5.0 (Windows NT 6.1; WOW64; rv:40.0) Gecko/20100101 Firefox/40.1"
103.254.55.69 - - [07/Oct/2017:16:18:57 +0000] "GET / HTTP/1.1" 301 597 "-" "Mozilla/5.0 (Windows NT 6.1; WOW64; rv:40.0) Gecko/20100101 Firefox/40.1"
103.254.55.69 - - [07/Oct/2017:16:18:58 +0000] "GET / HTTP/1.1" 301 676 "-" "Mozilla/5.0 (Windows NT 6.1; WOW64; rv:40.0) Gecko/20100101 Firefox/40.1"
67.222.96.115 - - [07/Oct/2017:16:19:34 +0000] "GET /cms/wp-login.php HTTP/1.1" 301 651 "-" "Mozilla/5.0 (Windows NT 6.1; Win64; x64) AppleWebKit/537.36 (KHTML, like Gecko) Chrome/61.0.3163.100 Safari/537.36"
67.222.96.115 - - [07/Oct/2017:16:19:46 +0000] "GET /en/wp-login.php HTTP/1.1" 301 649 "-" "Mozilla/5.0 (Windows NT 6.1; Win64; x64) AppleWebKit/537.36 (KHTML, like Gecko) Chrome/61.0.3163.100 Safari/537.36"
67.222.96.115 - - [07/Oct/2017:16:20:50 +0000] "GET /test/wp-login.php HTTP/1.1" 301 576 "-" "Mozilla/5.0 (Windows NT 6.1; Win64; x64) AppleWebKit/537.36 (KHTML, like Gecko) Chrome/61.0.3163.100 Safari/537.36"
67.222.96.115 - - [07/Oct/2017:16:20:51 +0000] "GET /test/wp-login.php HTTP/1.1" 301 3946 "-" "Mozilla/5.0 (Windows NT 6.1; Win64; x64) AppleWebKit/537.36 (KHTML, like Gecko) Chrome/61.0.3163.100 Safari/537.36"
67.222.96.115 - - [07/Oct/2017:16:21:06 +0000] "GET /blog/wp-login.php HTTP/1.1" 301 588 "-" "Mozilla/5.0 (Windows NT 6.1; Win64; x64) AppleWebKit/537.36 (KHTML, like Gecko) Chrome/61.0.3163.100 Safari/537.36"
67.222.96.115 - - [07/Oct/2017:16:21:06 +0000] "GET /blog/wp-login.php HTTP/1.1" 301 3950 "-" "Mozilla/5.0 (Windows NT 6.1; Win64; x64) AppleWebKit/537.36 (KHTML, like Gecko) Chrome/61.0.3163.100 Safari/537.36"
54.36.98.165 - - [07/Oct/2017:16:22:36 +0000] "GET / HTTP/1.1" 301 524 "-" "Mozilla/5.0 (Windows NT 10.0; Win64; x64) AppleWebKit/537.36 (KHTML, like Gecko) Chrome/56.0.2924.87 Safari/537.36"
54.36.98.165 - - [07/Oct/2017:16:22:36 +0000] "GET / HTTP/1.1" 301 3877 "-" "Mozilla/5.0 (Windows NT 10.0; Win64; x64) AppleWebKit/537.36 (KHTML, like Gecko) Chrome/56.0.2924.87 Safari/537.36"
67.222.96.115 - - [07/Oct/2017:16:22:43 +0000] "GET /main/wp-login.php HTTP/1.1" 301 653 "-" "Mozilla/5.0 (Windows NT 6.1; Win64; x64) AppleWebKit/537.36 (KHTML, like Gecko) Chrome/61.0.3163.100 Safari/537.36"
103.254.55.69 - - [07/Oct/2017:16:22:48 +0000] "GET /wp-login.php HTTP/1.1" 301 625 "-" "Mozilla/5.0 (Windows NT 6.1; WOW64; rv:40.0) Gecko/20100101 Firefox/40.1"
103.254.55.69 - - [07/Oct/2017:16:22:49 +0000] "GET /wp-login.php HTTP/1.1" 301 4628 "-" "Mozilla/5.0 (Windows NT 6.1; WOW64; rv:40.0) Gecko/20100101 Firefox/40.1"
103.254.55.69 - - [07/Oct/2017:16:22:50 +0000] "GET / HTTP/1.1" 301 600 "-" "Mozilla/5.0 (Windows NT 6.1; WOW64; rv:40.0) Gecko/20100101 Firefox/40.1"
103.254.55.69 - - [07/Oct/2017:16:22:51 +0000] "GET / HTTP/1.1" 301 679 "-" "Mozilla/5.0 (Windows NT 6.1; WOW64; rv:40.0) Gecko/20100101 Firefox/40.1"
67.222.96.115 - - [07/Oct/2017:16:23:24 +0000] "GET /blog/wp-login.php HTTP/1.1" 301 653 "-" "Mozilla/5.0 (Windows NT 6.1; Win64; x64) AppleWebKit/537.36 (KHTML, like Gecko) Chrome/61.0.3163.100 Safari/537.36"
67.222.96.115 - - [07/Oct/2017:16:24:24 +0000] "GET /wp/wp-login.php HTTP/1.1" 301 649 "-" "Mozilla/5.0 (Windows NT 6.1; Win64; x64) AppleWebKit/537.36 (KHTML, like Gecko) Chrome/61.0.3163.100 Safari/537.36"
197.3.197.238 - - [07/Oct/2017:16:24:25 +0000] "GET /wp-login.php HTTP/1.1" 301 625 "-" "Mozilla/5.0 (Windows NT 6.1; WOW64; rv:40.0) Gecko/20100101 Firefox/40.1"
197.3.197.238 - - [07/Oct/2017:16:24:26 +0000] "GET /wp-login.php HTTP/1.1" 301 4202 "-" "Mozilla/5.0 (Windows NT 6.1; WOW64; rv:40.0) Gecko/20100101 Firefox/40.1"
197.3.197.238 - - [07/Oct/2017:16:24:32 +0000] "GET /wp-login.php HTTP/1.1" 301 625 "-" "Mozilla/5.0 (Windows NT 6.1; WOW64; rv:40.0) Gecko/20100101 Firefox/40.1"
197.3.197.238 - - [07/Oct/2017:16:24:32 +0000] "GET /wp-login.php HTTP/1.1" 301 827 "-" "Mozilla/5.0 (Windows NT 6.1; WOW64; rv:40.0) Gecko/20100101 Firefox/40.1"
197.3.197.238 - - [07/Oct/2017:16:24:38 +0000] "GET / HTTP/1.1" 301 601 "-" "Mozilla/5.0 (Windows NT 6.1; WOW64; rv:40.0) Gecko/20100101 Firefox/40.1"
197.3.197.238 - - [07/Oct/2017:16:24:38 +0000] "GET / HTTP/1.1" 301 795 "-" "Mozilla/5.0 (Windows NT 6.1; WOW64; rv:40.0) Gecko/20100101 Firefox/40.1"
67.222.96.115 - - [07/Oct/2017:16:25:31 +0000] "GET /blogs/wp-login.php HTTP/1.1" 301 655 "-" "Mozilla/5.0 (Windows NT 6.1; Win64; x64) AppleWebKit/537.36 (KHTML, like Gecko) Chrome/61.0.3163.100 Safari/537.36"
67.222.96.115 - - [07/Oct/2017:16:26:21 +0000] "GET /home/wp-login.php HTTP/1.1" 301 576 "-" "Mozilla/5.0 (Windows NT 6.1; Win64; x64) AppleWebKit/537.36 (KHTML, like Gecko) Chrome/61.0.3163.100 Safari/537.36"
67.222.96.115 - - [07/Oct/2017:16:26:22 +0000] "GET /home/wp-login.php HTTP/1.1" 301 3946 "-" "Mozilla/5.0 (Windows NT 6.1; Win64; x64) AppleWebKit/537.36 (KHTML, like Gecko) Chrome/61.0.3163.100 Safari/537.36"
67.222.96.115 - - [07/Oct/2017:16:27:16 +0000] "GET /wp/wp-login.php HTTP/1.1" 301 572 "-" "Mozilla/5.0 (Windows NT 6.1; Win64; x64) AppleWebKit/537.36 (KHTML, like Gecko) Chrome/61.0.3163.100 Safari/537.36"
67.222.96.115 - - [07/Oct/2017:16:27:16 +0000] "GET /wp/wp-login.php HTTP/1.1" 301 3942 "-" "Mozilla/5.0 (Windows NT 6.1; Win64; x64) AppleWebKit/537.36 (KHTML, like Gecko) Chrome/61.0.3163.100 Safari/537.36"
67.222.96.115 - - [07/Oct/2017:16:29:26 +0000] "GET /new/wp-login.php HTTP/1.1" 301 651 "-" "Mozilla/5.0 (Windows NT 6.1; Win64; x64) AppleWebKit/537.36 (KHTML, like Gecko) Chrome/61.0.3163.100 Safari/537.36"
54.198.246.220 - - [07/Oct/2017:16:30:44 +0000] "GET / HTTP/1.1" 301 564 "-" "-"
54.198.246.220 - - [07/Oct/2017:16:30:44 +0000] "GET / HTTP/1.1" 301 4125 "http://weeklypythonexercise.com/" "-"
66.249.66.25 - - [07/Oct/2017:16:32:29 +0000] "GET / HTTP/1.1" 301 598 "-" "Mozilla/5.0 (compatible; Googlebot/2.1; +http://www.google.com/bot.html)"
66.249.66.10 - - [07/Oct/2017:16:32:30 +0000] "GET / HTTP/1.1" 301 4143 "-" "Mozilla/5.0 (compatible; Googlebot/2.1; +http://www.google.com/bot.html)"
66.102.7.251 - - [07/Oct/2017:16:35:40 +0000] "GET / HTTP/1.1" 301 598 "-" "Mozilla/5.0 (X11; Linux x86_64) AppleWebKit/537.36 (KHTML, like Gecko) Chrome/49.0.2623.75 Safari/537.36 Google Favicon"
66.102.7.249 - - [07/Oct/2017:16:35:40 +0000] "GET / HTTP/1.1" 301 4143 "-" "Mozilla/5.0 (X11; Linux x86_64) AppleWebKit/537.36 (KHTML, like Gecko) Chrome/49.0.2623.75 Safari/537.36 Google Favicon"
67.222.96.115 - - [07/Oct/2017:16:35:43 +0000] "GET /main/wp-login.php HTTP/1.1" 301 588 "-" "Mozilla/5.0 (Windows NT 6.1; Win64; x64) AppleWebKit/537.36 (KHTML, like Gecko) Chrome/61.0.3163.100 Safari/537.36"
67.222.96.115 - - [07/Oct/2017:16:35:43 +0000] "GET /main/wp-login.php HTTP/1.1" 301 3950 "-" "Mozilla/5.0 (Windows NT 6.1; Win64; x64) AppleWebKit/537.36 (KHTML, like Gecko) Chrome/61.0.3163.100 Safari/537.36"
67.222.96.115 - - [07/Oct/2017:16:36:38 +0000] "GET /home/wp-login.php HTTP/1.1" 301 653 "-" "Mozilla/5.0 (Windows NT 6.1; Win64; x64) AppleWebKit/537.36 (KHTML, like Gecko) Chrome/61.0.3163.100 Safari/537.36"
121.87.17.91 - - [07/Oct/2017:16:38:42 +0000] "GET / HTTP/1.1" 301 598 "http://postd.cc/pythons-objects-and-classes-a-visual-guide/" "Mozilla/5.0 (Macintosh; Intel Mac OS X 10_12_6) AppleWebKit/537.36 (KHTML, like Gecko) Chrome/60.0.3112.113 Safari/537.36"
121.87.17.91 - - [07/Oct/2017:16:38:43 +0000] "GET / HTTP/1.1" 301 4158 "http://postd.cc/pythons-objects-and-classes-a-visual-guide/" "Mozilla/5.0 (Macintosh; Intel Mac OS X 10_12_6) AppleWebKit/537.36 (KHTML, like Gecko) Chrome/60.0.3112.113 Safari/537.36"
54.198.246.220 - - [07/Oct/2017:16:47:04 +0000] "GET / HTTP/1.1" 301 564 "-" "-"
54.198.246.220 - - [07/Oct/2017:16:47:04 +0000] "GET / HTTP/1.1" 301 4125 "http://weeklypythonexercise.com/" "-"
93.175.201.138 - - [07/Oct/2017:16:51:25 +0000] "GET / HTTP/1.1" 301 561 "-" "Mozilla/4.0 (compatible; MSIE 5.0; Windows NT; DigExt; DTS Agent"
93.175.201.138 - - [07/Oct/2017:16:51:47 +0000] "GET / HTTP/1.1" 301 561 "-" "Mozilla/4.0 (compatible; MSIE 5.0; Windows NT; DigExt; DTS Agent"
93.175.201.138 - - [07/Oct/2017:16:51:47 +0000] "GET / HTTP/1.1" 301 564 "-" "Mozilla/4.0 (compatible; MSIE 5.0; Windows NT; DigExt; DTS Agent"
105.101.75.255 - - [07/Oct/2017:16:57:09 +0000] "GET /wp-login.php HTTP/1.1" 301 622 "-" "Mozilla/5.0 (Windows NT 6.1; WOW64; rv:40.0) Gecko/20100101 Firefox/40.1"
105.101.75.255 - - [07/Oct/2017:16:57:09 +0000] "GET /wp-login.php HTTP/1.1" 301 3991 "-" "Mozilla/5.0 (Windows NT 6.1; WOW64; rv:40.0) Gecko/20100101 Firefox/40.1"
105.101.75.255 - - [07/Oct/2017:16:57:15 +0000] "GET /wp-login.php HTTP/1.1" 301 622 "-" "Mozilla/5.0 (Windows NT 6.1; WOW64; rv:40.0) Gecko/20100101 Firefox/40.1"
105.101.75.255 - - [07/Oct/2017:16:57:16 +0000] "GET /wp-login.php HTTP/1.1" 301 859 "-" "Mozilla/5.0 (Windows NT 6.1; WOW64; rv:40.0) Gecko/20100101 Firefox/40.1"
105.101.75.255 - - [07/Oct/2017:16:57:21 +0000] "GET / HTTP/1.1" 301 598 "-" "Mozilla/5.0 (Windows NT 6.1; WOW64; rv:40.0) Gecko/20100101 Firefox/40.1"
105.101.75.255 - - [07/Oct/2017:16:57:22 +0000] "GET / HTTP/1.1" 301 827 "-" "Mozilla/5.0 (Windows NT 6.1; WOW64; rv:40.0) Gecko/20100101 Firefox/40.1"
66.249.66.24 - - [07/Oct/2017:16:57:47 +0000] "GET / HTTP/1.1" 301 598 "-" "Mozilla/5.0 (Linux; Android 6.0.1; Nexus 5X Build/MMB29P) AppleWebKit/537.36 (KHTML, like Gecko) Chrome/41.0.2272.96 Mobile Safari/537.36 (compatible; Googlebot/2.1; +http://www.google.com/bot.html)"
66.249.66.12 - - [07/Oct/2017:16:57:48 +0000] "GET / HTTP/1.1" 301 4143 "-" "Mozilla/5.0 (Linux; Android 6.0.1; Nexus 5X Build/MMB29P) AppleWebKit/537.36 (KHTML, like Gecko) Chrome/41.0.2272.96 Mobile Safari/537.36 (compatible; Googlebot/2.1; +http://www.google.com/bot.html)"
66.249.66.10 - - [07/Oct/2017:16:57:48 +0000] "GET / HTTP/1.1" 301 4143 "-" "Mozilla/5.0 (Linux; Android 6.0.1; Nexus 5X Build/MMB29P) AppleWebKit/537.36 (KHTML, like Gecko) Chrome/41.0.2272.96 Mobile Safari/537.36 (compatible; Googlebot/2.1; +http://www.google.com/bot.html)"
138.201.30.66 - - [07/Oct/2017:17:00:09 +0000] "GET /robots.txt HTTP/1.0" 301 581 "-" "Mozilla/5.0 (compatible; SEOkicks-Robot; +http://www.seokicks.de/robot.html)"
138.201.30.66 - - [07/Oct/2017:17:00:10 +0000] "GET / HTTP/1.0" 301 561 "-" "Mozilla/5.0 (compatible; SEOkicks-Robot; +http://www.seokicks.de/robot.html)"
138.201.30.66 - - [07/Oct/2017:17:02:12 +0000] "GET /robots.txt HTTP/1.0" 301 3955 "http://practicemakespython.com/robots.txt" "Mozilla/5.0 (compatible; SEOkicks-Robot; +http://www.seokicks.de/robot.html)"
105.101.75.255 - - [07/Oct/2017:17:02:14 +0000] "GET /wp-login.php HTTP/1.1" 301 622 "-" "Mozilla/5.0 (Windows NT 6.1; WOW64; rv:40.0) Gecko/20100101 Firefox/40.1"
105.101.75.255 - - [07/Oct/2017:17:02:14 +0000] "GET /wp-login.php HTTP/1.1" 301 3991 "-" "Mozilla/5.0 (Windows NT 6.1; WOW64; rv:40.0) Gecko/20100101 Firefox/40.1"
105.101.75.255 - - [07/Oct/2017:17:02:20 +0000] "GET /wp-login.php HTTP/1.1" 301 622 "-" "Mozilla/5.0 (Windows NT 6.1; WOW64; rv:40.0) Gecko/20100101 Firefox/40.1"
105.101.75.255 - - [07/Oct/2017:17:02:21 +0000] "GET /wp-login.php HTTP/1.1" 301 859 "-" "Mozilla/5.0 (Windows NT 6.1; WOW64; rv:40.0) Gecko/20100101 Firefox/40.1"
105.101.75.255 - - [07/Oct/2017:17:02:26 +0000] "GET / HTTP/1.1" 301 598 "-" "Mozilla/5.0 (Windows NT 6.1; WOW64; rv:40.0) Gecko/20100101 Firefox/40.1"
138.201.30.66 - - [07/Oct/2017:17:02:26 +0000] "GET / HTTP/1.0" 301 795 "http://practicemakespython.com/" "Mozilla/5.0 (compatible; SEOkicks-Robot; +http://www.seokicks.de/robot.html)"
105.101.75.255 - - [07/Oct/2017:17:02:27 +0000] "GET / HTTP/1.1" 301 827 "-" "Mozilla/5.0 (Windows NT 6.1; WOW64; rv:40.0) Gecko/20100101 Firefox/40.1"
100.35.47.77 - - [07/Oct/2017:17:04:57 +0000] "GET /robots.txt HTTP/1.1" 301 612 "-" "panscient.com"
100.35.47.77 - - [07/Oct/2017:17:04:57 +0000] "GET / HTTP/1.1" 301 591 "-" "panscient.com"
100.35.47.77 - - [07/Oct/2017:17:04:57 +0000] "GET / HTTP/1.1" 301 3932 "-" "panscient.com"
177.10.89.52 - - [07/Oct/2017:17:06:19 +0000] "GET / HTTP/1.1" 301 605 "-" "curl/7.17.1 (mips-unknown-linux-gnu) libcurl/7.17.1 OpenSSL/0.9.8i zlib/1.2.3"
151.48.102.144 - - [07/Oct/2017:17:07:11 +0000] "GET / HTTP/1.1" 301 4177 "https://www.reddit.com/r/communism/" "Mozilla/5.0 (X11; Linux x86_64; rv:57.0) Gecko/20100101 Firefox/57.0"
65.36.9.25 - - [07/Oct/2017:17:09:35 +0000] "GET / HTTP/1.1" 301 601 "-" "Mozilla/5.0 (Macintosh; Intel Mac OS X 10_12_6) AppleWebKit/537.36 (KHTML, like Gecko) Chrome/61.0.3163.100 Safari/537.36"
65.36.9.25 - - [07/Oct/2017:17:09:35 +0000] "GET / HTTP/1.1" 301 4177 "-" "Mozilla/5.0 (Macintosh; Intel Mac OS X 10_12_6) AppleWebKit/537.36 (KHTML, like Gecko) Chrome/61.0.3163.100 Safari/537.36"
109.228.166.247 - - [07/Oct/2017:17:10:29 +0000] "GET / HTTP/1.1" 301 4177 "-" "Mozilla/5.0 (Macintosh; Intel Mac OS X 10_12_6) AppleWebKit/537.36 (KHTML, like Gecko) Chrome/61.0.3163.100 Safari/537.36"
157.55.39.179 - - [07/Oct/2017:17:12:38 +0000] "GET / HTTP/1.1" 301 4143 "-" "Mozilla/5.0 (compatible; bingbot/2.0; +http://www.bing.com/bingbot.htm)"
66.249.66.151 - - [07/Oct/2017:17:13:00 +0000] "GET /robots.txt HTTP/1.1" 301 4143 "-" "Mozilla/5.0 (compatible; Googlebot/2.1; +http://www.google.com/bot.html)"
5.196.1.129 - - [07/Oct/2017:17:18:08 +0000] "POST /xmlrpc.php HTTP/1.1" 301 562 "-" "Mozilla/4.0 (compatible; MSIE 8.0; Windows NT 5.1; Trident/4.0; GTB6.6; InfoPath.2; .NET CLR 2.0.50727; .NET CLR 3.0.4506.2152; .NET CLR 3.5.30729; .NET CLR 1.1.4322; OfficeLiveConnector.1.3; OfficeLivePatch.0.0; .NET4.0C)"
5.196.1.129 - - [07/Oct/2017:17:18:10 +0000] "POST /xmlrpc.php HTTP/1.1" 301 3932 "-" "Mozilla/4.0 (compatible; MSIE 8.0; Windows NT 5.1; Trident/4.0; GTB6.6; InfoPath.2; .NET CLR 2.0.50727; .NET CLR 3.0.4506.2152; .NET CLR 3.5.30729; .NET CLR 1.1.4322; OfficeLiveConnector.1.3; OfficeLivePatch.0.0; .NET4.0C)"
71.6.135.131 - - [07/Oct/2017:17:25:47 +0000] "GET / HTTP/1.1" 301 4131 "-" "Mozilla/5.0 (X11; Linux x86_64) AppleWebKit/537.36 (KHTML, like Gecko) Chrome/34.0.1847.137 Safari/537.36"
71.6.135.131 - - [07/Oct/2017:17:25:49 +0000] "" 400 3457 "-" "-"
71.6.135.131 - - [07/Oct/2017:17:25:55 +0000] "" 400 3473 "-" "-"
71.6.135.131 - - [07/Oct/2017:17:25:55 +0000] "" 400 3451 "-" "-"
71.6.135.131 - - [07/Oct/2017:17:25:56 +0000] "" 400 3451 "-" "-"
71.6.135.131 - - [07/Oct/2017:17:25:56 +0000] "" 400 3451 "-" "-"
71.6.135.131 - - [07/Oct/2017:17:25:59 +0000] "quit" 400 3267 "-" "-"
71.6.135.131 - - [07/Oct/2017:17:26:01 +0000] "" 400 3893 "-" "-"
80.189.32.253 - - [07/Oct/2017:17:27:45 +0000] "GET /wp-login.php HTTP/1.1" 301 622 "-" "Mozilla/5.0 (Windows NT 6.1; WOW64; rv:40.0) Gecko/20100101 Firefox/40.1"
80.189.32.253 - - [07/Oct/2017:17:27:45 +0000] "GET /wp-login.php HTTP/1.1" 301 3991 "-" "Mozilla/5.0 (Windows NT 6.1; WOW64; rv:40.0) Gecko/20100101 Firefox/40.1"
80.189.32.253 - - [07/Oct/2017:17:27:51 +0000] "GET /wp-login.php HTTP/1.1" 301 622 "-" "Mozilla/5.0 (Windows NT 6.1; WOW64; rv:40.0) Gecko/20100101 Firefox/40.1"
80.189.32.253 - - [07/Oct/2017:17:27:51 +0000] "GET /wp-login.php HTTP/1.1" 301 859 "-" "Mozilla/5.0 (Windows NT 6.1; WOW64; rv:40.0) Gecko/20100101 Firefox/40.1"
80.189.32.253 - - [07/Oct/2017:17:27:54 +0000] "GET /wp-login.php HTTP/1.1" 301 625 "-" "Mozilla/5.0 (Windows NT 6.1; WOW64; rv:40.0) Gecko/20100101 Firefox/40.1"
80.189.32.253 - - [07/Oct/2017:17:27:55 +0000] "GET /wp-login.php HTTP/1.1" 301 3991 "-" "Mozilla/5.0 (Windows NT 6.1; WOW64; rv:40.0) Gecko/20100101 Firefox/40.1"
80.189.32.253 - - [07/Oct/2017:17:27:56 +0000] "GET / HTTP/1.1" 301 598 "-" "Mozilla/5.0 (Windows NT 6.1; WOW64; rv:40.0) Gecko/20100101 Firefox/40.1"
80.189.32.253 - - [07/Oct/2017:17:27:57 +0000] "GET / HTTP/1.1" 301 827 "-" "Mozilla/5.0 (Windows NT 6.1; WOW64; rv:40.0) Gecko/20100101 Firefox/40.1"
80.189.32.253 - - [07/Oct/2017:17:28:00 +0000] "GET /wp-login.php HTTP/1.1" 301 625 "-" "Mozilla/5.0 (Windows NT 6.1; WOW64; rv:40.0) Gecko/20100101 Firefox/40.1"
80.189.32.253 - - [07/Oct/2017:17:28:01 +0000] "GET /wp-login.php HTTP/1.1" 301 859 "-" "Mozilla/5.0 (Windows NT 6.1; WOW64; rv:40.0) Gecko/20100101 Firefox/40.1"
80.189.32.253 - - [07/Oct/2017:17:28:06 +0000] "GET / HTTP/1.1" 301 601 "-" "Mozilla/5.0 (Windows NT 6.1; WOW64; rv:40.0) Gecko/20100101 Firefox/40.1"
80.189.32.253 - - [07/Oct/2017:17:28:07 +0000] "GET / HTTP/1.1" 301 827 "-" "Mozilla/5.0 (Windows NT 6.1; WOW64; rv:40.0) Gecko/20100101 Firefox/40.1"
66.249.66.148 - - [07/Oct/2017:17:28:08 +0000] "GET /robots.txt HTTP/1.1" 301 600 "-" "Mozilla/5.0 (compatible; Googlebot/2.1; +http://www.google.com/bot.html)"
66.249.66.150 - - [07/Oct/2017:17:28:08 +0000] "GET / HTTP/1.1" 301 580 "-" "Mozilla/5.0 (compatible; Googlebot/2.1; +http://www.google.com/bot.html)"
66.249.66.151 - - [07/Oct/2017:17:28:09 +0000] "GET / HTTP/1.1" 301 4123 "-" "Mozilla/5.0 (compatible; Googlebot/2.1; +http://www.google.com/bot.html)"
80.189.32.253 - - [07/Oct/2017:17:28:27 +0000] "GET /wp-login.php HTTP/1.1" 301 622 "-" "Mozilla/5.0 (Windows NT 6.1; WOW64; rv:40.0) Gecko/20100101 Firefox/40.1"
80.189.32.253 - - [07/Oct/2017:17:28:28 +0000] "GET /wp-login.php HTTP/1.1" 301 3991 "-" "Mozilla/5.0 (Windows NT 6.1; WOW64; rv:40.0) Gecko/20100101 Firefox/40.1"
80.189.32.253 - - [07/Oct/2017:17:28:33 +0000] "GET /wp-login.php HTTP/1.1" 301 622 "-" "Mozilla/5.0 (Windows NT 6.1; WOW64; rv:40.0) Gecko/20100101 Firefox/40.1"
80.189.32.253 - - [07/Oct/2017:17:28:34 +0000] "GET /wp-login.php HTTP/1.1" 301 859 "-" "Mozilla/5.0 (Windows NT 6.1; WOW64; rv:40.0) Gecko/20100101 Firefox/40.1"
80.189.32.253 - - [07/Oct/2017:17:28:39 +0000] "GET / HTTP/1.1" 301 598 "-" "Mozilla/5.0 (Windows NT 6.1; WOW64; rv:40.0) Gecko/20100101 Firefox/40.1"
80.189.32.253 - - [07/Oct/2017:17:28:40 +0000] "GET / HTTP/1.1" 301 827 "-" "Mozilla/5.0 (Windows NT 6.1; WOW64; rv:40.0) Gecko/20100101 Firefox/40.1"
27.7.236.26 - - [07/Oct/2017:17:37:01 +0000] "GET /wp-login.php HTTP/1.1" 301 622 "-" "Mozilla/5.0 (Windows NT 6.1; WOW64; rv:40.0) Gecko/20100101 Firefox/40.1"
27.7.236.26 - - [07/Oct/2017:17:37:02 +0000] "GET /wp-login.php HTTP/1.1" 301 3991 "-" "Mozilla/5.0 (Windows NT 6.1; WOW64; rv:40.0) Gecko/20100101 Firefox/40.1"
27.7.236.26 - - [07/Oct/2017:17:37:08 +0000] "GET /wp-login.php HTTP/1.1" 301 622 "-" "Mozilla/5.0 (Windows NT 6.1; WOW64; rv:40.0) Gecko/20100101 Firefox/40.1"
27.7.236.26 - - [07/Oct/2017:17:37:09 +0000] "GET /wp-login.php HTTP/1.1" 301 859 "-" "Mozilla/5.0 (Windows NT 6.1; WOW64; rv:40.0) Gecko/20100101 Firefox/40.1"
27.7.236.26 - - [07/Oct/2017:17:37:15 +0000] "GET / HTTP/1.1" 301 598 "-" "Mozilla/5.0 (Windows NT 6.1; WOW64; rv:40.0) Gecko/20100101 Firefox/40.1"
27.7.236.26 - - [07/Oct/2017:17:37:16 +0000] "GET / HTTP/1.1" 301 827 "-" "Mozilla/5.0 (Windows NT 6.1; WOW64; rv:40.0) Gecko/20100101 Firefox/40.1"
66.249.66.8 - - [07/Oct/2017:17:38:22 +0000] "GET /robots.txt HTTP/1.1" 301 4213 "-" "Mozilla/5.0 (compatible; Googlebot/2.1; +http://www.google.com/bot.html)"
66.249.66.10 - - [07/Oct/2017:17:38:23 +0000] "GET / HTTP/1.1" 301 4193 "-" "Mozilla/5.0 (compatible; Googlebot/2.1; +http://www.google.com/bot.html)"
62.78.246.181 - - [07/Oct/2017:17:38:44 +0000] "GET / HTTP/1.1" 301 4177 "-" "Mozilla/5.0 (Windows NT 10.0; Win64; x64) AppleWebKit/537.36 (KHTML, like Gecko) Chrome/60.0.3112.113 Safari/537.36"
27.7.236.26 - - [07/Oct/2017:17:42:36 +0000] "GET /wp-login.php HTTP/1.1" 301 625 "-" "Mozilla/5.0 (Windows NT 6.1; WOW64; rv:40.0) Gecko/20100101 Firefox/40.1"
27.7.236.26 - - [07/Oct/2017:17:42:37 +0000] "GET /wp-login.php HTTP/1.1" 301 3991 "-" "Mozilla/5.0 (Windows NT 6.1; WOW64; rv:40.0) Gecko/20100101 Firefox/40.1"
27.7.236.26 - - [07/Oct/2017:17:42:43 +0000] "GET /wp-login.php HTTP/1.1" 301 625 "-" "Mozilla/5.0 (Windows NT 6.1; WOW64; rv:40.0) Gecko/20100101 Firefox/40.1"
27.7.236.26 - - [07/Oct/2017:17:42:44 +0000] "GET /wp-login.php HTTP/1.1" 301 859 "-" "Mozilla/5.0 (Windows NT 6.1; WOW64; rv:40.0) Gecko/20100101 Firefox/40.1"
27.7.236.26 - - [07/Oct/2017:17:42:50 +0000] "GET / HTTP/1.1" 301 601 "-" "Mozilla/5.0 (Windows NT 6.1; WOW64; rv:40.0) Gecko/20100101 Firefox/40.1"
27.7.236.26 - - [07/Oct/2017:17:42:50 +0000] "GET / HTTP/1.1" 301 827 "-" "Mozilla/5.0 (Windows NT 6.1; WOW64; rv:40.0) Gecko/20100101 Firefox/40.1"
