54.241.190.94 - - [05/Oct/2017:06:25:19 +0000] "GET / HTTP/1.1" 301 564 "-" "https://github.com/blakeembrey/popsicle"
54.241.190.94 - - [05/Oct/2017:06:25:19 +0000] "GET / HTTP/1.1" 301 4125 "-" "https://github.com/blakeembrey/popsicle"
192.0.113.210 - - [05/Oct/2017:06:25:40 +0000] "GET /wp-content/uploads/2016/03/page-iii.png HTTP/1.1" 301 620 "-" "Photon/1.0"
192.0.113.210 - - [05/Oct/2017:06:25:40 +0000] "GET /wp-content/uploads/2016/03/page-iii.png HTTP/1.1" 301 3975 "-" "Photon/1.0"
54.208.5.181 - - [05/Oct/2017:06:27:35 +0000] "GET / HTTP/1.1" 301 564 "-" "https://github.com/blakeembrey/popsicle"
54.208.5.181 - - [05/Oct/2017:06:27:35 +0000] "GET / HTTP/1.1" 301 4125 "-" "https://github.com/blakeembrey/popsicle"
54.241.190.94 - - [05/Oct/2017:06:29:39 +0000] "GET / HTTP/1.1" 301 564 "-" "https://github.com/blakeembrey/popsicle"
54.241.190.94 - - [05/Oct/2017:06:29:39 +0000] "GET / HTTP/1.1" 301 780 "-" "https://github.com/blakeembrey/popsicle"
54.160.241.238 - - [05/Oct/2017:06:30:49 +0000] "GET / HTTP/1.1" 301 564 "-" "-"
54.160.241.238 - - [05/Oct/2017:06:30:49 +0000] "GET / HTTP/1.1" 301 4125 "http://weeklypythonexercise.com/" "-"
124.104.126.28 - - [05/Oct/2017:06:31:01 +0000] "GET /wp-login.php HTTP/1.1" 301 622 "-" "Mozilla/5.0 (Windows NT 6.1; WOW64; rv:40.0) Gecko/20100101 Firefox/40.1"
124.104.126.28 - - [05/Oct/2017:06:31:02 +0000] "GET /wp-login.php HTTP/1.1" 301 3991 "-" "Mozilla/5.0 (Windows NT 6.1; WOW64; rv:40.0) Gecko/20100101 Firefox/40.1"
124.104.126.28 - - [05/Oct/2017:06:31:08 +0000] "GET /wp-login.php HTTP/1.1" 301 622 "-" "Mozilla/5.0 (Windows NT 6.1; WOW64; rv:40.0) Gecko/20100101 Firefox/40.1"
124.104.126.28 - - [05/Oct/2017:06:31:08 +0000] "GET /wp-login.php HTTP/1.1" 301 859 "-" "Mozilla/5.0 (Windows NT 6.1; WOW64; rv:40.0) Gecko/20100101 Firefox/40.1"
124.104.126.28 - - [05/Oct/2017:06:31:14 +0000] "GET / HTTP/1.1" 301 598 "-" "Mozilla/5.0 (Windows NT 6.1; WOW64; rv:40.0) Gecko/20100101 Firefox/40.1"
124.104.126.28 - - [05/Oct/2017:06:31:15 +0000] "GET / HTTP/1.1" 301 827 "-" "Mozilla/5.0 (Windows NT 6.1; WOW64; rv:40.0) Gecko/20100101 Firefox/40.1"
62.102.148.67 - - [05/Oct/2017:06:32:20 +0000] "GET / HTTP/1.1" 301 536 "-" "Mozilla/5.0 (Windows NT 5.1; rv:7.0.1) Gecko/20100101 Firefox/7.0.1"
62.102.148.67 - - [05/Oct/2017:06:32:22 +0000] "GET / HTTP/1.1" 301 3947 "-" "Mozilla/5.0 (Windows NT 5.1; rv:7.0.1) Gecko/20100101 Firefox/7.0.1"
52.53.183.117 - - [05/Oct/2017:06:33:58 +0000] "GET / HTTP/1.1" 301 564 "-" "https://github.com/blakeembrey/popsicle"
52.53.183.117 - - [05/Oct/2017:06:33:59 +0000] "GET / HTTP/1.1" 301 4125 "-" "https://github.com/blakeembrey/popsicle"
52.53.154.245 - - [05/Oct/2017:06:38:18 +0000] "GET / HTTP/1.1" 301 564 "-" "https://github.com/blakeembrey/popsicle"
52.53.154.245 - - [05/Oct/2017:06:38:18 +0000] "GET / HTTP/1.1" 301 4125 "-" "https://github.com/blakeembrey/popsicle"
66.249.64.142 - - [05/Oct/2017:06:40:26 +0000] "GET / HTTP/1.1" 301 598 "-" "Mozilla/5.0 (Linux; Android 6.0.1; Nexus 5X Build/MMB29P) AppleWebKit/537.36 (KHTML, like Gecko) Chrome/41.0.2272.96 Mobile Safari/537.36 (compatible; Googlebot/2.1; +http://www.google.com/bot.html)"
66.249.64.155 - - [05/Oct/2017:06:40:27 +0000] "GET / HTTP/1.1" 301 4143 "-" "Mozilla/5.0 (Linux; Android 6.0.1; Nexus 5X Build/MMB29P) AppleWebKit/537.36 (KHTML, like Gecko) Chrome/41.0.2272.96 Mobile Safari/537.36 (compatible; Googlebot/2.1; +http://www.google.com/bot.html)"
52.53.154.245 - - [05/Oct/2017:06:42:37 +0000] "GET / HTTP/1.1" 301 564 "-" "https://github.com/blakeembrey/popsicle"
52.53.154.245 - - [05/Oct/2017:06:42:38 +0000] "GET / HTTP/1.1" 301 780 "-" "https://github.com/blakeembrey/popsicle"
54.208.5.181 - - [05/Oct/2017:06:44:14 +0000] "GET / HTTP/1.1" 301 564 "-" "https://github.com/blakeembrey/popsicle"
54.208.5.181 - - [05/Oct/2017:06:44:14 +0000] "GET / HTTP/1.1" 301 4125 "-" "https://github.com/blakeembrey/popsicle"
124.104.126.28 - - [05/Oct/2017:06:45:54 +0000] "GET /wp-login.php HTTP/1.1" 301 622 "-" "Mozilla/5.0 (Windows NT 6.1; WOW64; rv:40.0) Gecko/20100101 Firefox/40.1"
124.104.126.28 - - [05/Oct/2017:06:45:55 +0000] "GET /wp-login.php HTTP/1.1" 301 3991 "-" "Mozilla/5.0 (Windows NT 6.1; WOW64; rv:40.0) Gecko/20100101 Firefox/40.1"
124.104.126.28 - - [05/Oct/2017:06:46:01 +0000] "GET /wp-login.php HTTP/1.1" 301 622 "-" "Mozilla/5.0 (Windows NT 6.1; WOW64; rv:40.0) Gecko/20100101 Firefox/40.1"
124.104.126.28 - - [05/Oct/2017:06:46:02 +0000] "GET /wp-login.php HTTP/1.1" 301 859 "-" "Mozilla/5.0 (Windows NT 6.1; WOW64; rv:40.0) Gecko/20100101 Firefox/40.1"
124.104.126.28 - - [05/Oct/2017:06:46:08 +0000] "GET / HTTP/1.1" 301 598 "-" "Mozilla/5.0 (Windows NT 6.1; WOW64; rv:40.0) Gecko/20100101 Firefox/40.1"
124.104.126.28 - - [05/Oct/2017:06:46:09 +0000] "GET / HTTP/1.1" 301 827 "-" "Mozilla/5.0 (Windows NT 6.1; WOW64; rv:40.0) Gecko/20100101 Firefox/40.1"
141.138.141.208 - - [05/Oct/2017:06:46:50 +0000] "GET / HTTP/1.1" 301 524 "-" "Mozilla/5.0 (Windows NT 5.1; rv:7.0.1) Gecko/20100101 Firefox/7.0.1"
141.138.141.208 - - [05/Oct/2017:06:46:53 +0000] "GET / HTTP/1.1" 301 3877 "-" "Mozilla/5.0 (Windows NT 5.1; rv:7.0.1) Gecko/20100101 Firefox/7.0.1"
52.53.154.245 - - [05/Oct/2017:06:46:58 +0000] "GET / HTTP/1.1" 301 564 "-" "https://github.com/blakeembrey/popsicle"
52.53.154.245 - - [05/Oct/2017:06:46:58 +0000] "GET / HTTP/1.1" 301 4125 "-" "https://github.com/blakeembrey/popsicle"
157.49.9.85 - - [05/Oct/2017:06:47:12 +0000] "GET / HTTP/1.1" 301 601 "-" "Mozilla/5.0 (Android 7.0; Mobile; rv:58.0) Gecko/58.0 Firefox/58.0"
157.49.9.85 - - [05/Oct/2017:06:47:13 +0000] "GET / HTTP/1.1" 301 4177 "-" "Mozilla/5.0 (Android 7.0; Mobile; rv:58.0) Gecko/58.0 Firefox/58.0"
54.160.241.238 - - [05/Oct/2017:06:48:09 +0000] "GET / HTTP/1.1" 301 564 "-" "-"
54.160.241.238 - - [05/Oct/2017:06:48:09 +0000] "GET / HTTP/1.1" 301 4125 "http://weeklypythonexercise.com/" "-"
124.104.126.28 - - [05/Oct/2017:06:50:12 +0000] "GET /wp-login.php HTTP/1.1" 301 625 "-" "Mozilla/5.0 (Windows NT 6.1; WOW64; rv:40.0) Gecko/20100101 Firefox/40.1"
124.104.126.28 - - [05/Oct/2017:06:50:13 +0000] "GET /wp-login.php HTTP/1.1" 301 3991 "-" "Mozilla/5.0 (Windows NT 6.1; WOW64; rv:40.0) Gecko/20100101 Firefox/40.1"
136.243.12.135 - - [05/Oct/2017:06:50:17 +0000] "GET /feed/ HTTP/1.0" 301 571 "-" "-"
124.104.126.28 - - [05/Oct/2017:06:50:19 +0000] "GET /wp-login.php HTTP/1.1" 301 625 "-" "Mozilla/5.0 (Windows NT 6.1; WOW64; rv:40.0) Gecko/20100101 Firefox/40.1"
124.104.126.28 - - [05/Oct/2017:06:50:20 +0000] "GET /wp-login.php HTTP/1.1" 301 859 "-" "Mozilla/5.0 (Windows NT 6.1; WOW64; rv:40.0) Gecko/20100101 Firefox/40.1"
136.243.12.135 - - [05/Oct/2017:06:50:26 +0000] "GET /feed/ HTTP/1.0" 301 4121 "-" "-"
124.104.126.28 - - [05/Oct/2017:06:50:26 +0000] "GET / HTTP/1.1" 301 601 "-" "Mozilla/5.0 (Windows NT 6.1; WOW64; rv:40.0) Gecko/20100101 Firefox/40.1"
124.104.126.28 - - [05/Oct/2017:06:50:27 +0000] "GET / HTTP/1.1" 301 827 "-" "Mozilla/5.0 (Windows NT 6.1; WOW64; rv:40.0) Gecko/20100101 Firefox/40.1"
52.53.183.117 - - [05/Oct/2017:06:51:18 +0000] "GET / HTTP/1.1" 301 564 "-" "https://github.com/blakeembrey/popsicle"
52.53.183.117 - - [05/Oct/2017:06:51:18 +0000] "GET / HTTP/1.1" 301 4125 "-" "https://github.com/blakeembrey/popsicle"
81.168.8.141 - - [05/Oct/2017:06:52:01 +0000] "GET / HTTP/1.1" 301 601 "https://news.ycombinator.com/" "Mozilla/5.0 (Linux; Android 8.0.0; Pixel XL Build/OPR3.170623.007) AppleWebKit/537.36 (KHTML, like Gecko) Chrome/61.0.3163.98 Mobile Safari/537.36"
81.168.8.141 - - [05/Oct/2017:06:52:01 +0000] "GET / HTTP/1.1" 301 4177 "https://news.ycombinator.com/" "Mozilla/5.0 (Linux; Android 8.0.0; Pixel XL Build/OPR3.170623.007) AppleWebKit/537.36 (KHTML, like Gecko) Chrome/61.0.3163.98 Mobile Safari/537.36"
54.241.190.94 - - [05/Oct/2017:06:55:38 +0000] "GET / HTTP/1.1" 301 564 "-" "https://github.com/blakeembrey/popsicle"
54.241.190.94 - - [05/Oct/2017:06:55:38 +0000] "GET / HTTP/1.1" 301 4125 "-" "https://github.com/blakeembrey/popsicle"
81.168.8.141 - - [05/Oct/2017:06:57:01 +0000] "-" 408 3497 "-" "-"
52.53.154.245 - - [05/Oct/2017:06:59:58 +0000] "GET / HTTP/1.1" 301 564 "-" "https://github.com/blakeembrey/popsicle"
52.53.154.245 - - [05/Oct/2017:06:59:58 +0000] "GET / HTTP/1.1" 301 4125 "-" "https://github.com/blakeembrey/popsicle"
54.208.5.181 - - [05/Oct/2017:07:00:54 +0000] "GET / HTTP/1.1" 301 564 "-" "https://github.com/blakeembrey/popsicle"
54.208.5.181 - - [05/Oct/2017:07:00:54 +0000] "GET / HTTP/1.1" 301 4125 "-" "https://github.com/blakeembrey/popsicle"
54.160.241.238 - - [05/Oct/2017:07:02:01 +0000] "GET / HTTP/1.1" 301 564 "-" "-"
54.160.241.238 - - [05/Oct/2017:07:02:01 +0000] "GET / HTTP/1.1" 301 4125 "http://weeklypythonexercise.com/" "-"
52.53.183.117 - - [05/Oct/2017:07:04:17 +0000] "GET / HTTP/1.1" 301 564 "-" "https://github.com/blakeembrey/popsicle"
52.53.183.117 - - [05/Oct/2017:07:04:18 +0000] "GET / HTTP/1.1" 301 4125 "-" "https://github.com/blakeembrey/popsicle"
5.9.149.98 - - [05/Oct/2017:07:08:21 +0000] "GET /robots.txt HTTP/1.1" 301 618 "-" "Mozilla/5.0 (compatible; MJ12bot/v1.4.7; http://mj12bot.com/)"
5.9.149.98 - - [05/Oct/2017:07:08:21 +0000] "GET /robots.txt HTTP/1.1" 301 4163 "-" "Mozilla/5.0 (compatible; MJ12bot/v1.4.7; http://mj12bot.com/)"
5.9.149.98 - - [05/Oct/2017:07:08:21 +0000] "GET /robots.txt HTTP/1.1" 301 618 "-" "Mozilla/5.0 (compatible; MJ12bot/v1.4.7; http://mj12bot.com/)"
5.9.149.98 - - [05/Oct/2017:07:08:28 +0000] "GET /2016/04/ HTTP/1.1" 301 558 "-" "Mozilla/5.0 (compatible; MJ12bot/v1.4.7; http://mj12bot.com/)"
5.9.149.98 - - [05/Oct/2017:07:08:36 +0000] "GET /2016/04/ HTTP/1.1" 301 4103 "-" "Mozilla/5.0 (compatible; MJ12bot/v1.4.7; http://mj12bot.com/)"
52.53.183.117 - - [05/Oct/2017:07:08:37 +0000] "GET / HTTP/1.1" 301 564 "-" "https://github.com/blakeembrey/popsicle"
52.53.183.117 - - [05/Oct/2017:07:08:38 +0000] "GET / HTTP/1.1" 301 4125 "-" "https://github.com/blakeembrey/popsicle"
5.9.149.98 - - [05/Oct/2017:07:08:42 +0000] "GET /2016/04/ HTTP/1.1" 301 4103 "-" "Mozilla/5.0 (compatible; MJ12bot/v1.4.7; http://mj12bot.com/)"
52.53.154.245 - - [05/Oct/2017:07:12:57 +0000] "GET / HTTP/1.1" 301 564 "-" "https://github.com/blakeembrey/popsicle"
52.53.154.245 - - [05/Oct/2017:07:12:58 +0000] "GET / HTTP/1.1" 301 4125 "-" "https://github.com/blakeembrey/popsicle"
54.160.241.238 - - [05/Oct/2017:07:16:15 +0000] "GET / HTTP/1.1" 301 564 "-" "-"
54.160.241.238 - - [05/Oct/2017:07:16:15 +0000] "GET / HTTP/1.1" 301 4125 "http://weeklypythonexercise.com/" "-"
52.53.154.245 - - [05/Oct/2017:07:17:18 +0000] "GET / HTTP/1.1" 301 564 "-" "https://github.com/blakeembrey/popsicle"
52.53.154.245 - - [05/Oct/2017:07:17:18 +0000] "GET / HTTP/1.1" 301 780 "-" "https://github.com/blakeembrey/popsicle"
54.208.5.181 - - [05/Oct/2017:07:17:34 +0000] "GET / HTTP/1.1" 301 564 "-" "https://github.com/blakeembrey/popsicle"
54.208.5.181 - - [05/Oct/2017:07:17:34 +0000] "GET / HTTP/1.1" 301 4125 "-" "https://github.com/blakeembrey/popsicle"
93.105.40.2 - - [05/Oct/2017:07:20:43 +0000] "GET / HTTP/1.1" 301 601 "-" "Mozilla/5.0 (Macintosh; Intel Mac OS X 10.10; rv:48.0) Gecko/20100101 Firefox/48.0"
93.105.40.2 - - [05/Oct/2017:07:20:43 +0000] "GET / HTTP/1.1" 301 4177 "-" "Mozilla/5.0 (Macintosh; Intel Mac OS X 10.10; rv:48.0) Gecko/20100101 Firefox/48.0"
54.226.35.81 - - [05/Oct/2017:07:21:11 +0000] "GET / HTTP/1.1" 301 601 "-" "Mozilla/5.0 (Unknown; Linux x86_64) AppleWebKit/534.34 (KHTML, like Gecko) PhantomJS/1.9.8 Safari/534.34"
54.226.35.81 - - [05/Oct/2017:07:21:11 +0000] "GET / HTTP/1.1" 301 4131 "-" "Mozilla/5.0 (Unknown; Linux x86_64) AppleWebKit/534.34 (KHTML, like Gecko) PhantomJS/1.9.8 Safari/534.34"
66.249.64.216 - - [05/Oct/2017:07:21:37 +0000] "GET /robots.txt HTTP/1.1" 301 630 "-" "Mozilla/5.0 (compatible; Googlebot/2.1; +http://www.google.com/bot.html)"
66.249.64.221 - - [05/Oct/2017:07:21:38 +0000] "GET /robots.txt HTTP/1.1" 301 4183 "-" "Mozilla/5.0 (compatible; Googlebot/2.1; +http://www.google.com/bot.html)"
52.53.183.117 - - [05/Oct/2017:07:21:38 +0000] "GET / HTTP/1.1" 301 564 "-" "https://github.com/blakeembrey/popsicle"
52.53.183.117 - - [05/Oct/2017:07:21:38 +0000] "GET / HTTP/1.1" 301 4125 "-" "https://github.com/blakeembrey/popsicle"
66.249.64.214 - - [05/Oct/2017:07:21:38 +0000] "GET / HTTP/1.1" 301 610 "-" "Mozilla/5.0 (compatible; Googlebot/2.1; +http://www.google.com/bot.html)"
66.249.64.217 - - [05/Oct/2017:07:21:39 +0000] "GET / HTTP/1.1" 301 4163 "-" "Mozilla/5.0 (compatible; Googlebot/2.1; +http://www.google.com/bot.html)"
66.249.64.216 - - [05/Oct/2017:07:21:40 +0000] "GET / HTTP/1.1" 301 609 "-" "Mozilla/5.0 (compatible; Googlebot/2.1; +http://www.google.com/bot.html)"
66.249.64.221 - - [05/Oct/2017:07:21:40 +0000] "GET / HTTP/1.1" 301 680 "-" "Mozilla/5.0 (compatible; Googlebot/2.1; +http://www.google.com/bot.html)"
52.53.183.117 - - [05/Oct/2017:07:25:58 +0000] "GET / HTTP/1.1" 301 564 "-" "https://github.com/blakeembrey/popsicle"
52.53.183.117 - - [05/Oct/2017:07:25:58 +0000] "GET / HTTP/1.1" 301 4125 "-" "https://github.com/blakeembrey/popsicle"
54.160.241.238 - - [05/Oct/2017:07:30:08 +0000] "GET / HTTP/1.1" 301 564 "-" "-"
54.160.241.238 - - [05/Oct/2017:07:30:08 +0000] "GET / HTTP/1.1" 301 4125 "http://weeklypythonexercise.com/" "-"
54.241.190.94 - - [05/Oct/2017:07:30:18 +0000] "GET / HTTP/1.1" 301 564 "-" "https://github.com/blakeembrey/popsicle"
54.241.190.94 - - [05/Oct/2017:07:30:18 +0000] "GET / HTTP/1.1" 301 4125 "-" "https://github.com/blakeembrey/popsicle"
54.84.45.17 - - [05/Oct/2017:07:34:14 +0000] "GET / HTTP/1.1" 301 564 "-" "https://github.com/blakeembrey/popsicle"
54.84.45.17 - - [05/Oct/2017:07:34:14 +0000] "GET / HTTP/1.1" 301 4125 "-" "https://github.com/blakeembrey/popsicle"
43.224.159.111 - - [05/Oct/2017:07:34:15 +0000] "GET /wp-login.php HTTP/1.1" 301 622 "-" "Mozilla/5.0 (Windows NT 6.1; WOW64; rv:40.0) Gecko/20100101 Firefox/40.1"
43.224.159.111 - - [05/Oct/2017:07:34:16 +0000] "GET /wp-login.php HTTP/1.1" 301 4167 "-" "Mozilla/5.0 (Windows NT 6.1; WOW64; rv:40.0) Gecko/20100101 Firefox/40.1"
43.224.159.111 - - [05/Oct/2017:07:34:18 +0000] "GET / HTTP/1.1" 301 597 "-" "Mozilla/5.0 (Windows NT 6.1; WOW64; rv:40.0) Gecko/20100101 Firefox/40.1"
43.224.159.111 - - [05/Oct/2017:07:34:18 +0000] "GET / HTTP/1.1" 301 676 "-" "Mozilla/5.0 (Windows NT 6.1; WOW64; rv:40.0) Gecko/20100101 Firefox/40.1"
76.89.139.125 - - [05/Oct/2017:07:34:35 +0000] "GET / HTTP/1.1" 301 601 "https://news.ycombinator.com/" "Mozilla/5.0 (Linux; Android 8.0.0; Pixel Build/OPR1.170623.026) AppleWebKit/537.36 (KHTML, like Gecko) Chrome/61.0.3163.98 Mobile Safari/537.36"
76.89.139.125 - - [05/Oct/2017:07:34:35 +0000] "GET / HTTP/1.1" 301 4177 "https://news.ycombinator.com/" "Mozilla/5.0 (Linux; Android 8.0.0; Pixel Build/OPR1.170623.026) AppleWebKit/537.36 (KHTML, like Gecko) Chrome/61.0.3163.98 Mobile Safari/537.36"
54.241.190.94 - - [05/Oct/2017:07:34:38 +0000] "GET / HTTP/1.1" 301 564 "-" "https://github.com/blakeembrey/popsicle"
54.241.190.94 - - [05/Oct/2017:07:34:38 +0000] "GET / HTTP/1.1" 301 4125 "-" "https://github.com/blakeembrey/popsicle"
54.241.190.94 - - [05/Oct/2017:07:38:58 +0000] "GET / HTTP/1.1" 301 564 "-" "https://github.com/blakeembrey/popsicle"
54.241.190.94 - - [05/Oct/2017:07:38:58 +0000] "GET / HTTP/1.1" 301 4125 "-" "https://github.com/blakeembrey/popsicle"
93.175.201.169 - - [05/Oct/2017:07:39:44 +0000] "GET / HTTP/1.1" 301 561 "-" "Mozilla/4.0 (compatible; MSIE 5.0; Windows NT; DigExt; DTS Agent"
93.175.201.169 - - [05/Oct/2017:07:39:44 +0000] "GET / HTTP/1.1" 301 561 "-" "Mozilla/4.0 (compatible; MSIE 5.0; Windows NT; DigExt; DTS Agent"
93.175.201.169 - - [05/Oct/2017:07:39:44 +0000] "GET / HTTP/1.1" 301 564 "-" "Mozilla/4.0 (compatible; MSIE 5.0; Windows NT; DigExt; DTS Agent"
93.175.201.169 - - [05/Oct/2017:07:39:48 +0000] "GET / HTTP/1.1" 301 561 "-" "Mozilla/4.0 (compatible; MSIE 5.0; Windows NT; DigExt; DTS Agent"
203.175.67.206 - - [05/Oct/2017:07:41:06 +0000] "GET /wp-login.php HTTP/1.1" 301 622 "-" "Mozilla/5.0 (Windows NT 6.1; WOW64; rv:40.0) Gecko/20100101 Firefox/40.1"
203.175.67.185 - - [05/Oct/2017:07:41:07 +0000] "GET /wp-login.php HTTP/1.1" 301 3986 "-" "Mozilla/5.0 (Windows NT 6.1; WOW64; rv:40.0) Gecko/20100101 Firefox/40.1"
203.175.67.206 - - [05/Oct/2017:07:41:14 +0000] "GET /wp-login.php HTTP/1.1" 301 622 "-" "Mozilla/5.0 (Windows NT 6.1; WOW64; rv:40.0) Gecko/20100101 Firefox/40.1"
203.175.67.206 - - [05/Oct/2017:07:41:14 +0000] "GET /wp-login.php HTTP/1.1" 301 852 "-" "Mozilla/5.0 (Windows NT 6.1; WOW64; rv:40.0) Gecko/20100101 Firefox/40.1"
203.175.67.185 - - [05/Oct/2017:07:41:21 +0000] "GET / HTTP/1.1" 301 598 "-" "Mozilla/5.0 (Windows NT 6.1; WOW64; rv:40.0) Gecko/20100101 Firefox/40.1"
203.175.67.206 - - [05/Oct/2017:07:41:22 +0000] "GET / HTTP/1.1" 301 820 "-" "Mozilla/5.0 (Windows NT 6.1; WOW64; rv:40.0) Gecko/20100101 Firefox/40.1"
54.241.190.94 - - [05/Oct/2017:07:43:18 +0000] "GET / HTTP/1.1" 301 564 "-" "https://github.com/blakeembrey/popsicle"
54.241.190.94 - - [05/Oct/2017:07:43:18 +0000] "GET / HTTP/1.1" 301 780 "-" "https://github.com/blakeembrey/popsicle"
85.248.227.164 - - [05/Oct/2017:07:44:17 +0000] "POST /xmlrpc.php HTTP/1.1" 301 544 "-" "Mozilla/4.0 (compatible; MSIE 7.0; Windows NT 6.0; Trident/4.0; GTB6.3; SLCC1; .NET CLR 2.0.50727; .NET CLR 3.5.21022; .NET CLR 3.5.30729; .NET CLR 3.0.30729)"
69.84.207.246 - - [05/Oct/2017:07:45:05 +0000] "GET / HTTP/1.1" 301 592 "-" "Mozilla/5.0 (Windows; U; MSIE 9.0; Windows NT 9.0; en-US"
69.84.207.246 - - [05/Oct/2017:07:45:05 +0000] "GET / HTTP/1.1" 301 4241 "-" "Mozilla/5.0 (Windows; U; MSIE 9.0; Windows NT 9.0; en-US"
69.84.207.246 - - [05/Oct/2017:07:45:08 +0000] "GET / HTTP/1.1" 301 580 "-" "Mozilla/5.0 (Windows; U; MSIE 9.0; Windows NT 9.0; en-US"
69.84.207.246 - - [05/Oct/2017:07:45:09 +0000] "GET / HTTP/1.1" 301 4241 "-" "Mozilla/5.0 (Windows; U; MSIE 9.0; Windows NT 9.0; en-US"
54.160.241.238 - - [05/Oct/2017:07:45:10 +0000] "GET / HTTP/1.1" 301 564 "-" "-"
54.160.241.238 - - [05/Oct/2017:07:45:10 +0000] "GET / HTTP/1.1" 301 4125 "http://weeklypythonexercise.com/" "-"
52.53.183.117 - - [05/Oct/2017:07:47:38 +0000] "GET / HTTP/1.1" 301 564 "-" "https://github.com/blakeembrey/popsicle"
52.53.183.117 - - [05/Oct/2017:07:47:38 +0000] "GET / HTTP/1.1" 301 4125 "-" "https://github.com/blakeembrey/popsicle"
54.84.45.17 - - [05/Oct/2017:07:50:55 +0000] "GET / HTTP/1.1" 301 564 "-" "https://github.com/blakeembrey/popsicle"
54.84.45.17 - - [05/Oct/2017:07:50:55 +0000] "GET / HTTP/1.1" 301 4125 "-" "https://github.com/blakeembrey/popsicle"
52.53.154.245 - - [05/Oct/2017:07:51:59 +0000] "GET / HTTP/1.1" 301 564 "-" "https://github.com/blakeembrey/popsicle"
52.53.154.245 - - [05/Oct/2017:07:51:59 +0000] "GET / HTTP/1.1" 301 4125 "-" "https://github.com/blakeembrey/popsicle"
66.249.70.9 - - [05/Oct/2017:07:52:25 +0000] "GET /robots.txt HTTP/1.1" 301 618 "-" "Mozilla/5.0 (compatible; Googlebot/2.1; +http://www.google.com/bot.html)"
66.249.70.16 - - [05/Oct/2017:07:52:25 +0000] "GET /robots.txt HTTP/1.1" 301 4163 "-" "Mozilla/5.0 (compatible; Googlebot/2.1; +http://www.google.com/bot.html)"
66.249.70.9 - - [05/Oct/2017:07:52:25 +0000] "GET / HTTP/1.1" 301 597 "-" "Mozilla/5.0 (Linux; Android 6.0.1; Nexus 5X Build/MMB29P) AppleWebKit/537.36 (KHTML, like Gecko) Chrome/41.0.2272.96 Mobile Safari/537.36 (compatible; Googlebot/2.1; +http://www.google.com/bot.html)"
66.249.70.20 - - [05/Oct/2017:07:52:26 +0000] "GET / HTTP/1.1" 301 4143 "-" "Mozilla/5.0 (Linux; Android 6.0.1; Nexus 5X Build/MMB29P) AppleWebKit/537.36 (KHTML, like Gecko) Chrome/41.0.2272.96 Mobile Safari/537.36 (compatible; Googlebot/2.1; +http://www.google.com/bot.html)"
90.192.122.133 - - [05/Oct/2017:07:53:17 +0000] "GET / HTTP/1.1" 301 601 "-" "Mozilla/5.0 (Macintosh; Intel Mac OS X 10.12; rv:54.0) Gecko/20100101 Firefox/54.0"
90.192.122.133 - - [05/Oct/2017:07:53:17 +0000] "GET / HTTP/1.1" 301 4177 "-" "Mozilla/5.0 (Macintosh; Intel Mac OS X 10.12; rv:54.0) Gecko/20100101 Firefox/54.0"
52.53.154.245 - - [05/Oct/2017:07:56:19 +0000] "GET / HTTP/1.1" 301 564 "-" "https://github.com/blakeembrey/popsicle"
52.53.154.245 - - [05/Oct/2017:07:56:19 +0000] "GET / HTTP/1.1" 301 780 "-" "https://github.com/blakeembrey/popsicle"
66.249.70.18 - - [05/Oct/2017:07:57:21 +0000] "GET / HTTP/1.1" 301 4143 "-" "Mozilla/5.0 (compatible; Googlebot/2.1; +http://www.google.com/bot.html)"
54.160.241.238 - - [05/Oct/2017:08:00:09 +0000] "GET / HTTP/1.1" 301 564 "-" "-"
54.160.241.238 - - [05/Oct/2017:08:00:09 +0000] "GET / HTTP/1.1" 301 4125 "http://weeklypythonexercise.com/" "-"
52.53.183.117 - - [05/Oct/2017:08:00:40 +0000] "GET / HTTP/1.1" 301 564 "-" "https://github.com/blakeembrey/popsicle"
52.53.183.117 - - [05/Oct/2017:08:00:40 +0000] "GET / HTTP/1.1" 301 4125 "-" "https://github.com/blakeembrey/popsicle"
54.241.190.94 - - [05/Oct/2017:08:05:00 +0000] "GET / HTTP/1.1" 301 564 "-" "https://github.com/blakeembrey/popsicle"
54.241.190.94 - - [05/Oct/2017:08:05:00 +0000] "GET / HTTP/1.1" 301 4125 "-" "https://github.com/blakeembrey/popsicle"
54.84.45.17 - - [05/Oct/2017:08:07:36 +0000] "GET / HTTP/1.1" 301 564 "-" "https://github.com/blakeembrey/popsicle"
54.84.45.17 - - [05/Oct/2017:08:07:36 +0000] "GET / HTTP/1.1" 301 4125 "-" "https://github.com/blakeembrey/popsicle"
52.53.183.117 - - [05/Oct/2017:08:09:20 +0000] "GET / HTTP/1.1" 301 564 "-" "https://github.com/blakeembrey/popsicle"
52.53.183.117 - - [05/Oct/2017:08:09:20 +0000] "GET / HTTP/1.1" 301 4125 "-" "https://github.com/blakeembrey/popsicle"
65.19.167.131 - - [05/Oct/2017:08:13:38 +0000] "POST /xmlrpc.php HTTP/1.1" 301 3912 "-" "Mozilla/4.0 (compatible; MSIE 8.0; Windows NT 5.1; Trident/4.0; .NET CLR 1.0.3705; .NET CLR 1.1.4322; InfoPath.1; .NET CLR 2.0.50727; .NET CLR 3.0.4506.2152; .NET CLR 3.5.30729; .NET4.0C; .NET4.0E)"
52.53.183.117 - - [05/Oct/2017:08:13:40 +0000] "GET / HTTP/1.1" 301 564 "-" "https://github.com/blakeembrey/popsicle"
52.53.183.117 - - [05/Oct/2017:08:13:41 +0000] "GET / HTTP/1.1" 301 4125 "-" "https://github.com/blakeembrey/popsicle"
52.209.99.222 - - [05/Oct/2017:08:14:45 +0000] "GET /robots.txt HTTP/1.1" 301 618 "-" "Barkrowler/0.5.1 (experimenting / debugging - sorry for your logs ) www.exensa.com/crawl - admin@exensa.com -- based on BUBing"
52.209.99.222 - - [05/Oct/2017:08:14:45 +0000] "GET /robots.txt HTTP/1.1" 301 3968 "-" "Barkrowler/0.5.1 (experimenting / debugging - sorry for your logs ) www.exensa.com/crawl - admin@exensa.com -- based on BUBing"
52.209.99.222 - - [05/Oct/2017:08:14:47 +0000] "GET / HTTP/1.1" 301 598 "-" "Barkrowler/0.5.1 (experimenting / debugging - sorry for your logs ) www.exensa.com/crawl - admin@exensa.com -- based on BUBing"
54.160.241.238 - - [05/Oct/2017:08:16:22 +0000] "GET / HTTP/1.1" 301 564 "-" "-"
54.160.241.238 - - [05/Oct/2017:08:16:22 +0000] "GET / HTTP/1.1" 301 4125 "http://weeklypythonexercise.com/" "-"
52.53.154.245 - - [05/Oct/2017:08:18:00 +0000] "GET / HTTP/1.1" 301 564 "-" "https://github.com/blakeembrey/popsicle"
52.53.154.245 - - [05/Oct/2017:08:18:01 +0000] "GET / HTTP/1.1" 301 4125 "-" "https://github.com/blakeembrey/popsicle"
23.228.86.244 - - [05/Oct/2017:08:18:51 +0000] "GET /administrator/components/com_joomlaupdate/restore.php?task=stepRestore&factory HTTP/1.1" 301 740 "-" "Mozilla/5.0 (Windows NT 5.1; rv:32.0) Gecko/20100101 Firefox/32.0"
23.228.86.244 - - [05/Oct/2017:08:18:51 +0000] "GET /administrator/components/com_joomlaupdate/restore.php?task=stepRestore&factory HTTP/1.1" 301 4088 "-" "Mozilla/5.0 (Windows NT 5.1; rv:32.0) Gecko/20100101 Firefox/32.0"
52.53.154.245 - - [05/Oct/2017:08:22:20 +0000] "GET / HTTP/1.1" 301 564 "-" "https://github.com/blakeembrey/popsicle"
52.53.154.245 - - [05/Oct/2017:08:22:20 +0000] "GET / HTTP/1.1" 301 780 "-" "https://github.com/blakeembrey/popsicle"
46.235.158.196 - - [05/Oct/2017:08:23:50 +0000] "GET / HTTP/1.1" 301 601 "-" "Mozilla/5.0 (Windows NT 6.1; Win64; x64) AppleWebKit/537.36 (KHTML, like Gecko) Chrome/61.0.3163.79 Safari/537.36"
193.30.140.137 - - [05/Oct/2017:08:23:50 +0000] "GET / HTTP/1.1" 301 601 "https://news.ycombinator.com/" "Mozilla/5.0 (Windows NT 6.1; Win64; x64) AppleWebKit/537.36 (KHTML, like Gecko) Chrome/61.0.3163.79 Safari/537.36"
193.30.140.137 - - [05/Oct/2017:08:23:51 +0000] "GET / HTTP/1.1" 301 3951 "https://news.ycombinator.com/" "Mozilla/5.0 (Windows NT 6.1; Win64; x64) AppleWebKit/537.36 (KHTML, like Gecko) Chrome/61.0.3163.79 Safari/537.36"
104.238.169.127 - - [05/Oct/2017:08:24:11 +0000] "GET /robots.txt HTTP/1.1" 301 621 "-" "Mozilla/5.0 (Macintosh; Intel Mac OS X 10_12_6) AppleWebKit/537.36 (KHTML, like Gecko) Chrome/61.0.3163.100 Safari/537.36"
104.238.169.127 - - [05/Oct/2017:08:24:11 +0000] "GET / HTTP/1.1" 301 601 "https://news.ycombinator.com/" "Mozilla/5.0 (Macintosh; Intel Mac OS X 10_12_6) AppleWebKit/537.36 (KHTML, like Gecko) Chrome/61.0.3163.100 Safari/537.36"
104.238.169.127 - - [05/Oct/2017:08:24:12 +0000] "GET /robots.txt HTTP/1.1" 301 4197 "-" "Mozilla/5.0 (Macintosh; Intel Mac OS X 10_12_6) AppleWebKit/537.36 (KHTML, like Gecko) Chrome/61.0.3163.100 Safari/537.36"
104.238.169.127 - - [05/Oct/2017:08:24:12 +0000] "GET / HTTP/1.1" 301 4177 "https://news.ycombinator.com/" "Mozilla/5.0 (Macintosh; Intel Mac OS X 10_12_6) AppleWebKit/537.36 (KHTML, like Gecko) Chrome/61.0.3163.100 Safari/537.36"
54.208.5.181 - - [05/Oct/2017:08:24:17 +0000] "GET / HTTP/1.1" 301 564 "-" "https://github.com/blakeembrey/popsicle"
54.208.5.181 - - [05/Oct/2017:08:24:17 +0000] "GET / HTTP/1.1" 301 4125 "-" "https://github.com/blakeembrey/popsicle"
52.53.183.117 - - [05/Oct/2017:08:26:41 +0000] "GET / HTTP/1.1" 301 564 "-" "https://github.com/blakeembrey/popsicle"
52.53.183.117 - - [05/Oct/2017:08:26:41 +0000] "GET / HTTP/1.1" 301 4125 "-" "https://github.com/blakeembrey/popsicle"
52.53.183.117 - - [05/Oct/2017:08:31:01 +0000] "GET / HTTP/1.1" 301 564 "-" "https://github.com/blakeembrey/popsicle"
52.53.183.117 - - [05/Oct/2017:08:31:01 +0000] "GET / HTTP/1.1" 301 4125 "-" "https://github.com/blakeembrey/popsicle"
54.160.241.238 - - [05/Oct/2017:08:31:59 +0000] "GET / HTTP/1.1" 301 564 "-" "-"
54.160.241.238 - - [05/Oct/2017:08:31:59 +0000] "GET / HTTP/1.1" 301 4125 "http://weeklypythonexercise.com/" "-"
62.98.2.191 - - [05/Oct/2017:08:32:02 +0000] "POST /index.php HTTP/1.1" 301 561 "http://trainerweekly.com/index.php" "Mozilla/4.0 (compatible; MSIE 6.0; Windows NT 5.1; SV1)"
62.98.2.191 - - [05/Oct/2017:08:32:04 +0000] "GET /index.php HTTP/1.1" 301 3914 "https://trainerweekly.com/index.php" "Mozilla/4.0 (compatible; MSIE 6.0; Windows NT 5.1; SV1)"
52.53.154.245 - - [05/Oct/2017:08:35:20 +0000] "GET / HTTP/1.1" 301 564 "-" "https://github.com/blakeembrey/popsicle"
52.53.154.245 - - [05/Oct/2017:08:35:20 +0000] "GET / HTTP/1.1" 301 4125 "-" "https://github.com/blakeembrey/popsicle"
66.249.64.138 - - [05/Oct/2017:08:37:42 +0000] "GET / HTTP/1.1" 301 598 "-" "Mozilla/5.0 (compatible; Googlebot/2.1; +http://www.google.com/bot.html)"
66.249.64.157 - - [05/Oct/2017:08:37:43 +0000] "GET / HTTP/1.1" 301 4143 "-" "Mozilla/5.0 (compatible; Googlebot/2.1; +http://www.google.com/bot.html)"
54.241.190.94 - - [05/Oct/2017:08:39:39 +0000] "GET / HTTP/1.1" 301 564 "-" "https://github.com/blakeembrey/popsicle"
54.241.190.94 - - [05/Oct/2017:08:39:40 +0000] "GET / HTTP/1.1" 301 4125 "-" "https://github.com/blakeembrey/popsicle"
155.94.88.58 - - [05/Oct/2017:08:40:20 +0000] "GET / HTTP/1.0" 301 555 "-" "sysscan/1.0 (https://github.com/robertdavidgraham/sysscan)"
54.84.45.17 - - [05/Oct/2017:08:40:56 +0000] "GET / HTTP/1.1" 301 564 "-" "https://github.com/blakeembrey/popsicle"
54.84.45.17 - - [05/Oct/2017:08:40:56 +0000] "GET / HTTP/1.1" 301 4125 "-" "https://github.com/blakeembrey/popsicle"
54.241.190.94 - - [05/Oct/2017:08:44:01 +0000] "GET / HTTP/1.1" 301 564 "-" "https://github.com/blakeembrey/popsicle"
54.241.190.94 - - [05/Oct/2017:08:44:02 +0000] "GET / HTTP/1.1" 301 4125 "-" "https://github.com/blakeembrey/popsicle"
54.160.241.238 - - [05/Oct/2017:08:46:56 +0000] "GET / HTTP/1.1" 301 564 "-" "-"
54.160.241.238 - - [05/Oct/2017:08:46:56 +0000] "GET / HTTP/1.1" 301 4125 "http://weeklypythonexercise.com/" "-"
52.53.154.245 - - [05/Oct/2017:08:48:20 +0000] "GET / HTTP/1.1" 301 564 "-" "https://github.com/blakeembrey/popsicle"
52.53.154.245 - - [05/Oct/2017:08:48:21 +0000] "GET / HTTP/1.1" 301 4125 "-" "https://github.com/blakeembrey/popsicle"
52.53.183.117 - - [05/Oct/2017:08:52:40 +0000] "GET / HTTP/1.1" 301 564 "-" "https://github.com/blakeembrey/popsicle"
52.53.183.117 - - [05/Oct/2017:08:52:41 +0000] "GET / HTTP/1.1" 301 4125 "-" "https://github.com/blakeembrey/popsicle"
52.53.183.117 - - [05/Oct/2017:08:57:00 +0000] "GET / HTTP/1.1" 301 564 "-" "https://github.com/blakeembrey/popsicle"
52.53.183.117 - - [05/Oct/2017:08:57:00 +0000] "GET / HTTP/1.1" 301 4125 "-" "https://github.com/blakeembrey/popsicle"
54.208.5.181 - - [05/Oct/2017:08:57:37 +0000] "GET / HTTP/1.1" 301 564 "-" "https://github.com/blakeembrey/popsicle"
54.208.5.181 - - [05/Oct/2017:08:57:37 +0000] "GET / HTTP/1.1" 301 4125 "-" "https://github.com/blakeembrey/popsicle"
106.51.128.115 - - [05/Oct/2017:08:58:26 +0000] "GET / HTTP/1.1" 301 601 "https://news.ycombinator.com/" "Mozilla/5.0 (X11; Linux x86_64) AppleWebKit/537.36 (KHTML, like Gecko) Chrome/61.0.3163.100 Safari/537.36 OPR/48.0.2685.35"
106.51.128.115 - - [05/Oct/2017:08:58:27 +0000] "GET / HTTP/1.1" 301 4177 "https://news.ycombinator.com/" "Mozilla/5.0 (X11; Linux x86_64) AppleWebKit/537.36 (KHTML, like Gecko) Chrome/61.0.3163.100 Safari/537.36 OPR/48.0.2685.35"
54.160.241.238 - - [05/Oct/2017:09:01:02 +0000] "GET / HTTP/1.1" 301 564 "-" "-"
54.160.241.238 - - [05/Oct/2017:09:01:03 +0000] "GET / HTTP/1.1" 301 4125 "http://weeklypythonexercise.com/" "-"
52.53.183.117 - - [05/Oct/2017:09:01:20 +0000] "GET / HTTP/1.1" 301 564 "-" "https://github.com/blakeembrey/popsicle"
52.53.183.117 - - [05/Oct/2017:09:01:21 +0000] "GET / HTTP/1.1" 301 4125 "-" "https://github.com/blakeembrey/popsicle"
66.249.64.211 - - [05/Oct/2017:09:03:00 +0000] "GET / HTTP/1.1" 301 4162 "-" "Mozilla/5.0 (compatible; Googlebot/2.1; +http://www.google.com/bot.html)"
52.53.183.117 - - [05/Oct/2017:09:05:40 +0000] "GET / HTTP/1.1" 301 564 "-" "https://github.com/blakeembrey/popsicle"
52.53.183.117 - - [05/Oct/2017:09:05:41 +0000] "GET / HTTP/1.1" 301 4125 "-" "https://github.com/blakeembrey/popsicle"
66.249.64.204 - - [05/Oct/2017:09:08:44 +0000] "GET / HTTP/1.1" 301 601 "-" "Mozilla/5.0 (compatible; Googlebot/2.1; +http://www.google.com/bot.html)"
52.53.183.117 - - [05/Oct/2017:09:10:01 +0000] "GET / HTTP/1.1" 301 564 "-" "https://github.com/blakeembrey/popsicle"
52.53.183.117 - - [05/Oct/2017:09:10:01 +0000] "GET / HTTP/1.1" 301 4125 "-" "https://github.com/blakeembrey/popsicle"
185.2.196.196 - - [05/Oct/2017:09:13:26 +0000] "GET / HTTP/1.1" 301 601 "-" "Mozilla/5.0 (Windows NT 6.3; Win64; x64) AppleWebKit/537.36 (KHTML, like Gecko) Chrome/61.0.3163.100 Safari/537.36"
62.172.72.131 - - [05/Oct/2017:09:13:26 +0000] "GET / HTTP/1.1" 301 601 "https://news.ycombinator.com/" "Mozilla/5.0 (Windows NT 6.3; Win64; x64) AppleWebKit/537.36 (KHTML, like Gecko) Chrome/61.0.3163.100 Safari/537.36"
62.172.72.131 - - [05/Oct/2017:09:13:27 +0000] "GET / HTTP/1.1" 301 4177 "https://news.ycombinator.com/" "Mozilla/5.0 (Windows NT 6.3; Win64; x64) AppleWebKit/537.36 (KHTML, like Gecko) Chrome/61.0.3163.100 Safari/537.36"
5.196.87.33 - - [05/Oct/2017:09:14:18 +0000] "GET /robots.txt HTTP/1.1" 301 3977 "-" "Mozilla/5.0 (compatible; AhrefsBot/5.2; +http://ahrefs.com/robot/)"
54.208.5.181 - - [05/Oct/2017:09:14:19 +0000] "GET / HTTP/1.1" 301 564 "-" "https://github.com/blakeembrey/popsicle"
54.208.5.181 - - [05/Oct/2017:09:14:19 +0000] "GET / HTTP/1.1" 301 4125 "-" "https://github.com/blakeembrey/popsicle"
217.182.132.71 - - [05/Oct/2017:09:14:19 +0000] "GET / HTTP/1.1" 301 3962 "-" "Mozilla/5.0 (compatible; AhrefsBot/5.2; +http://ahrefs.com/robot/)"
52.53.183.117 - - [05/Oct/2017:09:14:24 +0000] "GET / HTTP/1.1" 301 564 "-" "https://github.com/blakeembrey/popsicle"
52.53.183.117 - - [05/Oct/2017:09:14:24 +0000] "GET / HTTP/1.1" 301 780 "-" "https://github.com/blakeembrey/popsicle"
149.56.201.79 - - [05/Oct/2017:09:15:32 +0000] "GET / HTTP/1.1" 301 536 "http://pizza-tycoon.com/" "Mozilla/5.0 (X11; Linux x86_64) AppleWebKit/537.36 (KHTML, like Gecko) Chrome/37.0.2062.120 Safari/537.36"
171.25.193.235 - - [05/Oct/2017:09:15:35 +0000] "GET / HTTP/1.1" 301 4483 "http://pizza-tycoon.com/" "Mozilla/5.0 (X11; Linux x86_64) AppleWebKit/537.36 (KHTML, like Gecko) Chrome/37.0.2062.120 Safari/537.36"
54.160.241.238 - - [05/Oct/2017:09:16:07 +0000] "GET / HTTP/1.1" 301 564 "-" "-"
54.160.241.238 - - [05/Oct/2017:09:16:07 +0000] "GET / HTTP/1.1" 301 4125 "http://weeklypythonexercise.com/" "-"
52.53.183.117 - - [05/Oct/2017:09:18:42 +0000] "GET / HTTP/1.1" 301 564 "-" "https://github.com/blakeembrey/popsicle"
52.53.183.117 - - [05/Oct/2017:09:18:43 +0000] "GET / HTTP/1.1" 301 4125 "-" "https://github.com/blakeembrey/popsicle"
52.53.183.117 - - [05/Oct/2017:09:23:02 +0000] "GET / HTTP/1.1" 301 564 "-" "https://github.com/blakeembrey/popsicle"
52.53.183.117 - - [05/Oct/2017:09:23:02 +0000] "GET / HTTP/1.1" 301 4125 "-" "https://github.com/blakeembrey/popsicle"
197.86.208.245 - - [05/Oct/2017:09:27:06 +0000] "GET /wp-login.php HTTP/1.1" 301 622 "-" "Mozilla/5.0 (Windows NT 6.1; WOW64; rv:40.0) Gecko/20100101 Firefox/40.1"
197.86.208.245 - - [05/Oct/2017:09:27:07 +0000] "GET /wp-login.php HTTP/1.1" 301 3991 "-" "Mozilla/5.0 (Windows NT 6.1; WOW64; rv:40.0) Gecko/20100101 Firefox/40.1"
197.86.208.245 - - [05/Oct/2017:09:27:14 +0000] "GET /wp-login.php HTTP/1.1" 301 622 "-" "Mozilla/5.0 (Windows NT 6.1; WOW64; rv:40.0) Gecko/20100101 Firefox/40.1"
197.86.208.245 - - [05/Oct/2017:09:27:15 +0000] "GET /wp-login.php HTTP/1.1" 301 859 "-" "Mozilla/5.0 (Windows NT 6.1; WOW64; rv:40.0) Gecko/20100101 Firefox/40.1"
197.86.208.245 - - [05/Oct/2017:09:27:22 +0000] "GET / HTTP/1.1" 301 598 "-" "Mozilla/5.0 (Windows NT 6.1; WOW64; rv:40.0) Gecko/20100101 Firefox/40.1"
52.53.183.117 - - [05/Oct/2017:09:27:22 +0000] "GET / HTTP/1.1" 301 564 "-" "https://github.com/blakeembrey/popsicle"
52.53.183.117 - - [05/Oct/2017:09:27:23 +0000] "GET / HTTP/1.1" 301 4125 "-" "https://github.com/blakeembrey/popsicle"
197.86.208.245 - - [05/Oct/2017:09:27:23 +0000] "GET / HTTP/1.1" 301 827 "-" "Mozilla/5.0 (Windows NT 6.1; WOW64; rv:40.0) Gecko/20100101 Firefox/40.1"
66.249.70.25 - - [05/Oct/2017:09:28:25 +0000] "GET / HTTP/1.1" 301 4213 "-" "Mozilla/5.0 (compatible; Googlebot/2.1; +http://www.google.com/bot.html)"
54.84.45.17 - - [05/Oct/2017:09:30:59 +0000] "GET / HTTP/1.1" 301 564 "-" "https://github.com/blakeembrey/popsicle"
54.84.45.17 - - [05/Oct/2017:09:30:59 +0000] "GET / HTTP/1.1" 301 4125 "-" "https://github.com/blakeembrey/popsicle"
54.160.241.238 - - [05/Oct/2017:09:31:14 +0000] "GET / HTTP/1.1" 301 564 "-" "-"
54.160.241.238 - - [05/Oct/2017:09:31:14 +0000] "GET / HTTP/1.1" 301 4125 "http://weeklypythonexercise.com/" "-"
52.53.154.245 - - [05/Oct/2017:09:31:42 +0000] "GET / HTTP/1.1" 301 564 "-" "https://github.com/blakeembrey/popsicle"
52.53.154.245 - - [05/Oct/2017:09:31:42 +0000] "GET / HTTP/1.1" 301 4125 "-" "https://github.com/blakeembrey/popsicle"
52.53.183.117 - - [05/Oct/2017:09:36:02 +0000] "GET / HTTP/1.1" 301 564 "-" "https://github.com/blakeembrey/popsicle"
52.53.183.117 - - [05/Oct/2017:09:36:02 +0000] "GET / HTTP/1.1" 301 4125 "-" "https://github.com/blakeembrey/popsicle"
52.53.183.117 - - [05/Oct/2017:09:40:22 +0000] "GET / HTTP/1.1" 301 564 "-" "https://github.com/blakeembrey/popsicle"
52.53.183.117 - - [05/Oct/2017:09:40:22 +0000] "GET / HTTP/1.1" 301 4125 "-" "https://github.com/blakeembrey/popsicle"
188.163.83.115 - - [05/Oct/2017:09:42:04 +0000] "GET / HTTP/1.1" 301 601 "https://news.ycombinator.com/" "Mozilla/5.0 (X11; Linux x86_64) AppleWebKit/537.36 (KHTML, like Gecko) Chrome/62.0.3202.45 Safari/537.36"
188.163.83.115 - - [05/Oct/2017:09:42:05 +0000] "GET / HTTP/1.1" 301 4177 "https://news.ycombinator.com/" "Mozilla/5.0 (X11; Linux x86_64) AppleWebKit/537.36 (KHTML, like Gecko) Chrome/62.0.3202.45 Safari/537.36"
73.140.53.81 - - [05/Oct/2017:09:43:11 +0000] "GET / HTTP/1.1" 301 601 "-" "Mozilla/5.0 (Linux; Android 6.0.1; A0001 Build/MHC19Q; wv) AppleWebKit/537.36 (KHTML, like Gecko) Version/4.0 Chrome/61.0.3163.98 Mobile Safari/537.36"
73.140.53.81 - - [05/Oct/2017:09:43:12 +0000] "GET / HTTP/1.1" 301 4177 "-" "Mozilla/5.0 (Linux; Android 6.0.1; A0001 Build/MHC19Q; wv) AppleWebKit/537.36 (KHTML, like Gecko) Version/4.0 Chrome/61.0.3163.98 Mobile Safari/537.36"
52.53.183.117 - - [05/Oct/2017:09:44:42 +0000] "GET / HTTP/1.1" 301 564 "-" "https://github.com/blakeembrey/popsicle"
52.53.183.117 - - [05/Oct/2017:09:44:42 +0000] "GET / HTTP/1.1" 301 4125 "-" "https://github.com/blakeembrey/popsicle"
54.160.241.238 - - [05/Oct/2017:09:45:09 +0000] "GET / HTTP/1.1" 301 564 "-" "-"
54.160.241.238 - - [05/Oct/2017:09:45:09 +0000] "GET / HTTP/1.1" 301 4125 "http://weeklypythonexercise.com/" "-"
54.208.5.181 - - [05/Oct/2017:09:47:40 +0000] "GET / HTTP/1.1" 301 564 "-" "https://github.com/blakeembrey/popsicle"
54.208.5.181 - - [05/Oct/2017:09:47:40 +0000] "GET / HTTP/1.1" 301 4125 "-" "https://github.com/blakeembrey/popsicle"
197.86.208.245 - - [05/Oct/2017:09:48:15 +0000] "GET /wp-login.php HTTP/1.1" 301 622 "-" "Mozilla/5.0 (Windows NT 6.1; WOW64; rv:40.0) Gecko/20100101 Firefox/40.1"
197.86.208.245 - - [05/Oct/2017:09:48:16 +0000] "GET /wp-login.php HTTP/1.1" 301 3991 "-" "Mozilla/5.0 (Windows NT 6.1; WOW64; rv:40.0) Gecko/20100101 Firefox/40.1"
197.86.208.245 - - [05/Oct/2017:09:48:23 +0000] "GET /wp-login.php HTTP/1.1" 301 622 "-" "Mozilla/5.0 (Windows NT 6.1; WOW64; rv:40.0) Gecko/20100101 Firefox/40.1"
197.86.208.245 - - [05/Oct/2017:09:48:23 +0000] "GET /wp-login.php HTTP/1.1" 301 859 "-" "Mozilla/5.0 (Windows NT 6.1; WOW64; rv:40.0) Gecko/20100101 Firefox/40.1"
197.86.208.245 - - [05/Oct/2017:09:48:30 +0000] "GET / HTTP/1.1" 301 598 "-" "Mozilla/5.0 (Windows NT 6.1; WOW64; rv:40.0) Gecko/20100101 Firefox/40.1"
197.86.208.245 - - [05/Oct/2017:09:48:31 +0000] "GET / HTTP/1.1" 301 827 "-" "Mozilla/5.0 (Windows NT 6.1; WOW64; rv:40.0) Gecko/20100101 Firefox/40.1"
13.56.249.7 - - [05/Oct/2017:09:49:03 +0000] "GET / HTTP/1.1" 301 564 "-" "https://github.com/blakeembrey/popsicle"
13.56.249.7 - - [05/Oct/2017:09:49:03 +0000] "GET / HTTP/1.1" 301 4125 "-" "https://github.com/blakeembrey/popsicle"
78.186.25.6 - - [05/Oct/2017:09:53:19 +0000] "GET /wp-login.php HTTP/1.1" 301 622 "-" "Mozilla/5.0 (Windows NT 6.1; WOW64; rv:40.0) Gecko/20100101 Firefox/40.1"
78.186.25.6 - - [05/Oct/2017:09:53:20 +0000] "GET /wp-login.php HTTP/1.1" 301 3991 "-" "Mozilla/5.0 (Windows NT 6.1; WOW64; rv:40.0) Gecko/20100101 Firefox/40.1"
54.183.182.23 - - [05/Oct/2017:09:53:24 +0000] "GET / HTTP/1.1" 301 564 "-" "https://github.com/blakeembrey/popsicle"
54.183.182.23 - - [05/Oct/2017:09:53:24 +0000] "GET / HTTP/1.1" 301 4125 "-" "https://github.com/blakeembrey/popsicle"
78.186.25.6 - - [05/Oct/2017:09:53:26 +0000] "GET /wp-login.php HTTP/1.1" 301 622 "-" "Mozilla/5.0 (Windows NT 6.1; WOW64; rv:40.0) Gecko/20100101 Firefox/40.1"
78.186.25.6 - - [05/Oct/2017:09:53:26 +0000] "GET /wp-login.php HTTP/1.1" 301 859 "-" "Mozilla/5.0 (Windows NT 6.1; WOW64; rv:40.0) Gecko/20100101 Firefox/40.1"
78.186.25.6 - - [05/Oct/2017:09:53:32 +0000] "GET / HTTP/1.1" 301 598 "-" "Mozilla/5.0 (Windows NT 6.1; WOW64; rv:40.0) Gecko/20100101 Firefox/40.1"
78.186.25.6 - - [05/Oct/2017:09:53:33 +0000] "GET / HTTP/1.1" 301 827 "-" "Mozilla/5.0 (Windows NT 6.1; WOW64; rv:40.0) Gecko/20100101 Firefox/40.1"
78.186.25.6 - - [05/Oct/2017:09:55:11 +0000] "GET /wp-login.php HTTP/1.1" 301 622 "-" "Mozilla/5.0 (Windows NT 6.1; WOW64; rv:40.0) Gecko/20100101 Firefox/40.1"
78.186.25.6 - - [05/Oct/2017:09:55:11 +0000] "GET /wp-login.php HTTP/1.1" 301 3991 "-" "Mozilla/5.0 (Windows NT 6.1; WOW64; rv:40.0) Gecko/20100101 Firefox/40.1"
90.192.122.133 - - [05/Oct/2017:09:55:11 +0000] "GET / HTTP/1.1" 301 601 "-" "Mozilla/5.0 (Macintosh; Intel Mac OS X 10.12; rv:54.0) Gecko/20100101 Firefox/54.0"
90.192.122.133 - - [05/Oct/2017:09:55:12 +0000] "GET / HTTP/1.1" 301 4177 "-" "Mozilla/5.0 (Macintosh; Intel Mac OS X 10.12; rv:54.0) Gecko/20100101 Firefox/54.0"
78.186.25.6 - - [05/Oct/2017:09:55:17 +0000] "GET /wp-login.php HTTP/1.1" 301 622 "-" "Mozilla/5.0 (Windows NT 6.1; WOW64; rv:40.0) Gecko/20100101 Firefox/40.1"
78.186.25.6 - - [05/Oct/2017:09:55:18 +0000] "GET /wp-login.php HTTP/1.1" 301 859 "-" "Mozilla/5.0 (Windows NT 6.1; WOW64; rv:40.0) Gecko/20100101 Firefox/40.1"
78.186.25.6 - - [05/Oct/2017:09:55:23 +0000] "GET / HTTP/1.1" 301 598 "-" "Mozilla/5.0 (Windows NT 6.1; WOW64; rv:40.0) Gecko/20100101 Firefox/40.1"
78.186.25.6 - - [05/Oct/2017:09:55:24 +0000] "GET / HTTP/1.1" 301 827 "-" "Mozilla/5.0 (Windows NT 6.1; WOW64; rv:40.0) Gecko/20100101 Firefox/40.1"
54.183.182.23 - - [05/Oct/2017:09:57:44 +0000] "GET / HTTP/1.1" 301 564 "-" "https://github.com/blakeembrey/popsicle"
54.183.182.23 - - [05/Oct/2017:09:57:44 +0000] "GET / HTTP/1.1" 301 4125 "-" "https://github.com/blakeembrey/popsicle"
54.167.238.35 - - [05/Oct/2017:10:01:07 +0000] "GET / HTTP/1.1" 301 564 "-" "-"
54.167.238.35 - - [05/Oct/2017:10:01:07 +0000] "GET / HTTP/1.1" 301 4125 "http://weeklypythonexercise.com/" "-"
193.37.146.14 - - [05/Oct/2017:10:01:37 +0000] "GET / HTTP/1.1" 301 601 "-" "Mozilla/5.0 (Macintosh; Intel Mac OS X 10_12_6) AppleWebKit/537.36 (KHTML, like Gecko) Chrome/60.0.3112.113 Safari/537.36"
193.37.146.14 - - [05/Oct/2017:10:01:38 +0000] "GET / HTTP/1.1" 301 3605 "-" "Mozilla/5.0 (Macintosh; Intel Mac OS X 10_12_6) AppleWebKit/537.36 (KHTML, like Gecko) Chrome/60.0.3112.113 Safari/537.36"
54.183.182.23 - - [05/Oct/2017:10:02:04 +0000] "GET / HTTP/1.1" 301 564 "-" "https://github.com/blakeembrey/popsicle"
54.183.182.23 - - [05/Oct/2017:10:02:04 +0000] "GET / HTTP/1.1" 301 4125 "-" "https://github.com/blakeembrey/popsicle"
54.208.5.181 - - [05/Oct/2017:10:04:20 +0000] "GET / HTTP/1.1" 301 564 "-" "https://github.com/blakeembrey/popsicle"
54.208.5.181 - - [05/Oct/2017:10:04:20 +0000] "GET / HTTP/1.1" 301 4125 "-" "https://github.com/blakeembrey/popsicle"
101.50.125.237 - - [05/Oct/2017:10:04:48 +0000] "GET /wp-login.php HTTP/1.1" 301 622 "-" "Mozilla/5.0 (Windows NT 6.1; WOW64; rv:40.0) Gecko/20100101 Firefox/40.1"
101.50.125.237 - - [05/Oct/2017:10:04:49 +0000] "GET /wp-login.php HTTP/1.1" 301 4167 "-" "Mozilla/5.0 (Windows NT 6.1; WOW64; rv:40.0) Gecko/20100101 Firefox/40.1"
101.50.125.237 - - [05/Oct/2017:10:04:52 +0000] "GET / HTTP/1.1" 301 597 "-" "Mozilla/5.0 (Windows NT 6.1; WOW64; rv:40.0) Gecko/20100101 Firefox/40.1"
101.50.125.237 - - [05/Oct/2017:10:04:52 +0000] "GET / HTTP/1.1" 301 676 "-" "Mozilla/5.0 (Windows NT 6.1; WOW64; rv:40.0) Gecko/20100101 Firefox/40.1"
54.183.182.23 - - [05/Oct/2017:10:06:23 +0000] "GET / HTTP/1.1" 301 564 "-" "https://github.com/blakeembrey/popsicle"
54.183.182.23 - - [05/Oct/2017:10:06:24 +0000] "GET / HTTP/1.1" 301 4125 "-" "https://github.com/blakeembrey/popsicle"
197.86.208.245 - - [05/Oct/2017:10:09:29 +0000] "GET /wp-login.php HTTP/1.1" 301 625 "-" "Mozilla/5.0 (Windows NT 6.1; WOW64; rv:40.0) Gecko/20100101 Firefox/40.1"
197.86.208.245 - - [05/Oct/2017:10:09:30 +0000] "GET /wp-login.php HTTP/1.1" 301 3991 "-" "Mozilla/5.0 (Windows NT 6.1; WOW64; rv:40.0) Gecko/20100101 Firefox/40.1"
197.86.208.245 - - [05/Oct/2017:10:09:37 +0000] "GET /wp-login.php HTTP/1.1" 301 625 "-" "Mozilla/5.0 (Windows NT 6.1; WOW64; rv:40.0) Gecko/20100101 Firefox/40.1"
197.86.208.245 - - [05/Oct/2017:10:09:38 +0000] "GET /wp-login.php HTTP/1.1" 301 859 "-" "Mozilla/5.0 (Windows NT 6.1; WOW64; rv:40.0) Gecko/20100101 Firefox/40.1"
197.86.208.245 - - [05/Oct/2017:10:09:45 +0000] "GET / HTTP/1.1" 301 601 "-" "Mozilla/5.0 (Windows NT 6.1; WOW64; rv:40.0) Gecko/20100101 Firefox/40.1"
197.86.208.245 - - [05/Oct/2017:10:09:45 +0000] "GET / HTTP/1.1" 301 827 "-" "Mozilla/5.0 (Windows NT 6.1; WOW64; rv:40.0) Gecko/20100101 Firefox/40.1"
54.183.182.23 - - [05/Oct/2017:10:10:44 +0000] "GET / HTTP/1.1" 301 564 "-" "https://github.com/blakeembrey/popsicle"
54.183.182.23 - - [05/Oct/2017:10:10:44 +0000] "GET / HTTP/1.1" 301 4125 "-" "https://github.com/blakeembrey/popsicle"
66.249.64.138 - - [05/Oct/2017:10:14:25 +0000] "GET / HTTP/1.1" 301 598 "-" "Mozilla/5.0 (Linux; Android 6.0.1; Nexus 5X Build/MMB29P) AppleWebKit/537.36 (KHTML, like Gecko) Chrome/41.0.2272.96 Mobile Safari/537.36 (compatible; Googlebot/2.1; +http://www.google.com/bot.html)"
66.249.64.155 - - [05/Oct/2017:10:14:26 +0000] "GET / HTTP/1.1" 301 4143 "-" "Mozilla/5.0 (Linux; Android 6.0.1; Nexus 5X Build/MMB29P) AppleWebKit/537.36 (KHTML, like Gecko) Chrome/41.0.2272.96 Mobile Safari/537.36 (compatible; Googlebot/2.1; +http://www.google.com/bot.html)"
54.183.182.23 - - [05/Oct/2017:10:15:03 +0000] "GET / HTTP/1.1" 301 564 "-" "https://github.com/blakeembrey/popsicle"
54.183.182.23 - - [05/Oct/2017:10:15:04 +0000] "GET / HTTP/1.1" 301 4125 "-" "https://github.com/blakeembrey/popsicle"
54.167.238.35 - - [05/Oct/2017:10:16:38 +0000] "GET / HTTP/1.1" 301 564 "-" "-"
54.167.238.35 - - [05/Oct/2017:10:16:38 +0000] "GET / HTTP/1.1" 301 4125 "http://weeklypythonexercise.com/" "-"
13.56.249.7 - - [05/Oct/2017:10:19:25 +0000] "GET / HTTP/1.1" 301 564 "-" "https://github.com/blakeembrey/popsicle"
13.56.249.7 - - [05/Oct/2017:10:19:25 +0000] "GET / HTTP/1.1" 301 4125 "-" "https://github.com/blakeembrey/popsicle"
54.208.5.181 - - [05/Oct/2017:10:21:02 +0000] "GET / HTTP/1.1" 301 564 "-" "https://github.com/blakeembrey/popsicle"
54.208.5.181 - - [05/Oct/2017:10:21:02 +0000] "GET / HTTP/1.1" 301 4125 "-" "https://github.com/blakeembrey/popsicle"
91.12.157.41 - - [05/Oct/2017:10:21:48 +0000] "GET / HTTP/1.1" 301 601 "https://news.ycombinator.com/" "Mozilla/5.0 (Linux; Android 6.0.1; Nexus 5X Build/MTC20F) AppleWebKit/537.36 (KHTML, like Gecko) Chrome/63.0.3223.7 Mobile Safari/537.36"
91.12.157.41 - - [05/Oct/2017:10:21:48 +0000] "GET / HTTP/1.1" 301 4177 "https://news.ycombinator.com/" "Mozilla/5.0 (Linux; Android 6.0.1; Nexus 5X Build/MTC20F) AppleWebKit/537.36 (KHTML, like Gecko) Chrome/63.0.3223.7 Mobile Safari/537.36"
13.56.249.7 - - [05/Oct/2017:10:23:45 +0000] "GET / HTTP/1.1" 301 564 "-" "https://github.com/blakeembrey/popsicle"
13.56.249.7 - - [05/Oct/2017:10:23:46 +0000] "GET / HTTP/1.1" 301 4125 "-" "https://github.com/blakeembrey/popsicle"
54.183.182.23 - - [05/Oct/2017:10:28:05 +0000] "GET / HTTP/1.1" 301 564 "-" "https://github.com/blakeembrey/popsicle"
54.183.182.23 - - [05/Oct/2017:10:28:05 +0000] "GET / HTTP/1.1" 301 4125 "-" "https://github.com/blakeembrey/popsicle"
136.243.12.135 - - [05/Oct/2017:10:29:43 +0000] "GET /comments/feed/ HTTP/1.0" 301 589 "-" "-"
66.249.64.81 - - [05/Oct/2017:10:29:45 +0000] "GET /robots.txt HTTP/1.1" 301 4143 "-" "Mozilla/5.0 (compatible; Googlebot/2.1; +http://www.google.com/bot.html)"
66.249.64.79 - - [05/Oct/2017:10:29:46 +0000] "GET / HTTP/1.1" 301 4123 "-" "Mozilla/5.0 (Linux; Android 6.0.1; Nexus 5X Build/MMB29P) AppleWebKit/537.36 (KHTML, like Gecko) Chrome/41.0.2272.96 Mobile Safari/537.36 (compatible; Googlebot/2.1; +http://www.google.com/bot.html)"
136.243.12.135 - - [05/Oct/2017:10:30:02 +0000] "GET /comments/feed/ HTTP/1.0" 301 4139 "-" "-"
54.167.238.35 - - [05/Oct/2017:10:30:45 +0000] "GET / HTTP/1.1" 301 564 "-" "-"
54.167.238.35 - - [05/Oct/2017:10:30:45 +0000] "GET / HTTP/1.1" 301 4125 "http://weeklypythonexercise.com/" "-"
54.183.182.23 - - [05/Oct/2017:10:32:25 +0000] "GET / HTTP/1.1" 301 564 "-" "https://github.com/blakeembrey/popsicle"
54.183.182.23 - - [05/Oct/2017:10:32:26 +0000] "GET / HTTP/1.1" 301 4125 "-" "https://github.com/blakeembrey/popsicle"
54.183.182.23 - - [05/Oct/2017:10:36:46 +0000] "GET / HTTP/1.1" 301 564 "-" "https://github.com/blakeembrey/popsicle"
54.183.182.23 - - [05/Oct/2017:10:36:46 +0000] "GET / HTTP/1.1" 301 4125 "-" "https://github.com/blakeembrey/popsicle"
54.208.5.181 - - [05/Oct/2017:10:37:42 +0000] "GET / HTTP/1.1" 301 564 "-" "https://github.com/blakeembrey/popsicle"
54.208.5.181 - - [05/Oct/2017:10:37:42 +0000] "GET / HTTP/1.1" 301 4125 "-" "https://github.com/blakeembrey/popsicle"
13.56.249.7 - - [05/Oct/2017:10:41:05 +0000] "GET / HTTP/1.1" 301 564 "-" "https://github.com/blakeembrey/popsicle"
13.56.249.7 - - [05/Oct/2017:10:41:05 +0000] "GET / HTTP/1.1" 301 4125 "-" "https://github.com/blakeembrey/popsicle"
184.105.139.70 - - [05/Oct/2017:10:44:55 +0000] "GET / HTTP/1.1" 301 3936 "-" "-"
13.56.249.7 - - [05/Oct/2017:10:45:26 +0000] "GET / HTTP/1.1" 301 564 "-" "https://github.com/blakeembrey/popsicle"
13.56.249.7 - - [05/Oct/2017:10:45:26 +0000] "GET / HTTP/1.1" 301 4125 "-" "https://github.com/blakeembrey/popsicle"
54.167.238.35 - - [05/Oct/2017:10:46:58 +0000] "GET / HTTP/1.1" 301 564 "-" "-"
54.167.238.35 - - [05/Oct/2017:10:46:58 +0000] "GET / HTTP/1.1" 301 4125 "http://weeklypythonexercise.com/" "-"
54.183.182.23 - - [05/Oct/2017:10:49:46 +0000] "GET / HTTP/1.1" 301 564 "-" "https://github.com/blakeembrey/popsicle"
54.183.182.23 - - [05/Oct/2017:10:49:46 +0000] "GET / HTTP/1.1" 301 4125 "-" "https://github.com/blakeembrey/popsicle"
78.186.25.6 - - [05/Oct/2017:10:52:34 +0000] "GET /wp-login.php HTTP/1.1" 301 625 "-" "Mozilla/5.0 (Windows NT 6.1; WOW64; rv:40.0) Gecko/20100101 Firefox/40.1"
78.186.25.6 - - [05/Oct/2017:10:52:35 +0000] "GET /wp-login.php HTTP/1.1" 301 3991 "-" "Mozilla/5.0 (Windows NT 6.1; WOW64; rv:40.0) Gecko/20100101 Firefox/40.1"
78.186.25.6 - - [05/Oct/2017:10:52:41 +0000] "GET /wp-login.php HTTP/1.1" 301 625 "-" "Mozilla/5.0 (Windows NT 6.1; WOW64; rv:40.0) Gecko/20100101 Firefox/40.1"
78.186.25.6 - - [05/Oct/2017:10:52:41 +0000] "GET /wp-login.php HTTP/1.1" 301 859 "-" "Mozilla/5.0 (Windows NT 6.1; WOW64; rv:40.0) Gecko/20100101 Firefox/40.1"
