52.201.209.35 - - [05/Oct/2017:21:11:22 +0000] "GET / HTTP/1.1" 301 4125 "-" "https://github.com/blakeembrey/popsicle"
54.183.172.234 - - [05/Oct/2017:21:14:06 +0000] "GET / HTTP/1.1" 301 564 "-" "https://github.com/blakeembrey/popsicle"
54.183.172.234 - - [05/Oct/2017:21:14:06 +0000] "GET / HTTP/1.1" 301 4125 "-" "https://github.com/blakeembrey/popsicle"
54.167.238.35 - - [05/Oct/2017:21:17:07 +0000] "GET / HTTP/1.1" 301 564 "-" "-"
54.167.238.35 - - [05/Oct/2017:21:17:07 +0000] "GET / HTTP/1.1" 301 4125 "http://weeklypythonexercise.com/" "-"
54.183.172.234 - - [05/Oct/2017:21:18:26 +0000] "GET / HTTP/1.1" 301 564 "-" "https://github.com/blakeembrey/popsicle"
54.183.172.234 - - [05/Oct/2017:21:18:26 +0000] "GET / HTTP/1.1" 301 4125 "-" "https://github.com/blakeembrey/popsicle"
65.29.161.10 - - [05/Oct/2017:21:21:48 +0000] "GET / HTTP/1.1" 301 601 "-" "Mozilla/5.0 (iPhone; CPU iPhone OS 11_0_1 like Mac OS X) AppleWebKit/604.1.38 (KHTML, like Gecko) Version/11.0 Mobile/15A402 Safari/604.1"
65.29.161.10 - - [05/Oct/2017:21:21:48 +0000] "GET / HTTP/1.1" 301 3966 "-" "Mozilla/5.0 (iPhone; CPU iPhone OS 11_0_1 like Mac OS X) AppleWebKit/604.1.38 (KHTML, like Gecko) Version/11.0 Mobile/15A402 Safari/604.1"
54.183.172.234 - - [05/Oct/2017:21:22:46 +0000] "GET / HTTP/1.1" 301 564 "-" "https://github.com/blakeembrey/popsicle"
54.183.172.234 - - [05/Oct/2017:21:22:46 +0000] "GET / HTTP/1.1" 301 4125 "-" "https://github.com/blakeembrey/popsicle"
31.210.189.187 - - [05/Oct/2017:21:23:14 +0000] "GET /wp-login.php HTTP/1.1" 301 622 "-" "Mozilla/5.0 (Windows NT 6.1; WOW64; rv:40.0) Gecko/20100101 Firefox/40.1"
31.210.189.187 - - [05/Oct/2017:21:23:15 +0000] "GET /wp-login.php HTTP/1.1" 301 4167 "-" "Mozilla/5.0 (Windows NT 6.1; WOW64; rv:40.0) Gecko/20100101 Firefox/40.1"
31.210.189.187 - - [05/Oct/2017:21:23:16 +0000] "GET / HTTP/1.1" 301 597 "-" "Mozilla/5.0 (Windows NT 6.1; WOW64; rv:40.0) Gecko/20100101 Firefox/40.1"
31.210.189.187 - - [05/Oct/2017:21:23:16 +0000] "GET / HTTP/1.1" 301 676 "-" "Mozilla/5.0 (Windows NT 6.1; WOW64; rv:40.0) Gecko/20100101 Firefox/40.1"
185.3.147.84 - - [05/Oct/2017:21:23:26 +0000] "GET /wp-login.php HTTP/1.1" 301 625 "-" "Mozilla/5.0 (Windows NT 6.1; WOW64; rv:40.0) Gecko/20100101 Firefox/40.1"
185.3.147.84 - - [05/Oct/2017:21:23:27 +0000] "GET /wp-login.php HTTP/1.1" 301 622 "-" "Mozilla/5.0 (Windows NT 6.1; WOW64; rv:40.0) Gecko/20100101 Firefox/40.1"
185.3.147.84 - - [05/Oct/2017:21:23:27 +0000] "GET /wp-login.php HTTP/1.1" 301 3991 "-" "Mozilla/5.0 (Windows NT 6.1; WOW64; rv:40.0) Gecko/20100101 Firefox/40.1"
185.3.147.84 - - [05/Oct/2017:21:23:28 +0000] "GET /wp-login.php HTTP/1.1" 301 3991 "-" "Mozilla/5.0 (Windows NT 6.1; WOW64; rv:40.0) Gecko/20100101 Firefox/40.1"
185.3.147.84 - - [05/Oct/2017:21:23:30 +0000] "GET /wp-login.php HTTP/1.1" 301 622 "-" "Mozilla/5.0 (Windows NT 6.1; WOW64; rv:40.0) Gecko/20100101 Firefox/40.1"
185.3.147.84 - - [05/Oct/2017:21:23:31 +0000] "GET /wp-login.php HTTP/1.1" 301 3991 "-" "Mozilla/5.0 (Windows NT 6.1; WOW64; rv:40.0) Gecko/20100101 Firefox/40.1"
185.3.147.84 - - [05/Oct/2017:21:23:33 +0000] "GET /wp-login.php HTTP/1.1" 301 625 "-" "Mozilla/5.0 (Windows NT 6.1; WOW64; rv:40.0) Gecko/20100101 Firefox/40.1"
185.3.147.84 - - [05/Oct/2017:21:23:33 +0000] "GET /wp-login.php HTTP/1.1" 301 622 "-" "Mozilla/5.0 (Windows NT 6.1; WOW64; rv:40.0) Gecko/20100101 Firefox/40.1"
185.3.147.84 - - [05/Oct/2017:21:23:34 +0000] "GET /wp-login.php HTTP/1.1" 301 859 "-" "Mozilla/5.0 (Windows NT 6.1; WOW64; rv:40.0) Gecko/20100101 Firefox/40.1"
185.3.147.84 - - [05/Oct/2017:21:23:34 +0000] "GET /wp-login.php HTTP/1.1" 301 859 "-" "Mozilla/5.0 (Windows NT 6.1; WOW64; rv:40.0) Gecko/20100101 Firefox/40.1"
185.3.147.84 - - [05/Oct/2017:21:23:37 +0000] "GET /wp-login.php HTTP/1.1" 301 622 "-" "Mozilla/5.0 (Windows NT 6.1; WOW64; rv:40.0) Gecko/20100101 Firefox/40.1"
185.3.147.84 - - [05/Oct/2017:21:23:37 +0000] "GET /wp-login.php HTTP/1.1" 301 859 "-" "Mozilla/5.0 (Windows NT 6.1; WOW64; rv:40.0) Gecko/20100101 Firefox/40.1"
185.3.147.84 - - [05/Oct/2017:21:23:40 +0000] "GET / HTTP/1.1" 301 601 "-" "Mozilla/5.0 (Windows NT 6.1; WOW64; rv:40.0) Gecko/20100101 Firefox/40.1"
185.3.147.84 - - [05/Oct/2017:21:23:40 +0000] "GET / HTTP/1.1" 301 598 "-" "Mozilla/5.0 (Windows NT 6.1; WOW64; rv:40.0) Gecko/20100101 Firefox/40.1"
185.3.147.84 - - [05/Oct/2017:21:23:40 +0000] "GET / HTTP/1.1" 301 827 "-" "Mozilla/5.0 (Windows NT 6.1; WOW64; rv:40.0) Gecko/20100101 Firefox/40.1"
185.3.147.84 - - [05/Oct/2017:21:23:40 +0000] "GET / HTTP/1.1" 301 827 "-" "Mozilla/5.0 (Windows NT 6.1; WOW64; rv:40.0) Gecko/20100101 Firefox/40.1"
185.3.147.84 - - [05/Oct/2017:21:23:43 +0000] "GET / HTTP/1.1" 301 598 "-" "Mozilla/5.0 (Windows NT 6.1; WOW64; rv:40.0) Gecko/20100101 Firefox/40.1"
185.3.147.84 - - [05/Oct/2017:21:23:44 +0000] "GET / HTTP/1.1" 301 827 "-" "Mozilla/5.0 (Windows NT 6.1; WOW64; rv:40.0) Gecko/20100101 Firefox/40.1"
66.249.70.23 - - [05/Oct/2017:21:23:44 +0000] "GET / HTTP/1.1" 301 4213 "-" "Mozilla/5.0 (compatible; Googlebot/2.1; +http://www.google.com/bot.html)"
24.214.133.130 - - [05/Oct/2017:21:24:10 +0000] "GET / HTTP/1.1" 301 601 "-" "okhttp/3.9.0"
24.214.133.130 - - [05/Oct/2017:21:24:10 +0000] "GET / HTTP/1.1" 301 4177 "-" "okhttp/3.9.0"
54.183.172.234 - - [05/Oct/2017:21:27:06 +0000] "GET / HTTP/1.1" 301 564 "-" "https://github.com/blakeembrey/popsicle"
54.183.172.234 - - [05/Oct/2017:21:27:06 +0000] "GET / HTTP/1.1" 301 780 "-" "https://github.com/blakeembrey/popsicle"
52.201.209.35 - - [05/Oct/2017:21:28:02 +0000] "GET / HTTP/1.1" 301 564 "-" "https://github.com/blakeembrey/popsicle"
52.201.209.35 - - [05/Oct/2017:21:28:02 +0000] "GET / HTTP/1.1" 301 4125 "-" "https://github.com/blakeembrey/popsicle"
66.249.64.81 - - [05/Oct/2017:21:28:43 +0000] "GET / HTTP/1.1" 301 4123 "-" "Mozilla/5.0 (Linux; Android 6.0.1; Nexus 5X Build/MMB29P) AppleWebKit/537.36 (KHTML, like Gecko) Chrome/41.0.2272.96 Mobile Safari/537.36 (compatible; Googlebot/2.1; +http://www.google.com/bot.html)"
54.183.172.234 - - [05/Oct/2017:21:31:27 +0000] "GET / HTTP/1.1" 301 564 "-" "https://github.com/blakeembrey/popsicle"
54.183.172.234 - - [05/Oct/2017:21:31:27 +0000] "GET / HTTP/1.1" 301 4125 "-" "https://github.com/blakeembrey/popsicle"
54.167.238.35 - - [05/Oct/2017:21:32:03 +0000] "GET / HTTP/1.1" 301 564 "-" "-"
54.167.238.35 - - [05/Oct/2017:21:32:04 +0000] "GET / HTTP/1.1" 301 4125 "http://weeklypythonexercise.com/" "-"
103.240.17.73 - - [05/Oct/2017:21:33:37 +0000] "POST /xmlrpc.php HTTP/1.1" 301 600 "-" "Mozilla/5.0 (Macintosh; U; Intel Mac OS X 10.6; fr; rv:1.9.2.8) Gecko/20100722 Firefox/3.6.8"
180.76.15.24 - - [05/Oct/2017:21:35:11 +0000] "GET / HTTP/1.1" 301 555 "-" "Mozilla/5.0 (compatible; Baiduspider/2.0; +http://www.baidu.com/search/spider.html)"
180.76.15.32 - - [05/Oct/2017:21:35:12 +0000] "GET / HTTP/1.1" 301 4142 "-" "Mozilla/5.0 (compatible; Baiduspider/2.0; +http://www.baidu.com/search/spider.html)"
54.183.172.234 - - [05/Oct/2017:21:35:46 +0000] "GET / HTTP/1.1" 301 564 "-" "https://github.com/blakeembrey/popsicle"
54.183.172.234 - - [05/Oct/2017:21:35:46 +0000] "GET / HTTP/1.1" 301 4125 "-" "https://github.com/blakeembrey/popsicle"
66.254.226.117 - - [05/Oct/2017:21:36:15 +0000] "GET / HTTP/1.1" 301 601 "https://news.ycombinator.com/" "Mozilla/5.0 (Macintosh; Intel Mac OS X 10_12_6) AppleWebKit/604.1.38 (KHTML, like Gecko) Version/11.0 Safari/604.1.38"
66.254.226.117 - - [05/Oct/2017:21:36:15 +0000] "GET / HTTP/1.1" 301 3966 "https://news.ycombinator.com/" "Mozilla/5.0 (Macintosh; Intel Mac OS X 10_12_6) AppleWebKit/604.1.38 (KHTML, like Gecko) Version/11.0 Safari/604.1.38"
54.183.172.234 - - [05/Oct/2017:21:40:06 +0000] "GET / HTTP/1.1" 301 564 "-" "https://github.com/blakeembrey/popsicle"
54.183.172.234 - - [05/Oct/2017:21:40:06 +0000] "GET / HTTP/1.1" 301 4125 "-" "https://github.com/blakeembrey/popsicle"
80.111.156.57 - - [05/Oct/2017:21:44:13 +0000] "GET / HTTP/1.1" 301 601 "https://news.ycombinator.com/" "Mozilla/5.0 (Macintosh; Intel Mac OS X 10_12_6) AppleWebKit/537.36 (KHTML, like Gecko) Chrome/61.0.3163.100 Safari/537.36"
80.111.156.57 - - [05/Oct/2017:21:44:14 +0000] "GET / HTTP/1.1" 301 4177 "https://news.ycombinator.com/" "Mozilla/5.0 (Macintosh; Intel Mac OS X 10_12_6) AppleWebKit/537.36 (KHTML, like Gecko) Chrome/61.0.3163.100 Safari/537.36"
54.183.172.234 - - [05/Oct/2017:21:44:26 +0000] "GET / HTTP/1.1" 301 564 "-" "https://github.com/blakeembrey/popsicle"
54.183.172.234 - - [05/Oct/2017:21:44:26 +0000] "GET / HTTP/1.1" 301 4125 "-" "https://github.com/blakeembrey/popsicle"
52.201.209.35 - - [05/Oct/2017:21:44:42 +0000] "GET / HTTP/1.1" 301 564 "-" "https://github.com/blakeembrey/popsicle"
52.201.209.35 - - [05/Oct/2017:21:44:42 +0000] "GET / HTTP/1.1" 301 4125 "-" "https://github.com/blakeembrey/popsicle"
54.167.238.35 - - [05/Oct/2017:21:46:16 +0000] "GET / HTTP/1.1" 301 564 "-" "-"
54.167.238.35 - - [05/Oct/2017:21:46:16 +0000] "GET / HTTP/1.1" 301 4125 "http://weeklypythonexercise.com/" "-"
54.183.172.234 - - [05/Oct/2017:21:48:47 +0000] "GET / HTTP/1.1" 301 564 "-" "https://github.com/blakeembrey/popsicle"
54.183.172.234 - - [05/Oct/2017:21:48:47 +0000] "GET / HTTP/1.1" 301 780 "-" "https://github.com/blakeembrey/popsicle"
103.240.17.73 - - [05/Oct/2017:21:50:10 +0000] "POST /xmlrpc.php HTTP/1.1" 301 618 "-" "Mozilla/5.0 (Macintosh; U; Intel Mac OS X 10.6; fr; rv:1.9.2.8) Gecko/20100722 Firefox/3.6.8"
120.21.57.129 - - [05/Oct/2017:21:50:12 +0000] "GET / HTTP/1.1" 301 601 "-" "Mozilla/5.0 (Linux; Android 7.0; SM-G950F Build/NRD90M; wv) AppleWebKit/537.36 (KHTML, like Gecko) Version/4.0 Chrome/60.0.3112.116 Mobile Safari/537.36"
120.21.57.129 - - [05/Oct/2017:21:50:13 +0000] "GET / HTTP/1.1" 301 4177 "-" "Mozilla/5.0 (Linux; Android 7.0; SM-G950F Build/NRD90M; wv) AppleWebKit/537.36 (KHTML, like Gecko) Version/4.0 Chrome/60.0.3112.116 Mobile Safari/537.36"
54.183.172.234 - - [05/Oct/2017:21:53:06 +0000] "GET / HTTP/1.1" 301 564 "-" "https://github.com/blakeembrey/popsicle"
54.183.172.234 - - [05/Oct/2017:21:53:06 +0000] "GET / HTTP/1.1" 301 4125 "-" "https://github.com/blakeembrey/popsicle"
90.192.122.133 - - [05/Oct/2017:21:54:45 +0000] "GET / HTTP/1.1" 301 601 "-" "Mozilla/5.0 (Macintosh; Intel Mac OS X 10.12; rv:54.0) Gecko/20100101 Firefox/54.0"
90.192.122.133 - - [05/Oct/2017:21:54:45 +0000] "GET / HTTP/1.1" 301 4177 "-" "Mozilla/5.0 (Macintosh; Intel Mac OS X 10.12; rv:54.0) Gecko/20100101 Firefox/54.0"
178.233.198.59 - - [05/Oct/2017:21:56:56 +0000] "GET /?ref=producthunt HTTP/1.1" 301 630 "-" "Mozilla/5.0 (Windows NT 6.1; Win64; x64) AppleWebKit/537.36 (KHTML, like Gecko) Chrome/61.0.3163.100 Safari/537.36"
178.233.198.59 - - [05/Oct/2017:21:56:57 +0000] "GET /?ref=producthunt HTTP/1.1" 301 4190 "-" "Mozilla/5.0 (Windows NT 6.1; Win64; x64) AppleWebKit/537.36 (KHTML, like Gecko) Chrome/61.0.3163.100 Safari/537.36"
54.183.172.234 - - [05/Oct/2017:21:57:26 +0000] "GET / HTTP/1.1" 301 564 "-" "https://github.com/blakeembrey/popsicle"
54.183.172.234 - - [05/Oct/2017:21:57:26 +0000] "GET / HTTP/1.1" 301 4125 "-" "https://github.com/blakeembrey/popsicle"
180.76.15.26 - - [05/Oct/2017:21:58:42 +0000] "GET / HTTP/1.1" 301 564 "-" "Mozilla/5.0 (compatible; Baiduspider/2.0; +http://www.baidu.com/search/spider.html)"
180.76.15.34 - - [05/Oct/2017:21:58:43 +0000] "GET / HTTP/1.1" 301 4111 "-" "Mozilla/5.0 (compatible; Baiduspider/2.0; +http://www.baidu.com/search/spider.html)"
66.249.64.208 - - [05/Oct/2017:21:59:22 +0000] "GET / HTTP/1.1" 301 601 "-" "Mozilla/5.0 (Linux; Android 6.0.1; Nexus 5X Build/MMB29P) AppleWebKit/537.36 (KHTML, like Gecko) Chrome/41.0.2272.96 Mobile Safari/537.36 (compatible; Googlebot/2.1; +http://www.google.com/bot.html)"
66.249.64.211 - - [05/Oct/2017:21:59:23 +0000] "GET / HTTP/1.1" 301 4162 "-" "Mozilla/5.0 (Linux; Android 6.0.1; Nexus 5X Build/MMB29P) AppleWebKit/537.36 (KHTML, like Gecko) Chrome/41.0.2272.96 Mobile Safari/537.36 (compatible; Googlebot/2.1; +http://www.google.com/bot.html)"
54.153.87.226 - - [05/Oct/2017:21:59:42 +0000] "GET / HTTP/1.1" 301 573 "-" "Mozilla/5.0 (Windows NT 6.1; WOW64) AppleWebKit/537.36 (KHTML, like Gecko) Chrome/52.0.2743.116 Safari/537.36"
54.153.87.226 - - [05/Oct/2017:21:59:46 +0000] "GET / HTTP/1.1" 301 4126 "http://www.practicemakesregexp.com/" "Mozilla/5.0 (Windows NT 6.1; WOW64) AppleWebKit/537.36 (KHTML, like Gecko) Chrome/52.0.2743.116 Safari/537.36"
54.167.238.35 - - [05/Oct/2017:22:01:00 +0000] "GET / HTTP/1.1" 301 564 "-" "-"
54.167.238.35 - - [05/Oct/2017:22:01:00 +0000] "GET / HTTP/1.1" 301 4125 "http://weeklypythonexercise.com/" "-"
78.240.126.197 - - [05/Oct/2017:22:01:05 +0000] "GET / HTTP/1.1" 301 601 "-" "Mozilla/5.0 (Linux; Android 7.0; SM-G930F Build/NRD90M; wv) AppleWebKit/537.36 (KHTML, like Gecko) Version/4.0 Chrome/60.0.3112.116 Mobile Safari/537.36"
78.240.126.197 - - [05/Oct/2017:22:01:07 +0000] "GET / HTTP/1.1" 301 4177 "-" "Mozilla/5.0 (Linux; Android 7.0; SM-G930F Build/NRD90M; wv) AppleWebKit/537.36 (KHTML, like Gecko) Version/4.0 Chrome/60.0.3112.116 Mobile Safari/537.36"
52.201.209.35 - - [05/Oct/2017:22:01:22 +0000] "GET / HTTP/1.1" 301 564 "-" "https://github.com/blakeembrey/popsicle"
52.201.209.35 - - [05/Oct/2017:22:01:22 +0000] "GET / HTTP/1.1" 301 4125 "-" "https://github.com/blakeembrey/popsicle"
163.172.255.19 - - [05/Oct/2017:22:01:26 +0000] "GET /wp-content/uploader.php HTTP/1.1" 301 3959 "https://practicemakesregexp.com/wp-content/uploader.php" "Mozilla/5.0 (Windows NT 6.1; WOW64) AppleWebKit/537.36 (KHTML, like Gecko) Chrome/42.0.2311.152 Safari/537.36"
54.183.172.234 - - [05/Oct/2017:22:01:46 +0000] "GET / HTTP/1.1" 301 564 "-" "https://github.com/blakeembrey/popsicle"
54.183.172.234 - - [05/Oct/2017:22:01:46 +0000] "GET / HTTP/1.1" 301 4125 "-" "https://github.com/blakeembrey/popsicle"
54.183.172.234 - - [05/Oct/2017:22:06:06 +0000] "GET / HTTP/1.1" 301 564 "-" "https://github.com/blakeembrey/popsicle"
54.183.172.234 - - [05/Oct/2017:22:06:07 +0000] "GET / HTTP/1.1" 301 4125 "-" "https://github.com/blakeembrey/popsicle"
54.183.172.234 - - [05/Oct/2017:22:10:27 +0000] "GET / HTTP/1.1" 301 564 "-" "https://github.com/blakeembrey/popsicle"
54.183.172.234 - - [05/Oct/2017:22:10:28 +0000] "GET / HTTP/1.1" 301 4125 "-" "https://github.com/blakeembrey/popsicle"
139.162.114.70 - - [05/Oct/2017:22:11:46 +0000] "GET / HTTP/1.1" 301 624 "-" "Mozilla/5.0 (Windows NT 10.0; WOW64) AppleWebKit/537.36 (KHTML, like Gecko) Chrome/50.0.2661.102 Safari/537.36"
54.183.172.234 - - [05/Oct/2017:22:14:48 +0000] "GET / HTTP/1.1" 301 564 "-" "https://github.com/blakeembrey/popsicle"
54.183.172.234 - - [05/Oct/2017:22:14:49 +0000] "GET / HTTP/1.1" 301 4125 "-" "https://github.com/blakeembrey/popsicle"
54.167.238.35 - - [05/Oct/2017:22:16:11 +0000] "GET / HTTP/1.1" 301 564 "-" "-"
54.167.238.35 - - [05/Oct/2017:22:16:11 +0000] "GET / HTTP/1.1" 301 4125 "http://weeklypythonexercise.com/" "-"
52.201.209.35 - - [05/Oct/2017:22:18:05 +0000] "GET / HTTP/1.1" 301 564 "-" "https://github.com/blakeembrey/popsicle"
52.201.209.35 - - [05/Oct/2017:22:18:05 +0000] "GET / HTTP/1.1" 301 4125 "-" "https://github.com/blakeembrey/popsicle"
54.67.50.146 - - [05/Oct/2017:22:19:09 +0000] "GET / HTTP/1.1" 301 564 "-" "https://github.com/blakeembrey/popsicle"
54.67.50.146 - - [05/Oct/2017:22:19:09 +0000] "GET / HTTP/1.1" 301 4125 "-" "https://github.com/blakeembrey/popsicle"
54.183.172.234 - - [05/Oct/2017:22:23:28 +0000] "GET / HTTP/1.1" 301 564 "-" "https://github.com/blakeembrey/popsicle"
54.183.172.234 - - [05/Oct/2017:22:23:28 +0000] "GET / HTTP/1.1" 301 4125 "-" "https://github.com/blakeembrey/popsicle"
38.99.25.226 - - [05/Oct/2017:22:24:02 +0000] "GET / HTTP/1.1" 301 601 "https://news.ycombinator.com/" "Mozilla/5.0 (Macintosh; Intel Mac OS X 10_11_6) AppleWebKit/537.36 (KHTML, like Gecko) Chrome/60.0.3112.113 Safari/537.36"
38.99.25.226 - - [05/Oct/2017:22:24:02 +0000] "GET / HTTP/1.1" 301 4177 "https://news.ycombinator.com/" "Mozilla/5.0 (Macintosh; Intel Mac OS X 10_11_6) AppleWebKit/537.36 (KHTML, like Gecko) Chrome/60.0.3112.113 Safari/537.36"
54.183.172.234 - - [05/Oct/2017:22:27:48 +0000] "GET / HTTP/1.1" 301 564 "-" "https://github.com/blakeembrey/popsicle"
54.183.172.234 - - [05/Oct/2017:22:27:49 +0000] "GET / HTTP/1.1" 301 4125 "-" "https://github.com/blakeembrey/popsicle"
54.167.238.35 - - [05/Oct/2017:22:31:13 +0000] "GET / HTTP/1.1" 301 564 "-" "-"
54.167.238.35 - - [05/Oct/2017:22:31:13 +0000] "GET / HTTP/1.1" 301 4125 "http://weeklypythonexercise.com/" "-"
54.183.172.234 - - [05/Oct/2017:22:32:08 +0000] "GET / HTTP/1.1" 301 564 "-" "https://github.com/blakeembrey/popsicle"
54.183.172.234 - - [05/Oct/2017:22:32:09 +0000] "GET / HTTP/1.1" 301 4125 "-" "https://github.com/blakeembrey/popsicle"
52.201.209.35 - - [05/Oct/2017:22:34:45 +0000] "GET / HTTP/1.1" 301 564 "-" "https://github.com/blakeembrey/popsicle"
52.201.209.35 - - [05/Oct/2017:22:34:45 +0000] "GET / HTTP/1.1" 301 4125 "-" "https://github.com/blakeembrey/popsicle"
54.183.172.234 - - [05/Oct/2017:22:36:29 +0000] "GET / HTTP/1.1" 301 564 "-" "https://github.com/blakeembrey/popsicle"
54.183.172.234 - - [05/Oct/2017:22:36:29 +0000] "GET / HTTP/1.1" 301 4125 "-" "https://github.com/blakeembrey/popsicle"
166.137.252.127 - - [05/Oct/2017:22:38:06 +0000] "GET / HTTP/1.1" 301 601 "https://news.ycombinator.com/" "Mozilla/5.0 (iPhone; CPU iPhone OS 10_3_3 like Mac OS X) AppleWebKit/603.1.30 (KHTML, like Gecko) CriOS/59.0.3071.102 Mobile/14G60 Safari/602.1"
107.77.225.57 - - [05/Oct/2017:22:38:06 +0000] "GET / HTTP/1.1" 301 3966 "https://news.ycombinator.com/" "Mozilla/5.0 (iPhone; CPU iPhone OS 10_3_3 like Mac OS X) AppleWebKit/603.1.30 (KHTML, like Gecko) CriOS/59.0.3071.102 Mobile/14G60 Safari/602.1"
143.176.172.73 - - [05/Oct/2017:22:39:56 +0000] "GET /wp-login.php HTTP/1.1" 301 625 "-" "Mozilla/5.0 (Windows NT 6.1; WOW64; rv:40.0) Gecko/20100101 Firefox/40.1"
143.176.172.73 - - [05/Oct/2017:22:39:56 +0000] "GET /wp-login.php HTTP/1.1" 301 3991 "-" "Mozilla/5.0 (Windows NT 6.1; WOW64; rv:40.0) Gecko/20100101 Firefox/40.1"
143.176.172.73 - - [05/Oct/2017:22:40:02 +0000] "GET /wp-login.php HTTP/1.1" 301 625 "-" "Mozilla/5.0 (Windows NT 6.1; WOW64; rv:40.0) Gecko/20100101 Firefox/40.1"
143.176.172.73 - - [05/Oct/2017:22:40:02 +0000] "GET /wp-login.php HTTP/1.1" 301 859 "-" "Mozilla/5.0 (Windows NT 6.1; WOW64; rv:40.0) Gecko/20100101 Firefox/40.1"
143.176.172.73 - - [05/Oct/2017:22:40:07 +0000] "GET / HTTP/1.1" 301 601 "-" "Mozilla/5.0 (Windows NT 6.1; WOW64; rv:40.0) Gecko/20100101 Firefox/40.1"
143.176.172.73 - - [05/Oct/2017:22:40:08 +0000] "GET / HTTP/1.1" 301 827 "-" "Mozilla/5.0 (Windows NT 6.1; WOW64; rv:40.0) Gecko/20100101 Firefox/40.1"
54.183.172.234 - - [05/Oct/2017:22:40:49 +0000] "GET / HTTP/1.1" 301 564 "-" "https://github.com/blakeembrey/popsicle"
54.183.172.234 - - [05/Oct/2017:22:40:49 +0000] "GET / HTTP/1.1" 301 4125 "-" "https://github.com/blakeembrey/popsicle"
42.236.54.62 - - [05/Oct/2017:22:43:25 +0000] "GET / HTTP/1.1" 301 598 "http://practicemakespython.com/" "Mozilla/5.0 (Windows NT 6.1; WOW64) AppleWebKit/537.36 (KHTML, like Gecko) Chrome/50.0.2661.102 Safari/537.36; 360Spider"
42.236.102.23 - - [05/Oct/2017:22:43:26 +0000] "GET / HTTP/1.1" 301 3949 "https://practicemakespython.com/" "Mozilla/5.0 (Windows NT 6.1; WOW64) AppleWebKit/537.36 (KHTML, like Gecko) Chrome/50.0.2661.102 Safari/537.36; 360Spider"
42.236.54.62 - - [05/Oct/2017:22:43:27 +0000] "GET / HTTP/1.1" 301 3949 "https://practicemakespython.com/" "Mozilla/5.0 (Windows NT 6.1; WOW64) AppleWebKit/537.36 (KHTML, like Gecko) Chrome/50.0.2661.102 Safari/537.36; 360Spider"
54.144.33.103 - - [05/Oct/2017:22:45:00 +0000] "GET / HTTP/1.1" 301 601 "-" "Mozilla/5.0 (X11; Ubuntu; Linux x86_64; rv:30.0) Gecko/20100101 Firefox/30.0"
54.144.33.103 - - [05/Oct/2017:22:45:00 +0000] "GET / HTTP/1.1" 301 3951 "-" "Mozilla/5.0 (X11; Ubuntu; Linux x86_64; rv:30.0) Gecko/20100101 Firefox/30.0"
54.183.172.234 - - [05/Oct/2017:22:45:09 +0000] "GET / HTTP/1.1" 301 564 "-" "https://github.com/blakeembrey/popsicle"
54.183.172.234 - - [05/Oct/2017:22:45:09 +0000] "GET / HTTP/1.1" 301 4125 "-" "https://github.com/blakeembrey/popsicle"
66.249.64.142 - - [05/Oct/2017:22:45:25 +0000] "GET / HTTP/1.1" 301 598 "-" "Mozilla/5.0 (compatible; Googlebot/2.1; +http://www.google.com/bot.html)"
66.249.64.157 - - [05/Oct/2017:22:45:26 +0000] "GET / HTTP/1.1" 301 4143 "-" "Mozilla/5.0 (compatible; Googlebot/2.1; +http://www.google.com/bot.html)"
90.216.150.195 - - [05/Oct/2017:22:46:17 +0000] "GET / HTTP/1.1" 301 601 "https://news.ycombinator.com/" "Mozilla/5.0 (Windows NT 6.1; Win64; x64) AppleWebKit/537.36 (KHTML, like Gecko) Chrome/61.0.3163.100 Safari/537.36"
90.216.150.195 - - [05/Oct/2017:22:46:18 +0000] "GET / HTTP/1.1" 301 4177 "https://news.ycombinator.com/" "Mozilla/5.0 (Windows NT 6.1; Win64; x64) AppleWebKit/537.36 (KHTML, like Gecko) Chrome/61.0.3163.100 Safari/537.36"
54.167.238.35 - - [05/Oct/2017:22:47:39 +0000] "GET / HTTP/1.1" 301 564 "-" "-"
54.167.238.35 - - [05/Oct/2017:22:47:39 +0000] "GET / HTTP/1.1" 301 4125 "http://weeklypythonexercise.com/" "-"
54.67.50.146 - - [05/Oct/2017:22:49:29 +0000] "GET / HTTP/1.1" 301 564 "-" "https://github.com/blakeembrey/popsicle"
54.67.50.146 - - [05/Oct/2017:22:49:29 +0000] "GET / HTTP/1.1" 301 4125 "-" "https://github.com/blakeembrey/popsicle"
52.201.209.35 - - [05/Oct/2017:22:51:25 +0000] "GET / HTTP/1.1" 301 564 "-" "https://github.com/blakeembrey/popsicle"
52.201.209.35 - - [05/Oct/2017:22:51:25 +0000] "GET / HTTP/1.1" 301 4125 "-" "https://github.com/blakeembrey/popsicle"
54.183.172.234 - - [05/Oct/2017:22:53:49 +0000] "GET / HTTP/1.1" 301 564 "-" "https://github.com/blakeembrey/popsicle"
54.183.172.234 - - [05/Oct/2017:22:53:49 +0000] "GET / HTTP/1.1" 301 4125 "-" "https://github.com/blakeembrey/popsicle"
143.176.172.73 - - [05/Oct/2017:22:57:28 +0000] "GET /wp-login.php HTTP/1.1" 301 622 "-" "Mozilla/5.0 (Windows NT 6.1; WOW64; rv:40.0) Gecko/20100101 Firefox/40.1"
143.176.172.73 - - [05/Oct/2017:22:57:28 +0000] "GET /wp-login.php HTTP/1.1" 301 3991 "-" "Mozilla/5.0 (Windows NT 6.1; WOW64; rv:40.0) Gecko/20100101 Firefox/40.1"
143.176.172.73 - - [05/Oct/2017:22:57:34 +0000] "GET /wp-login.php HTTP/1.1" 301 622 "-" "Mozilla/5.0 (Windows NT 6.1; WOW64; rv:40.0) Gecko/20100101 Firefox/40.1"
143.176.172.73 - - [05/Oct/2017:22:57:34 +0000] "GET /wp-login.php HTTP/1.1" 301 859 "-" "Mozilla/5.0 (Windows NT 6.1; WOW64; rv:40.0) Gecko/20100101 Firefox/40.1"
143.176.172.73 - - [05/Oct/2017:22:57:40 +0000] "GET / HTTP/1.1" 301 598 "-" "Mozilla/5.0 (Windows NT 6.1; WOW64; rv:40.0) Gecko/20100101 Firefox/40.1"
143.176.172.73 - - [05/Oct/2017:22:57:40 +0000] "GET / HTTP/1.1" 301 827 "-" "Mozilla/5.0 (Windows NT 6.1; WOW64; rv:40.0) Gecko/20100101 Firefox/40.1"
54.183.172.234 - - [05/Oct/2017:22:58:09 +0000] "GET / HTTP/1.1" 301 564 "-" "https://github.com/blakeembrey/popsicle"
54.183.172.234 - - [05/Oct/2017:22:58:10 +0000] "GET / HTTP/1.1" 301 4125 "-" "https://github.com/blakeembrey/popsicle"
54.167.238.35 - - [05/Oct/2017:23:00:07 +0000] "GET / HTTP/1.1" 301 564 "-" "-"
54.167.238.35 - - [05/Oct/2017:23:00:07 +0000] "GET / HTTP/1.1" 301 4125 "http://weeklypythonexercise.com/" "-"
54.183.172.234 - - [05/Oct/2017:23:02:30 +0000] "GET / HTTP/1.1" 301 564 "-" "https://github.com/blakeembrey/popsicle"
54.183.172.234 - - [05/Oct/2017:23:02:30 +0000] "GET / HTTP/1.1" 301 780 "-" "https://github.com/blakeembrey/popsicle"
54.183.172.234 - - [05/Oct/2017:23:06:50 +0000] "GET / HTTP/1.1" 301 564 "-" "https://github.com/blakeembrey/popsicle"
54.183.172.234 - - [05/Oct/2017:23:06:50 +0000] "GET / HTTP/1.1" 301 4125 "-" "https://github.com/blakeembrey/popsicle"
52.201.209.35 - - [05/Oct/2017:23:08:07 +0000] "GET / HTTP/1.1" 301 564 "-" "https://github.com/blakeembrey/popsicle"
52.201.209.35 - - [05/Oct/2017:23:08:07 +0000] "GET / HTTP/1.1" 301 4125 "-" "https://github.com/blakeembrey/popsicle"
109.65.123.165 - - [05/Oct/2017:23:10:56 +0000] "GET / HTTP/1.1" 301 613 "-" "Mozilla/5.0 (Macintosh; Intel Mac OS X 10.12; rv:57.0) Gecko/20100101 Firefox/57.0"
109.65.123.165 - - [05/Oct/2017:23:10:57 +0000] "GET / HTTP/1.1" 301 4181 "-" "Mozilla/5.0 (Macintosh; Intel Mac OS X 10.12; rv:57.0) Gecko/20100101 Firefox/57.0"
54.183.172.234 - - [05/Oct/2017:23:11:11 +0000] "GET / HTTP/1.1" 301 564 "-" "https://github.com/blakeembrey/popsicle"
54.183.172.234 - - [05/Oct/2017:23:11:11 +0000] "GET / HTTP/1.1" 301 4125 "-" "https://github.com/blakeembrey/popsicle"
54.167.238.35 - - [05/Oct/2017:23:15:04 +0000] "GET / HTTP/1.1" 301 564 "-" "-"
54.167.238.35 - - [05/Oct/2017:23:15:04 +0000] "GET / HTTP/1.1" 301 4125 "http://weeklypythonexercise.com/" "-"
31.41.142.72 - - [05/Oct/2017:23:15:14 +0000] "GET /wp-login.php HTTP/1.1" 301 625 "-" "Mozilla/5.0 (Windows NT 6.1; WOW64; rv:40.0) Gecko/20100101 Firefox/40.1"
31.41.142.72 - - [05/Oct/2017:23:15:15 +0000] "GET /wp-login.php HTTP/1.1" 301 3991 "-" "Mozilla/5.0 (Windows NT 6.1; WOW64; rv:40.0) Gecko/20100101 Firefox/40.1"
31.41.142.72 - - [05/Oct/2017:23:15:21 +0000] "GET /wp-login.php HTTP/1.1" 301 625 "-" "Mozilla/5.0 (Windows NT 6.1; WOW64; rv:40.0) Gecko/20100101 Firefox/40.1"
31.41.142.72 - - [05/Oct/2017:23:15:21 +0000] "GET /wp-login.php HTTP/1.1" 301 859 "-" "Mozilla/5.0 (Windows NT 6.1; WOW64; rv:40.0) Gecko/20100101 Firefox/40.1"
31.41.142.72 - - [05/Oct/2017:23:15:27 +0000] "GET / HTTP/1.1" 301 601 "-" "Mozilla/5.0 (Windows NT 6.1; WOW64; rv:40.0) Gecko/20100101 Firefox/40.1"
31.41.142.72 - - [05/Oct/2017:23:15:27 +0000] "GET / HTTP/1.1" 301 827 "-" "Mozilla/5.0 (Windows NT 6.1; WOW64; rv:40.0) Gecko/20100101 Firefox/40.1"
54.183.172.234 - - [05/Oct/2017:23:15:31 +0000] "GET / HTTP/1.1" 301 564 "-" "https://github.com/blakeembrey/popsicle"
54.183.172.234 - - [05/Oct/2017:23:15:32 +0000] "GET / HTTP/1.1" 301 4125 "-" "https://github.com/blakeembrey/popsicle"
31.41.142.72 - - [05/Oct/2017:23:15:53 +0000] "GET /wp-login.php HTTP/1.1" 301 622 "-" "Mozilla/5.0 (Windows NT 6.1; WOW64; rv:40.0) Gecko/20100101 Firefox/40.1"
31.41.142.72 - - [05/Oct/2017:23:15:54 +0000] "GET /wp-login.php HTTP/1.1" 301 3991 "-" "Mozilla/5.0 (Windows NT 6.1; WOW64; rv:40.0) Gecko/20100101 Firefox/40.1"
31.41.142.72 - - [05/Oct/2017:23:15:59 +0000] "GET /wp-login.php HTTP/1.1" 301 622 "-" "Mozilla/5.0 (Windows NT 6.1; WOW64; rv:40.0) Gecko/20100101 Firefox/40.1"
31.41.142.72 - - [05/Oct/2017:23:16:00 +0000] "GET /wp-login.php HTTP/1.1" 301 859 "-" "Mozilla/5.0 (Windows NT 6.1; WOW64; rv:40.0) Gecko/20100101 Firefox/40.1"
31.41.142.72 - - [05/Oct/2017:23:16:05 +0000] "GET / HTTP/1.1" 301 598 "-" "Mozilla/5.0 (Windows NT 6.1; WOW64; rv:40.0) Gecko/20100101 Firefox/40.1"
31.41.142.72 - - [05/Oct/2017:23:16:06 +0000] "GET / HTTP/1.1" 301 827 "-" "Mozilla/5.0 (Windows NT 6.1; WOW64; rv:40.0) Gecko/20100101 Firefox/40.1"
54.183.172.234 - - [05/Oct/2017:23:19:52 +0000] "GET / HTTP/1.1" 301 564 "-" "https://github.com/blakeembrey/popsicle"
54.183.172.234 - - [05/Oct/2017:23:19:52 +0000] "GET / HTTP/1.1" 301 4125 "-" "https://github.com/blakeembrey/popsicle"
218.30.103.163 - - [05/Oct/2017:23:22:42 +0000] "GET /robots.txt HTTP/1.1" 301 581 "-" "Sogou web spider/4.0(+http://www.sogou.com/docs/help/webmasters.htm#07)"
218.30.103.163 - - [05/Oct/2017:23:22:42 +0000] "GET / HTTP/1.1" 301 561 "-" "Mozilla/5.0 (iPhone; CPU iPhone OS 6_0 like Mac OS X) AppleWebKit/536.26 (KHTML, like Gecko) Version/6.0 Mobile/10A5376e Safari/8536.25"
218.30.103.163 - - [05/Oct/2017:23:22:43 +0000] "GET / HTTP/1.0" 400 0 "-" "-"
218.30.103.163 - - [05/Oct/2017:23:22:44 +0000] "GET / HTTP/1.1" 301 4107 "-" "Mozilla/5.0 (iPhone; CPU iPhone OS 6_0 like Mac OS X) AppleWebKit/536.26 (KHTML, like Gecko) Version/6.0 Mobile/10A5376e Safari/8536.25"
136.243.12.135 - - [05/Oct/2017:23:22:59 +0000] "GET /xmlrpc.php HTTP/1.0" 301 581 "-" "-"
136.243.12.135 - - [05/Oct/2017:23:23:00 +0000] "GET /xmlrpc.php HTTP/1.0" 301 4131 "-" "-"
54.183.172.234 - - [05/Oct/2017:23:24:12 +0000] "GET / HTTP/1.1" 301 564 "-" "https://github.com/blakeembrey/popsicle"
54.183.172.234 - - [05/Oct/2017:23:24:12 +0000] "GET / HTTP/1.1" 301 4125 "-" "https://github.com/blakeembrey/popsicle"
52.201.209.35 - - [05/Oct/2017:23:24:48 +0000] "GET / HTTP/1.1" 301 564 "-" "https://github.com/blakeembrey/popsicle"
52.201.209.35 - - [05/Oct/2017:23:24:48 +0000] "GET / HTTP/1.1" 301 4125 "-" "https://github.com/blakeembrey/popsicle"
109.65.123.165 - - [05/Oct/2017:23:26:06 +0000] "GET / HTTP/1.1" 301 4138 "-" "Mozilla/5.0 (Macintosh; Intel Mac OS X 10.12; rv:57.0) Gecko/20100101 Firefox/57.0"
54.89.125.130 - - [05/Oct/2017:23:26:11 +0000] "GET / HTTP/1.1" 301 4128 "-" "Mozilla/5.0 (compatible; redditbot/1.0; +http://www.reddit.com/feedback)"
66.249.70.5 - - [05/Oct/2017:23:26:13 +0000] "GET / HTTP/1.1" 301 598 "-" "Mozilla/5.0 (Linux; Android 6.0.1; Nexus 5X Build/MMB29P) AppleWebKit/537.36 (KHTML, like Gecko) Chrome/41.0.2272.96 Mobile Safari/537.36 (compatible; Googlebot/2.1; +http://www.google.com/bot.html)"
66.249.70.18 - - [05/Oct/2017:23:26:14 +0000] "GET / HTTP/1.1" 301 4143 "-" "Mozilla/5.0 (Linux; Android 6.0.1; Nexus 5X Build/MMB29P) AppleWebKit/537.36 (KHTML, like Gecko) Chrome/41.0.2272.96 Mobile Safari/537.36 (compatible; Googlebot/2.1; +http://www.google.com/bot.html)"
54.183.172.234 - - [05/Oct/2017:23:28:31 +0000] "GET / HTTP/1.1" 301 564 "-" "https://github.com/blakeembrey/popsicle"
54.183.172.234 - - [05/Oct/2017:23:28:31 +0000] "GET / HTTP/1.1" 301 4125 "-" "https://github.com/blakeembrey/popsicle"
54.152.250.67 - - [05/Oct/2017:23:29:04 +0000] "GET / HTTP/1.1" 301 4128 "-" "Mozilla/5.0 (Windows NT 6.1; WOW64) AppleWebKit/537.36 (KHTML, like Gecko) Chrome/45.0.2454.85 Safari/537.36"
54.204.168.229 - - [05/Oct/2017:23:29:04 +0000] "GET / HTTP/1.1" 301 4072 "-" "Mozilla/5.0 (compatible; redditbot/1.0; +http://www.reddit.com/feedback)"
136.243.12.135 - - [05/Oct/2017:23:29:08 +0000] "GET /feed/ HTTP/1.0" 301 571 "-" "-"
52.90.242.106 - - [05/Oct/2017:23:29:15 +0000] "GET / HTTP/1.1" 301 4072 "-" "Mozilla/5.0 (compatible; redditbot/1.0; +http://www.reddit.com/feedback)"
136.243.12.135 - - [05/Oct/2017:23:29:16 +0000] "GET /feed/ HTTP/1.0" 301 4121 "-" "-"
45.33.107.77 - - [05/Oct/2017:23:29:18 +0000] "GET / HTTP/1.1" 301 4086 "-" "Mozilla/5.0 (Windows NT 6.1) AppleWebKit/537.36 (KHTML, like Gecko) Chrome/41.0.2228.0 Safari/537.36"
35.196.221.196 - - [05/Oct/2017:23:30:02 +0000] "GET / HTTP/1.1" 301 4138 "-" "Mozilla/5.0 (X11; Linux x86_64) AppleWebKit/537.36 (KHTML, like Gecko) HeadlessChrome/61.0.3163.49 Safari/537.36"
35.188.183.16 - - [05/Oct/2017:23:30:37 +0000] "GET /robots.txt HTTP/1.1" 301 3907 "-" "Mozilla/5.0 (iPhone; CPU iPhone OS 8_3 like Mac OS X) AppleWebKit/600.1.4 (KHTML, like Gecko) Version/8.0 Mobile/12F70 Safari/600.1.4 (compatible; Laserlikebot/0.1)"
35.188.183.16 - - [05/Oct/2017:23:30:37 +0000] "GET / HTTP/1.1" 301 601 "-" "Mozilla/5.0 (iPhone; CPU iPhone OS 8_3 like Mac OS X) AppleWebKit/600.1.4 (KHTML, like Gecko) Version/8.0 Mobile/12F70 Safari/600.1.4 (compatible; Laserlikebot/0.1)"
52.204.41.37 - - [05/Oct/2017:23:31:38 +0000] "GET / HTTP/1.1" 301 4128 "-" "Mozilla/5.0 (Macintosh; Intel Mac OS X 10_11_6) AppleWebKit/537.36 (KHTML, like Gecko) Chrome/55.0.2883.75 Safari/537.36 OPR/42.0.2393.85"
62.210.101.170 - - [05/Oct/2017:23:31:48 +0000] "GET /.rss HTTP/1.1" 301 3899 "-" "Go-http-client/1.1"
178.32.254.24 - - [05/Oct/2017:23:31:48 +0000] "GET / HTTP/1.1" 301 3891 "-" "Mozilla/5.0 (X11; Linux i686) AppleWebKit/537.36 (KHTML, like Gecko) Chrome/30.0.1599.66 Safari/537.36"
62.210.101.170 - - [05/Oct/2017:23:31:48 +0000] "GET /rss HTTP/1.1" 301 3897 "-" "Go-http-client/1.1"
62.210.101.170 - - [05/Oct/2017:23:31:48 +0000] "GET /feed HTTP/1.1" 301 3899 "-" "Go-http-client/1.1"
62.210.101.170 - - [05/Oct/2017:23:31:48 +0000] "GET /atom HTTP/1.1" 301 3899 "-" "Go-http-client/1.1"
62.210.101.170 - - [05/Oct/2017:23:31:48 +0000] "GET / HTTP/1.1" 301 3891 "-" "Go-http-client/1.1"
54.167.238.35 - - [05/Oct/2017:23:32:07 +0000] "GET / HTTP/1.1" 301 564 "-" "-"
54.167.238.35 - - [05/Oct/2017:23:32:07 +0000] "GET / HTTP/1.1" 301 4125 "http://weeklypythonexercise.com/" "-"
54.67.50.146 - - [05/Oct/2017:23:32:50 +0000] "GET / HTTP/1.1" 301 564 "-" "https://github.com/blakeembrey/popsicle"
54.67.50.146 - - [05/Oct/2017:23:32:51 +0000] "GET / HTTP/1.1" 301 4125 "-" "https://github.com/blakeembrey/popsicle"
54.183.172.234 - - [05/Oct/2017:23:37:10 +0000] "GET / HTTP/1.1" 301 564 "-" "https://github.com/blakeembrey/popsicle"
54.183.172.234 - - [05/Oct/2017:23:37:11 +0000] "GET / HTTP/1.1" 301 4125 "-" "https://github.com/blakeembrey/popsicle"
52.201.209.35 - - [05/Oct/2017:23:41:27 +0000] "GET / HTTP/1.1" 301 564 "-" "https://github.com/blakeembrey/popsicle"
52.201.209.35 - - [05/Oct/2017:23:41:27 +0000] "GET / HTTP/1.1" 301 4125 "-" "https://github.com/blakeembrey/popsicle"
54.183.172.234 - - [05/Oct/2017:23:41:31 +0000] "GET / HTTP/1.1" 301 564 "-" "https://github.com/blakeembrey/popsicle"
54.183.172.234 - - [05/Oct/2017:23:41:31 +0000] "GET / HTTP/1.1" 301 4125 "-" "https://github.com/blakeembrey/popsicle"
66.249.70.16 - - [05/Oct/2017:23:42:17 +0000] "GET / HTTP/1.1" 301 4143 "-" "Mozilla/5.0 (compatible; Googlebot/2.1; +http://www.google.com/bot.html)"
190.16.77.236 - - [05/Oct/2017:23:42:40 +0000] "GET /wp-login.php HTTP/1.1" 301 622 "-" "Mozilla/5.0 (Windows NT 6.1; WOW64; rv:40.0) Gecko/20100101 Firefox/40.1"
190.16.77.236 - - [05/Oct/2017:23:42:41 +0000] "GET /wp-login.php HTTP/1.1" 301 4609 "-" "Mozilla/5.0 (Windows NT 6.1; WOW64; rv:40.0) Gecko/20100101 Firefox/40.1"
190.16.77.236 - - [05/Oct/2017:23:42:43 +0000] "GET / HTTP/1.1" 301 597 "-" "Mozilla/5.0 (Windows NT 6.1; WOW64; rv:40.0) Gecko/20100101 Firefox/40.1"
190.16.77.236 - - [05/Oct/2017:23:42:43 +0000] "GET / HTTP/1.1" 301 676 "-" "Mozilla/5.0 (Windows NT 6.1; WOW64; rv:40.0) Gecko/20100101 Firefox/40.1"
177.10.89.66 - - [05/Oct/2017:23:43:15 +0000] "GET / HTTP/1.1" 301 605 "-" "curl/7.17.1 (mips-unknown-linux-gnu) libcurl/7.17.1 OpenSSL/0.9.8i zlib/1.2.3"
132.247.112.4 - - [05/Oct/2017:23:43:22 +0000] "HEAD http://138.197.26.202:80/mysql/admin/ HTTP/1.1" 301 296 "-" "Mozilla/5.0 Jorgee"
132.247.112.4 - - [05/Oct/2017:23:43:23 +0000] "HEAD http://138.197.26.202:80/mysql/dbadmin/ HTTP/1.1" 301 297 "-" "Mozilla/5.0 Jorgee"
107.77.75.119 - - [05/Oct/2017:23:43:23 +0000] "GET / HTTP/1.1" 301 601 "-" "Mozilla/5.0 (Linux; Android 7.0; SAMSUNG SM-G935A Build/NRD90M) AppleWebKit/537.36 (KHTML, like Gecko) SamsungBrowser/5.4 Chrome/51.0.2704.106 Mobile Safari/537.36"
132.247.112.4 - - [05/Oct/2017:23:43:23 +0000] "HEAD http://138.197.26.202:80/mysql/sqlmanager/ HTTP/1.1" 301 300 "-" "Mozilla/5.0 Jorgee"
132.247.112.4 - - [05/Oct/2017:23:43:23 +0000] "HEAD http://138.197.26.202:80/mysql/mysqlmanager/ HTTP/1.1" 301 302 "-" "Mozilla/5.0 Jorgee"
107.77.213.171 - - [05/Oct/2017:23:43:23 +0000] "GET / HTTP/1.1" 301 4177 "-" "Mozilla/5.0 (Linux; Android 7.0; SAMSUNG SM-G935A Build/NRD90M) AppleWebKit/537.36 (KHTML, like Gecko) SamsungBrowser/5.4 Chrome/51.0.2704.106 Mobile Safari/537.36"
132.247.112.4 - - [05/Oct/2017:23:43:23 +0000] "HEAD http://138.197.26.202:80/phpmyadmin/ HTTP/1.1" 301 294 "-" "Mozilla/5.0 Jorgee"
132.247.112.4 - - [05/Oct/2017:23:43:23 +0000] "HEAD http://138.197.26.202:80/phpMyadmin/ HTTP/1.1" 301 294 "-" "Mozilla/5.0 Jorgee"
132.247.112.4 - - [05/Oct/2017:23:43:24 +0000] "HEAD http://138.197.26.202:80/phpMyAdmin/ HTTP/1.1" 301 294 "-" "Mozilla/5.0 Jorgee"
132.247.112.4 - - [05/Oct/2017:23:43:24 +0000] "HEAD http://138.197.26.202:80/phpmyAdmin/ HTTP/1.1" 301 294 "-" "Mozilla/5.0 Jorgee"
132.247.112.4 - - [05/Oct/2017:23:43:24 +0000] "HEAD http://138.197.26.202:80/phpmyadmin2/ HTTP/1.1" 301 295 "-" "Mozilla/5.0 Jorgee"
132.247.112.4 - - [05/Oct/2017:23:43:24 +0000] "HEAD http://138.197.26.202:80/phpmyadmin3/ HTTP/1.1" 301 295 "-" "Mozilla/5.0 Jorgee"
132.247.112.4 - - [05/Oct/2017:23:43:24 +0000] "HEAD http://138.197.26.202:80/phpmyadmin4/ HTTP/1.1" 301 295 "-" "Mozilla/5.0 Jorgee"
132.247.112.4 - - [05/Oct/2017:23:43:24 +0000] "HEAD http://138.197.26.202:80/2phpmyadmin/ HTTP/1.1" 301 295 "-" "Mozilla/5.0 Jorgee"
132.247.112.4 - - [05/Oct/2017:23:43:24 +0000] "HEAD http://138.197.26.202:80/phpmy/ HTTP/1.1" 301 289 "-" "Mozilla/5.0 Jorgee"
132.247.112.4 - - [05/Oct/2017:23:43:24 +0000] "HEAD http://138.197.26.202:80/phppma/ HTTP/1.1" 301 290 "-" "Mozilla/5.0 Jorgee"
132.247.112.4 - - [05/Oct/2017:23:43:24 +0000] "HEAD http://138.197.26.202:80/myadmin/ HTTP/1.1" 301 291 "-" "Mozilla/5.0 Jorgee"
132.247.112.4 - - [05/Oct/2017:23:43:25 +0000] "HEAD http://138.197.26.202:80/shopdb/ HTTP/1.1" 301 290 "-" "Mozilla/5.0 Jorgee"
132.247.112.4 - - [05/Oct/2017:23:43:25 +0000] "HEAD http://138.197.26.202:80/MyAdmin/ HTTP/1.1" 301 291 "-" "Mozilla/5.0 Jorgee"
132.247.112.4 - - [05/Oct/2017:23:43:25 +0000] "HEAD http://138.197.26.202:80/program/ HTTP/1.1" 301 291 "-" "Mozilla/5.0 Jorgee"
132.247.112.4 - - [05/Oct/2017:23:43:25 +0000] "HEAD http://138.197.26.202:80/PMA/ HTTP/1.1" 301 287 "-" "Mozilla/5.0 Jorgee"
132.247.112.4 - - [05/Oct/2017:23:43:25 +0000] "HEAD http://138.197.26.202:80/dbadmin/ HTTP/1.1" 301 291 "-" "Mozilla/5.0 Jorgee"
132.247.112.4 - - [05/Oct/2017:23:43:25 +0000] "HEAD http://138.197.26.202:80/pma/ HTTP/1.1" 301 287 "-" "Mozilla/5.0 Jorgee"
132.247.112.4 - - [05/Oct/2017:23:43:25 +0000] "HEAD http://138.197.26.202:80/db/ HTTP/1.1" 301 286 "-" "Mozilla/5.0 Jorgee"
132.247.112.4 - - [05/Oct/2017:23:43:26 +0000] "HEAD http://138.197.26.202:80/admin/ HTTP/1.1" 301 289 "-" "Mozilla/5.0 Jorgee"
132.247.112.4 - - [05/Oct/2017:23:43:26 +0000] "HEAD http://138.197.26.202:80/mysql/ HTTP/1.1" 301 289 "-" "Mozilla/5.0 Jorgee"
132.247.112.4 - - [05/Oct/2017:23:43:26 +0000] "HEAD http://138.197.26.202:80/database/ HTTP/1.1" 301 292 "-" "Mozilla/5.0 Jorgee"
132.247.112.4 - - [05/Oct/2017:23:43:26 +0000] "HEAD http://138.197.26.202:80/db/phpmyadmin/ HTTP/1.1" 301 297 "-" "Mozilla/5.0 Jorgee"
132.247.112.4 - - [05/Oct/2017:23:43:26 +0000] "HEAD http://138.197.26.202:80/db/phpMyAdmin/ HTTP/1.1" 301 297 "-" "Mozilla/5.0 Jorgee"
132.247.112.4 - - [05/Oct/2017:23:43:27 +0000] "HEAD http://138.197.26.202:80/sqlmanager/ HTTP/1.1" 301 294 "-" "Mozilla/5.0 Jorgee"
132.247.112.4 - - [05/Oct/2017:23:43:27 +0000] "HEAD http://138.197.26.202:80/mysqlmanager/ HTTP/1.1" 301 296 "-" "Mozilla/5.0 Jorgee"
62.219.131.253 - - [05/Oct/2017:23:43:27 +0000] "GET /wp-login.php HTTP/1.1" 301 622 "-" "Mozilla/5.0 (Windows NT 6.1; WOW64; rv:40.0) Gecko/20100101 Firefox/40.1"
132.247.112.4 - - [05/Oct/2017:23:43:27 +0000] "HEAD http://138.197.26.202:80/php-myadmin/ HTTP/1.1" 301 295 "-" "Mozilla/5.0 Jorgee"
132.247.112.4 - - [05/Oct/2017:23:43:27 +0000] "HEAD http://138.197.26.202:80/phpmy-admin/ HTTP/1.1" 301 295 "-" "Mozilla/5.0 Jorgee"
132.247.112.4 - - [05/Oct/2017:23:43:27 +0000] "HEAD http://138.197.26.202:80/mysqladmin/ HTTP/1.1" 301 294 "-" "Mozilla/5.0 Jorgee"
62.219.131.253 - - [05/Oct/2017:23:43:27 +0000] "GET /wp-login.php HTTP/1.1" 301 3991 "-" "Mozilla/5.0 (Windows NT 6.1; WOW64; rv:40.0) Gecko/20100101 Firefox/40.1"
132.247.112.4 - - [05/Oct/2017:23:43:28 +0000] "HEAD http://138.197.26.202:80/mysql-admin/ HTTP/1.1" 301 295 "-" "Mozilla/5.0 Jorgee"
132.247.112.4 - - [05/Oct/2017:23:43:28 +0000] "HEAD http://138.197.26.202:80/admin/phpmyadmin/ HTTP/1.1" 301 300 "-" "Mozilla/5.0 Jorgee"
132.247.112.4 - - [05/Oct/2017:23:43:28 +0000] "HEAD http://138.197.26.202:80/admin/phpMyAdmin/ HTTP/1.1" 301 300 "-" "Mozilla/5.0 Jorgee"
132.247.112.4 - - [05/Oct/2017:23:43:28 +0000] "HEAD http://138.197.26.202:80/admin/sysadmin/ HTTP/1.1" 301 298 "-" "Mozilla/5.0 Jorgee"
132.247.112.4 - - [05/Oct/2017:23:43:28 +0000] "HEAD http://138.197.26.202:80/admin/sqladmin/ HTTP/1.1" 301 298 "-" "Mozilla/5.0 Jorgee"
132.247.112.4 - - [05/Oct/2017:23:43:31 +0000] "HEAD http://138.197.26.202:80/admin/db/ HTTP/1.1" 301 292 "-" "Mozilla/5.0 Jorgee"
132.247.112.4 - - [05/Oct/2017:23:43:31 +0000] "HEAD http://138.197.26.202:80/admin/web/ HTTP/1.1" 301 293 "-" "Mozilla/5.0 Jorgee"
132.247.112.4 - - [05/Oct/2017:23:43:31 +0000] "HEAD http://138.197.26.202:80/admin/pMA/ HTTP/1.1" 301 293 "-" "Mozilla/5.0 Jorgee"
132.247.112.4 - - [05/Oct/2017:23:43:31 +0000] "HEAD http://138.197.26.202:80/mysql/pma/ HTTP/1.1" 301 293 "-" "Mozilla/5.0 Jorgee"
132.247.112.4 - - [05/Oct/2017:23:43:31 +0000] "HEAD http://138.197.26.202:80/mysql/db/ HTTP/1.1" 301 292 "-" "Mozilla/5.0 Jorgee"
132.247.112.4 - - [05/Oct/2017:23:43:32 +0000] "HEAD http://138.197.26.202:80/mysql/web/ HTTP/1.1" 301 293 "-" "Mozilla/5.0 Jorgee"
132.247.112.4 - - [05/Oct/2017:23:43:32 +0000] "HEAD http://138.197.26.202:80/mysql/pMA/ HTTP/1.1" 301 293 "-" "Mozilla/5.0 Jorgee"
132.247.112.4 - - [05/Oct/2017:23:43:32 +0000] "HEAD http://138.197.26.202:80/sql/phpmanager/ HTTP/1.1" 301 298 "-" "Mozilla/5.0 Jorgee"
132.247.112.4 - - [05/Oct/2017:23:43:33 +0000] "HEAD http://138.197.26.202:80/sql/php-myadmin/ HTTP/1.1" 301 299 "-" "Mozilla/5.0 Jorgee"
132.247.112.4 - - [05/Oct/2017:23:43:33 +0000] "HEAD http://138.197.26.202:80/sql/phpmy-admin/ HTTP/1.1" 301 299 "-" "Mozilla/5.0 Jorgee"
132.247.112.4 - - [05/Oct/2017:23:43:33 +0000] "HEAD http://138.197.26.202:80/sql/sql/ HTTP/1.1" 301 291 "-" "Mozilla/5.0 Jorgee"
132.247.112.4 - - [05/Oct/2017:23:43:33 +0000] "HEAD http://138.197.26.202:80/sql/myadmin/ HTTP/1.1" 301 295 "-" "Mozilla/5.0 Jorgee"
132.247.112.4 - - [05/Oct/2017:23:43:33 +0000] "HEAD http://138.197.26.202:80/sql/webadmin/ HTTP/1.1" 301 296 "-" "Mozilla/5.0 Jorgee"
132.247.112.4 - - [05/Oct/2017:23:43:33 +0000] "HEAD http://138.197.26.202:80/sql/sqlweb/ HTTP/1.1" 301 294 "-" "Mozilla/5.0 Jorgee"
62.219.131.253 - - [05/Oct/2017:23:43:33 +0000] "GET /wp-login.php HTTP/1.1" 301 622 "-" "Mozilla/5.0 (Windows NT 6.1; WOW64; rv:40.0) Gecko/20100101 Firefox/40.1"
132.247.112.4 - - [05/Oct/2017:23:43:33 +0000] "HEAD http://138.197.26.202:80/sql/websql/ HTTP/1.1" 301 294 "-" "Mozilla/5.0 Jorgee"
132.247.112.4 - - [05/Oct/2017:23:43:33 +0000] "HEAD http://138.197.26.202:80/sql/webdb/ HTTP/1.1" 301 293 "-" "Mozilla/5.0 Jorgee"
132.247.112.4 - - [05/Oct/2017:23:43:34 +0000] "HEAD http://138.197.26.202:80/sql/sqladmin/ HTTP/1.1" 301 296 "-" "Mozilla/5.0 Jorgee"
132.247.112.4 - - [05/Oct/2017:23:43:34 +0000] "HEAD http://138.197.26.202:80/sql/sql-admin/ HTTP/1.1" 301 297 "-" "Mozilla/5.0 Jorgee"
62.219.131.253 - - [05/Oct/2017:23:43:34 +0000] "GET /wp-login.php HTTP/1.1" 301 859 "-" "Mozilla/5.0 (Windows NT 6.1; WOW64; rv:40.0) Gecko/20100101 Firefox/40.1"
132.247.112.4 - - [05/Oct/2017:23:43:34 +0000] "HEAD http://138.197.26.202:80/sql/phpmyadmin2/ HTTP/1.1" 301 299 "-" "Mozilla/5.0 Jorgee"
132.247.112.4 - - [05/Oct/2017:23:43:34 +0000] "HEAD http://138.197.26.202:80/sql/phpMyAdmin2/ HTTP/1.1" 301 299 "-" "Mozilla/5.0 Jorgee"
132.247.112.4 - - [05/Oct/2017:23:43:34 +0000] "HEAD http://138.197.26.202:80/sql/phpMyAdmin/ HTTP/1.1" 301 298 "-" "Mozilla/5.0 Jorgee"
132.247.112.4 - - [05/Oct/2017:23:43:34 +0000] "HEAD http://138.197.26.202:80/db/myadmin/ HTTP/1.1" 301 294 "-" "Mozilla/5.0 Jorgee"
132.247.112.4 - - [05/Oct/2017:23:43:34 +0000] "HEAD http://138.197.26.202:80/db/webadmin/ HTTP/1.1" 301 295 "-" "Mozilla/5.0 Jorgee"
132.247.112.4 - - [05/Oct/2017:23:43:34 +0000] "HEAD http://138.197.26.202:80/db/dbweb/ HTTP/1.1" 301 292 "-" "Mozilla/5.0 Jorgee"
132.247.112.4 - - [05/Oct/2017:23:43:34 +0000] "HEAD http://138.197.26.202:80/db/websql/ HTTP/1.1" 301 293 "-" "Mozilla/5.0 Jorgee"
132.247.112.4 - - [05/Oct/2017:23:43:34 +0000] "HEAD http://138.197.26.202:80/db/webdb/ HTTP/1.1" 301 292 "-" "Mozilla/5.0 Jorgee"
132.247.112.4 - - [05/Oct/2017:23:43:34 +0000] "HEAD http://138.197.26.202:80/db/dbadmin/ HTTP/1.1" 301 294 "-" "Mozilla/5.0 Jorgee"
132.247.112.4 - - [05/Oct/2017:23:43:34 +0000] "HEAD http://138.197.26.202:80/db/db-admin/ HTTP/1.1" 301 295 "-" "Mozilla/5.0 Jorgee"
132.247.112.4 - - [05/Oct/2017:23:43:34 +0000] "HEAD http://138.197.26.202:80/db/phpmyadmin3/ HTTP/1.1" 301 298 "-" "Mozilla/5.0 Jorgee"
132.247.112.4 - - [05/Oct/2017:23:43:35 +0000] "HEAD http://138.197.26.202:80/db/phpMyAdmin3/ HTTP/1.1" 301 298 "-" "Mozilla/5.0 Jorgee"
132.247.112.4 - - [05/Oct/2017:23:43:35 +0000] "HEAD http://138.197.26.202:80/db/phpMyAdmin-3/ HTTP/1.1" 301 299 "-" "Mozilla/5.0 Jorgee"
132.247.112.4 - - [05/Oct/2017:23:43:35 +0000] "HEAD http://138.197.26.202:80/administrator/phpmyadmin/ HTTP/1.1" 301 308 "-" "Mozilla/5.0 Jorgee"
132.247.112.4 - - [05/Oct/2017:23:43:35 +0000] "HEAD http://138.197.26.202:80/administrator/phpMyAdmin/ HTTP/1.1" 301 308 "-" "Mozilla/5.0 Jorgee"
132.247.112.4 - - [05/Oct/2017:23:43:35 +0000] "HEAD http://138.197.26.202:80/administrator/db/ HTTP/1.1" 301 300 "-" "Mozilla/5.0 Jorgee"
132.247.112.4 - - [05/Oct/2017:23:43:35 +0000] "HEAD http://138.197.26.202:80/administrator/web/ HTTP/1.1" 301 301 "-" "Mozilla/5.0 Jorgee"
132.247.112.4 - - [05/Oct/2017:23:43:35 +0000] "HEAD http://138.197.26.202:80/administrator/pma/ HTTP/1.1" 301 301 "-" "Mozilla/5.0 Jorgee"
132.247.112.4 - - [05/Oct/2017:23:43:35 +0000] "HEAD http://138.197.26.202:80/administrator/PMA/ HTTP/1.1" 301 301 "-" "Mozilla/5.0 Jorgee"
132.247.112.4 - - [05/Oct/2017:23:43:35 +0000] "HEAD http://138.197.26.202:80/administrator/admin/ HTTP/1.1" 301 303 "-" "Mozilla/5.0 Jorgee"
132.247.112.4 - - [05/Oct/2017:23:43:36 +0000] "HEAD http://138.197.26.202:80/phpMyAdmin2/ HTTP/1.1" 301 295 "-" "Mozilla/5.0 Jorgee"
132.247.112.4 - - [05/Oct/2017:23:43:36 +0000] "HEAD http://138.197.26.202:80/phpMyAdmin3/ HTTP/1.1" 301 295 "-" "Mozilla/5.0 Jorgee"
132.247.112.4 - - [05/Oct/2017:23:43:36 +0000] "HEAD http://138.197.26.202:80/phpMyAdmin4/ HTTP/1.1" 301 295 "-" "Mozilla/5.0 Jorgee"
132.247.112.4 - - [05/Oct/2017:23:43:36 +0000] "HEAD http://138.197.26.202:80/phpMyAdmin-3/ HTTP/1.1" 301 296 "-" "Mozilla/5.0 Jorgee"
132.247.112.4 - - [05/Oct/2017:23:43:36 +0000] "HEAD http://138.197.26.202:80/php-my-admin/ HTTP/1.1" 301 296 "-" "Mozilla/5.0 Jorgee"
132.247.112.4 - - [05/Oct/2017:23:43:36 +0000] "HEAD http://138.197.26.202:80/PMA2011/ HTTP/1.1" 301 291 "-" "Mozilla/5.0 Jorgee"
132.247.112.4 - - [05/Oct/2017:23:43:37 +0000] "HEAD http://138.197.26.202:80/PMA2012/ HTTP/1.1" 301 291 "-" "Mozilla/5.0 Jorgee"
132.247.112.4 - - [05/Oct/2017:23:43:37 +0000] "HEAD http://138.197.26.202:80/PMA2013/ HTTP/1.1" 301 291 "-" "Mozilla/5.0 Jorgee"
132.247.112.4 - - [05/Oct/2017:23:43:37 +0000] "HEAD http://138.197.26.202:80/PMA2014/ HTTP/1.1" 301 291 "-" "Mozilla/5.0 Jorgee"
132.247.112.4 - - [05/Oct/2017:23:43:37 +0000] "HEAD http://138.197.26.202:80/PMA2015/ HTTP/1.1" 301 291 "-" "Mozilla/5.0 Jorgee"
132.247.112.4 - - [05/Oct/2017:23:43:37 +0000] "HEAD http://138.197.26.202:80/PMA2016/ HTTP/1.1" 301 291 "-" "Mozilla/5.0 Jorgee"
132.247.112.4 - - [05/Oct/2017:23:43:37 +0000] "HEAD http://138.197.26.202:80/PMA2017/ HTTP/1.1" 301 291 "-" "Mozilla/5.0 Jorgee"
132.247.112.4 - - [05/Oct/2017:23:43:37 +0000] "HEAD http://138.197.26.202:80/PMA2018/ HTTP/1.1" 301 291 "-" "Mozilla/5.0 Jorgee"
132.247.112.4 - - [05/Oct/2017:23:43:37 +0000] "HEAD http://138.197.26.202:80/pma2011/ HTTP/1.1" 301 291 "-" "Mozilla/5.0 Jorgee"
132.247.112.4 - - [05/Oct/2017:23:43:37 +0000] "HEAD http://138.197.26.202:80/pma2012/ HTTP/1.1" 301 291 "-" "Mozilla/5.0 Jorgee"
132.247.112.4 - - [05/Oct/2017:23:43:37 +0000] "HEAD http://138.197.26.202:80/pma2013/ HTTP/1.1" 301 291 "-" "Mozilla/5.0 Jorgee"
132.247.112.4 - - [05/Oct/2017:23:43:38 +0000] "HEAD http://138.197.26.202:80/pma2014/ HTTP/1.1" 301 290 "-" "Mozilla/5.0 Jorgee"
132.247.112.4 - - [05/Oct/2017:23:43:38 +0000] "HEAD http://138.197.26.202:80/pma2015/ HTTP/1.1" 301 290 "-" "Mozilla/5.0 Jorgee"
132.247.112.4 - - [05/Oct/2017:23:43:38 +0000] "HEAD http://138.197.26.202:80/pma2016/ HTTP/1.1" 301 290 "-" "Mozilla/5.0 Jorgee"
132.247.112.4 - - [05/Oct/2017:23:43:38 +0000] "HEAD http://138.197.26.202:80/pma2017/ HTTP/1.1" 301 290 "-" "Mozilla/5.0 Jorgee"
132.247.112.4 - - [05/Oct/2017:23:43:38 +0000] "HEAD http://138.197.26.202:80/pma2018/ HTTP/1.1" 301 290 "-" "Mozilla/5.0 Jorgee"
132.247.112.4 - - [05/Oct/2017:23:43:39 +0000] "HEAD http://138.197.26.202:80/phpmyadmin2011/ HTTP/1.1" 301 297 "-" "Mozilla/5.0 Jorgee"
132.247.112.4 - - [05/Oct/2017:23:43:39 +0000] "HEAD http://138.197.26.202:80/phpmyadmin2012/ HTTP/1.1" 301 297 "-" "Mozilla/5.0 Jorgee"
132.247.112.4 - - [05/Oct/2017:23:43:39 +0000] "HEAD http://138.197.26.202:80/phpmyadmin2013/ HTTP/1.1" 301 297 "-" "Mozilla/5.0 Jorgee"
132.247.112.4 - - [05/Oct/2017:23:43:39 +0000] "HEAD http://138.197.26.202:80/phpmyadmin2014/ HTTP/1.1" 301 297 "-" "Mozilla/5.0 Jorgee"
132.247.112.4 - - [05/Oct/2017:23:43:39 +0000] "HEAD http://138.197.26.202:80/phpmyadmin2015/ HTTP/1.1" 301 262 "-" "Mozilla/5.0 Jorgee"
62.219.131.253 - - [05/Oct/2017:23:43:40 +0000] "GET / HTTP/1.1" 301 598 "-" "Mozilla/5.0 (Windows NT 6.1; WOW64; rv:40.0) Gecko/20100101 Firefox/40.1"
62.219.131.253 - - [05/Oct/2017:23:43:40 +0000] "GET / HTTP/1.1" 301 827 "-" "Mozilla/5.0 (Windows NT 6.1; WOW64; rv:40.0) Gecko/20100101 Firefox/40.1"
132.247.112.4 - - [05/Oct/2017:23:43:40 +0000] "HEAD http://138.197.26.202:80/phpmyadmin2017/ HTTP/1.1" 301 299 "-" "Mozilla/5.0 Jorgee"
132.247.112.4 - - [05/Oct/2017:23:43:40 +0000] "HEAD http://138.197.26.202:80/phpmyadmin2018/ HTTP/1.1" 301 299 "-" "Mozilla/5.0 Jorgee"
132.247.112.4 - - [05/Oct/2017:23:43:41 +0000] "HEAD http://138.197.26.202:80/phpmanager/ HTTP/1.1" 301 295 "-" "Mozilla/5.0 Jorgee"
164.132.161.26 - - [05/Oct/2017:23:44:32 +0000] "GET / HTTP/1.1" 301 542 "-" "Mozilla/5.0 (compatible; AhrefsBot/5.2; +http://ahrefs.com/robot/)"
54.167.238.35 - - [05/Oct/2017:23:45:48 +0000] "GET / HTTP/1.1" 301 564 "-" "-"
54.167.238.35 - - [05/Oct/2017:23:45:48 +0000] "GET / HTTP/1.1" 301 4125 "http://weeklypythonexercise.com/" "-"
54.183.172.234 - - [05/Oct/2017:23:45:51 +0000] "GET / HTTP/1.1" 301 564 "-" "https://github.com/blakeembrey/popsicle"
54.183.172.234 - - [05/Oct/2017:23:45:52 +0000] "GET / HTTP/1.1" 301 4125 "-" "https://github.com/blakeembrey/popsicle"
