78.186.25.6 - - [05/Oct/2017:10:52:47 +0000] "GET / HTTP/1.1" 301 601 "-" "Mozilla/5.0 (Windows NT 6.1; WOW64; rv:40.0) Gecko/20100101 Firefox/40.1"
78.186.25.6 - - [05/Oct/2017:10:52:48 +0000] "GET / HTTP/1.1" 301 827 "-" "Mozilla/5.0 (Windows NT 6.1; WOW64; rv:40.0) Gecko/20100101 Firefox/40.1"
160.202.163.236 - - [05/Oct/2017:10:53:15 +0000] "GET /wp-login.php HTTP/1.1" 301 569 "http://weeklypythonexercise.com/wp-login.php" "Mozilla/4.0 (compatible; MSIE 9.0; Windows NT 6.1; 125LA; .NET CLR 2.0.50727; .NET CLR 3.0.04506.648; .NET CLR 3.5.21022)"
160.202.163.236 - - [05/Oct/2017:10:53:15 +0000] "GET /wp-login.php HTTP/1.1" 301 569 "http://weeklypythonexercise.com/wp-login.php" "Mozilla/4.0 (compatible; MSIE 9.0; Windows NT 6.1; 125LA; .NET CLR 2.0.50727; .NET CLR 3.0.04506.648; .NET CLR 3.5.21022)"
54.183.182.23 - - [05/Oct/2017:10:54:06 +0000] "GET / HTTP/1.1" 301 564 "-" "https://github.com/blakeembrey/popsicle"
54.183.182.23 - - [05/Oct/2017:10:54:06 +0000] "GET / HTTP/1.1" 301 780 "-" "https://github.com/blakeembrey/popsicle"
54.208.5.181 - - [05/Oct/2017:10:54:22 +0000] "GET / HTTP/1.1" 301 564 "-" "https://github.com/blakeembrey/popsicle"
54.208.5.181 - - [05/Oct/2017:10:54:22 +0000] "GET / HTTP/1.1" 301 4125 "-" "https://github.com/blakeembrey/popsicle"
73.252.227.7 - - [05/Oct/2017:10:55:47 +0000] "GET / HTTP/1.1" 301 601 "-" "Mozilla/5.0 (Linux; Android 7.0; SM-N920V Build/NRD90M) AppleWebKit/537.36 (KHTML, like Gecko) Chrome/61.0.3163.98 Mobile Safari/537.36"
73.252.227.7 - - [05/Oct/2017:10:55:47 +0000] "GET / HTTP/1.1" 301 4177 "-" "Mozilla/5.0 (Linux; Android 7.0; SM-N920V Build/NRD90M) AppleWebKit/537.36 (KHTML, like Gecko) Chrome/61.0.3163.98 Mobile Safari/537.36"
217.100.175.20 - - [05/Oct/2017:10:57:15 +0000] "GET / HTTP/1.1" 301 601 "https://news.ycombinator.com/" "Mozilla/5.0 (Windows NT 6.1; Win64; x64) AppleWebKit/537.36 (KHTML, like Gecko) Chrome/61.0.3163.100 Safari/537.36"
217.100.175.20 - - [05/Oct/2017:10:57:15 +0000] "GET / HTTP/1.1" 301 4177 "https://news.ycombinator.com/" "Mozilla/5.0 (Windows NT 6.1; Win64; x64) AppleWebKit/537.36 (KHTML, like Gecko) Chrome/61.0.3163.100 Safari/537.36"
136.243.12.135 - - [05/Oct/2017:10:57:19 +0000] "GET /comments/feed/ HTTP/1.0" 301 589 "-" "-"
136.243.12.135 - - [05/Oct/2017:10:57:20 +0000] "GET /comments/feed/ HTTP/1.0" 301 4139 "-" "-"
13.56.249.7 - - [05/Oct/2017:10:58:26 +0000] "GET / HTTP/1.1" 301 564 "-" "https://github.com/blakeembrey/popsicle"
13.56.249.7 - - [05/Oct/2017:10:58:26 +0000] "GET / HTTP/1.1" 301 4125 "-" "https://github.com/blakeembrey/popsicle"
54.167.238.35 - - [05/Oct/2017:11:00:57 +0000] "GET / HTTP/1.1" 301 564 "-" "-"
54.167.238.35 - - [05/Oct/2017:11:00:57 +0000] "GET / HTTP/1.1" 301 4125 "http://weeklypythonexercise.com/" "-"
13.56.249.7 - - [05/Oct/2017:11:02:46 +0000] "GET / HTTP/1.1" 301 564 "-" "https://github.com/blakeembrey/popsicle"
13.56.249.7 - - [05/Oct/2017:11:02:46 +0000] "GET / HTTP/1.1" 301 4125 "-" "https://github.com/blakeembrey/popsicle"
54.183.182.23 - - [05/Oct/2017:11:07:06 +0000] "GET / HTTP/1.1" 301 564 "-" "https://github.com/blakeembrey/popsicle"
54.183.182.23 - - [05/Oct/2017:11:07:06 +0000] "GET / HTTP/1.1" 301 4125 "-" "https://github.com/blakeembrey/popsicle"
54.84.45.17 - - [05/Oct/2017:11:11:02 +0000] "GET / HTTP/1.1" 301 564 "-" "https://github.com/blakeembrey/popsicle"
54.84.45.17 - - [05/Oct/2017:11:11:02 +0000] "GET / HTTP/1.1" 301 4125 "-" "https://github.com/blakeembrey/popsicle"
13.56.249.7 - - [05/Oct/2017:11:11:25 +0000] "GET / HTTP/1.1" 301 564 "-" "https://github.com/blakeembrey/popsicle"
13.56.249.7 - - [05/Oct/2017:11:11:25 +0000] "GET / HTTP/1.1" 301 4125 "-" "https://github.com/blakeembrey/popsicle"
45.23.90.147 - - [05/Oct/2017:11:13:50 +0000] "GET /wp-login.php HTTP/1.1" 301 625 "-" "Mozilla/5.0 (Windows NT 6.1; WOW64; rv:40.0) Gecko/20100101 Firefox/40.1"
45.23.90.147 - - [05/Oct/2017:11:13:51 +0000] "GET /wp-login.php HTTP/1.1" 301 4186 "-" "Mozilla/5.0 (Windows NT 6.1; WOW64; rv:40.0) Gecko/20100101 Firefox/40.1"
45.23.90.147 - - [05/Oct/2017:11:13:52 +0000] "GET / HTTP/1.1" 301 600 "-" "Mozilla/5.0 (Windows NT 6.1; WOW64; rv:40.0) Gecko/20100101 Firefox/40.1"
45.23.90.147 - - [05/Oct/2017:11:13:52 +0000] "GET / HTTP/1.1" 301 679 "-" "Mozilla/5.0 (Windows NT 6.1; WOW64; rv:40.0) Gecko/20100101 Firefox/40.1"
54.167.238.35 - - [05/Oct/2017:11:15:29 +0000] "GET / HTTP/1.1" 301 564 "-" "-"
54.167.238.35 - - [05/Oct/2017:11:15:29 +0000] "GET / HTTP/1.1" 301 4125 "http://weeklypythonexercise.com/" "-"
54.183.182.23 - - [05/Oct/2017:11:15:45 +0000] "GET / HTTP/1.1" 301 564 "-" "https://github.com/blakeembrey/popsicle"
54.183.182.23 - - [05/Oct/2017:11:15:45 +0000] "GET / HTTP/1.1" 301 4125 "-" "https://github.com/blakeembrey/popsicle"
45.23.90.147 - - [05/Oct/2017:11:15:49 +0000] "GET /wp-login.php HTTP/1.1" 301 622 "-" "Mozilla/5.0 (Windows NT 6.1; WOW64; rv:40.0) Gecko/20100101 Firefox/40.1"
45.23.90.147 - - [05/Oct/2017:11:15:49 +0000] "GET /wp-login.php HTTP/1.1" 301 4167 "-" "Mozilla/5.0 (Windows NT 6.1; WOW64; rv:40.0) Gecko/20100101 Firefox/40.1"
45.23.90.147 - - [05/Oct/2017:11:15:50 +0000] "GET / HTTP/1.1" 301 597 "-" "Mozilla/5.0 (Windows NT 6.1; WOW64; rv:40.0) Gecko/20100101 Firefox/40.1"
45.23.90.147 - - [05/Oct/2017:11:15:50 +0000] "GET / HTTP/1.1" 301 676 "-" "Mozilla/5.0 (Windows NT 6.1; WOW64; rv:40.0) Gecko/20100101 Firefox/40.1"
54.183.182.23 - - [05/Oct/2017:11:20:05 +0000] "GET / HTTP/1.1" 301 564 "-" "https://github.com/blakeembrey/popsicle"
54.183.182.23 - - [05/Oct/2017:11:20:05 +0000] "GET / HTTP/1.1" 301 4125 "-" "https://github.com/blakeembrey/popsicle"
157.55.39.254 - - [05/Oct/2017:11:22:44 +0000] "GET /sitemap_index.xml HTTP/1.1" 301 695 "-" "Mozilla/5.0 (compatible; bingbot/2.0; +http://www.bing.com/bingbot.htm)"
88.12.12.10 - - [05/Oct/2017:11:23:05 +0000] "GET /wp-login.php HTTP/1.1" 301 625 "-" "Mozilla/5.0 (Windows NT 6.1; WOW64; rv:40.0) Gecko/20100101 Firefox/40.1"
88.12.12.10 - - [05/Oct/2017:11:23:06 +0000] "GET /wp-login.php HTTP/1.1" 301 3991 "-" "Mozilla/5.0 (Windows NT 6.1; WOW64; rv:40.0) Gecko/20100101 Firefox/40.1"
88.12.12.10 - - [05/Oct/2017:11:23:11 +0000] "GET /wp-login.php HTTP/1.1" 301 625 "-" "Mozilla/5.0 (Windows NT 6.1; WOW64; rv:40.0) Gecko/20100101 Firefox/40.1"
88.12.12.10 - - [05/Oct/2017:11:23:12 +0000] "GET /wp-login.php HTTP/1.1" 301 859 "-" "Mozilla/5.0 (Windows NT 6.1; WOW64; rv:40.0) Gecko/20100101 Firefox/40.1"
88.12.12.10 - - [05/Oct/2017:11:23:18 +0000] "GET / HTTP/1.1" 301 601 "-" "Mozilla/5.0 (Windows NT 6.1; WOW64; rv:40.0) Gecko/20100101 Firefox/40.1"
88.12.12.10 - - [05/Oct/2017:11:23:18 +0000] "GET / HTTP/1.1" 301 827 "-" "Mozilla/5.0 (Windows NT 6.1; WOW64; rv:40.0) Gecko/20100101 Firefox/40.1"
142.4.200.37 - - [05/Oct/2017:11:23:27 +0000] "GET /robots.txt HTTP/1.1" 301 618 "-" "Mozilla/5.0 (compatible; ExtLinksBot/1.5 +https://extlinks.com/Bot.html)"
142.4.200.37 - - [05/Oct/2017:11:23:27 +0000] "GET /robots.txt HTTP/1.1" 301 618 "-" "Mozilla/5.0 (compatible; ExtLinksBot/1.5 +https://extlinks.com/Bot.html)"
142.4.200.37 - - [05/Oct/2017:11:23:47 +0000] "GET / HTTP/1.1" 301 3955 "-" "Mozilla/5.0 (compatible; ExtLinksBot/1.5 +https://extlinks.com/Bot.html)"
142.4.200.37 - - [05/Oct/2017:11:23:47 +0000] "GET / HTTP/1.1" 301 3955 "-" "Mozilla/5.0 (compatible; ExtLinksBot/1.5 +https://extlinks.com/Bot.html)"
88.12.12.10 - - [05/Oct/2017:11:24:21 +0000] "GET /wp-login.php HTTP/1.1" 301 622 "-" "Mozilla/5.0 (Windows NT 6.1; WOW64; rv:40.0) Gecko/20100101 Firefox/40.1"
88.12.12.10 - - [05/Oct/2017:11:24:22 +0000] "GET /wp-login.php HTTP/1.1" 301 3991 "-" "Mozilla/5.0 (Windows NT 6.1; WOW64; rv:40.0) Gecko/20100101 Firefox/40.1"
13.56.249.7 - - [05/Oct/2017:11:24:25 +0000] "GET / HTTP/1.1" 301 564 "-" "https://github.com/blakeembrey/popsicle"
13.56.249.7 - - [05/Oct/2017:11:24:25 +0000] "GET / HTTP/1.1" 301 4125 "-" "https://github.com/blakeembrey/popsicle"
88.12.12.10 - - [05/Oct/2017:11:24:27 +0000] "GET /wp-login.php HTTP/1.1" 301 622 "-" "Mozilla/5.0 (Windows NT 6.1; WOW64; rv:40.0) Gecko/20100101 Firefox/40.1"
88.12.12.10 - - [05/Oct/2017:11:24:27 +0000] "GET /wp-login.php HTTP/1.1" 301 859 "-" "Mozilla/5.0 (Windows NT 6.1; WOW64; rv:40.0) Gecko/20100101 Firefox/40.1"
88.12.12.10 - - [05/Oct/2017:11:24:33 +0000] "GET / HTTP/1.1" 301 598 "-" "Mozilla/5.0 (Windows NT 6.1; WOW64; rv:40.0) Gecko/20100101 Firefox/40.1"
88.12.12.10 - - [05/Oct/2017:11:24:33 +0000] "GET / HTTP/1.1" 301 827 "-" "Mozilla/5.0 (Windows NT 6.1; WOW64; rv:40.0) Gecko/20100101 Firefox/40.1"
54.208.5.181 - - [05/Oct/2017:11:27:41 +0000] "GET / HTTP/1.1" 301 564 "-" "https://github.com/blakeembrey/popsicle"
54.208.5.181 - - [05/Oct/2017:11:27:41 +0000] "GET / HTTP/1.1" 301 4125 "-" "https://github.com/blakeembrey/popsicle"
54.183.182.23 - - [05/Oct/2017:11:28:44 +0000] "GET / HTTP/1.1" 301 564 "-" "https://github.com/blakeembrey/popsicle"
54.183.182.23 - - [05/Oct/2017:11:28:45 +0000] "GET / HTTP/1.1" 301 4125 "-" "https://github.com/blakeembrey/popsicle"
54.167.238.35 - - [05/Oct/2017:11:30:29 +0000] "GET / HTTP/1.1" 301 564 "-" "-"
54.167.238.35 - - [05/Oct/2017:11:30:29 +0000] "GET / HTTP/1.1" 301 4125 "http://weeklypythonexercise.com/" "-"
85.121.52.248 - - [05/Oct/2017:11:32:06 +0000] "GET /wp-login.php HTTP/1.1" 301 622 "-" "Mozilla/5.0 (Windows NT 6.1; WOW64; rv:40.0) Gecko/20100101 Firefox/40.1"
85.121.52.248 - - [05/Oct/2017:11:32:07 +0000] "GET / HTTP/1.1" 301 598 "-" "Mozilla/5.0 (Windows NT 6.1; WOW64; rv:40.0) Gecko/20100101 Firefox/40.1"
85.121.52.248 - - [05/Oct/2017:11:32:09 +0000] "GET / HTTP/1.1" 301 3954 "-" "Mozilla/5.0 (Windows NT 6.1; WOW64; rv:40.0) Gecko/20100101 Firefox/40.1"
54.183.182.23 - - [05/Oct/2017:11:33:04 +0000] "GET / HTTP/1.1" 301 564 "-" "https://github.com/blakeembrey/popsicle"
54.183.182.23 - - [05/Oct/2017:11:33:05 +0000] "GET / HTTP/1.1" 301 780 "-" "https://github.com/blakeembrey/popsicle"
66.249.70.5 - - [05/Oct/2017:11:35:53 +0000] "GET / HTTP/1.1" 301 598 "-" "Mozilla/5.0 (Linux; Android 6.0.1; Nexus 5X Build/MMB29P) AppleWebKit/537.36 (KHTML, like Gecko) Chrome/41.0.2272.96 Mobile Safari/537.36 (compatible; Googlebot/2.1; +http://www.google.com/bot.html)"
66.249.70.16 - - [05/Oct/2017:11:35:54 +0000] "GET / HTTP/1.1" 301 4143 "-" "Mozilla/5.0 (Linux; Android 6.0.1; Nexus 5X Build/MMB29P) AppleWebKit/537.36 (KHTML, like Gecko) Chrome/41.0.2272.96 Mobile Safari/537.36 (compatible; Googlebot/2.1; +http://www.google.com/bot.html)"
13.56.249.7 - - [05/Oct/2017:11:37:24 +0000] "GET / HTTP/1.1" 301 564 "-" "https://github.com/blakeembrey/popsicle"
13.56.249.7 - - [05/Oct/2017:11:37:24 +0000] "GET / HTTP/1.1" 301 4125 "-" "https://github.com/blakeembrey/popsicle"
112.202.163.42 - - [05/Oct/2017:11:40:55 +0000] "GET /wp-login.php HTTP/1.1" 301 622 "-" "Mozilla/5.0 (Windows NT 6.1; WOW64; rv:40.0) Gecko/20100101 Firefox/40.1"
112.202.163.42 - - [05/Oct/2017:11:40:56 +0000] "GET /wp-login.php HTTP/1.1" 301 3986 "-" "Mozilla/5.0 (Windows NT 6.1; WOW64; rv:40.0) Gecko/20100101 Firefox/40.1"
34.227.223.220 - - [05/Oct/2017:11:40:58 +0000] "GET /news-sitemap.xml HTTP/1.1" 301 3929 "https://www.google.com/" "Mozilla/5.0 (X11; U; Linux i686; en-US; rv:1.9a3pre) Gecko/20070330"
112.202.163.42 - - [05/Oct/2017:11:41:02 +0000] "GET /wp-login.php HTTP/1.1" 301 622 "-" "Mozilla/5.0 (Windows NT 6.1; WOW64; rv:40.0) Gecko/20100101 Firefox/40.1"
112.202.163.42 - - [05/Oct/2017:11:41:03 +0000] "GET /wp-login.php HTTP/1.1" 301 852 "-" "Mozilla/5.0 (Windows NT 6.1; WOW64; rv:40.0) Gecko/20100101 Firefox/40.1"
112.202.163.42 - - [05/Oct/2017:11:41:09 +0000] "GET / HTTP/1.1" 301 598 "-" "Mozilla/5.0 (Windows NT 6.1; WOW64; rv:40.0) Gecko/20100101 Firefox/40.1"
112.202.163.42 - - [05/Oct/2017:11:41:10 +0000] "GET / HTTP/1.1" 301 820 "-" "Mozilla/5.0 (Windows NT 6.1; WOW64; rv:40.0) Gecko/20100101 Firefox/40.1"
13.56.249.7 - - [05/Oct/2017:11:41:45 +0000] "GET / HTTP/1.1" 301 564 "-" "https://github.com/blakeembrey/popsicle"
13.56.249.7 - - [05/Oct/2017:11:41:45 +0000] "GET / HTTP/1.1" 301 780 "-" "https://github.com/blakeembrey/popsicle"
65.49.180.128 - - [05/Oct/2017:11:42:06 +0000] "GET /?__s=qmmo2kxmyn9gezbmkvf7 HTTP/1.1" 301 648 "-" "Mozilla/5.0 (X11; Linux x86_64) AppleWebKit/537.36 (KHTML, like Gecko) Chrome/61.0.3163.100 Safari/537.36"
65.49.180.128 - - [05/Oct/2017:11:42:06 +0000] "GET /?__s=qmmo2kxmyn9gezbmkvf7 HTTP/1.1" 301 4208 "-" "Mozilla/5.0 (X11; Linux x86_64) AppleWebKit/537.36 (KHTML, like Gecko) Chrome/61.0.3163.100 Safari/537.36"
66.249.64.138 - - [05/Oct/2017:11:42:17 +0000] "GET /?__s=%5Bsubscriber.token%5D HTTP/1.1" 301 652 "-" "Mozilla/5.0 (compatible; Googlebot/2.1; +http://www.google.com/bot.html)"
66.249.64.159 - - [05/Oct/2017:11:42:17 +0000] "GET /robots.txt HTTP/1.1" 301 4163 "-" "Mozilla/5.0 (compatible; Googlebot/2.1; +http://www.google.com/bot.html)"
66.249.64.155 - - [05/Oct/2017:11:42:18 +0000] "GET /?__s=%5Bsubscriber.token%5D HTTP/1.1" 301 4197 "-" "Mozilla/5.0 (compatible; Googlebot/2.1; +http://www.google.com/bot.html)"
34.207.238.33 - - [05/Oct/2017:11:44:21 +0000] "GET / HTTP/1.1" 301 564 "-" "https://github.com/blakeembrey/popsicle"
34.207.238.33 - - [05/Oct/2017:11:44:21 +0000] "GET / HTTP/1.1" 301 4125 "-" "https://github.com/blakeembrey/popsicle"
54.167.238.35 - - [05/Oct/2017:11:45:33 +0000] "GET / HTTP/1.1" 301 564 "-" "-"
54.167.238.35 - - [05/Oct/2017:11:45:33 +0000] "GET / HTTP/1.1" 301 4125 "http://weeklypythonexercise.com/" "-"
54.183.182.23 - - [05/Oct/2017:11:46:05 +0000] "GET / HTTP/1.1" 301 564 "-" "https://github.com/blakeembrey/popsicle"
54.183.182.23 - - [05/Oct/2017:11:46:05 +0000] "GET / HTTP/1.1" 301 4125 "-" "https://github.com/blakeembrey/popsicle"
85.121.52.248 - - [05/Oct/2017:11:49:33 +0000] "GET /wp-login.php HTTP/1.1" 301 625 "-" "Mozilla/5.0 (Windows NT 6.1; WOW64; rv:40.0) Gecko/20100101 Firefox/40.1"
85.121.52.248 - - [05/Oct/2017:11:49:34 +0000] "GET /wp-login.php HTTP/1.1" 301 3986 "-" "Mozilla/5.0 (Windows NT 6.1; WOW64; rv:40.0) Gecko/20100101 Firefox/40.1"
85.121.52.248 - - [05/Oct/2017:11:49:39 +0000] "GET /wp-login.php HTTP/1.1" 301 625 "-" "Mozilla/5.0 (Windows NT 6.1; WOW64; rv:40.0) Gecko/20100101 Firefox/40.1"
85.121.52.248 - - [05/Oct/2017:11:49:41 +0000] "GET /wp-login.php HTTP/1.1" 301 852 "-" "Mozilla/5.0 (Windows NT 6.1; WOW64; rv:40.0) Gecko/20100101 Firefox/40.1"
85.121.52.248 - - [05/Oct/2017:11:49:47 +0000] "GET / HTTP/1.1" 301 601 "-" "Mozilla/5.0 (Windows NT 6.1; WOW64; rv:40.0) Gecko/20100101 Firefox/40.1"
85.121.52.248 - - [05/Oct/2017:11:49:47 +0000] "GET / HTTP/1.1" 301 820 "-" "Mozilla/5.0 (Windows NT 6.1; WOW64; rv:40.0) Gecko/20100101 Firefox/40.1"
54.183.182.23 - - [05/Oct/2017:11:50:24 +0000] "GET / HTTP/1.1" 301 564 "-" "https://github.com/blakeembrey/popsicle"
54.183.182.23 - - [05/Oct/2017:11:50:24 +0000] "GET / HTTP/1.1" 301 4125 "-" "https://github.com/blakeembrey/popsicle"
185.119.81.39 - - [05/Oct/2017:11:50:29 +0000] "GET /wp-login.php HTTP/1.1" 301 622 "-" "Mozilla/5.0 (Windows NT 10.0; WOW64) AppleWebKit/537.36 (KHTML, like Gecko) Chrome/51.0.2704.103 Safari/537.36"
185.119.81.39 - - [05/Oct/2017:11:50:30 +0000] "GET /wp-login.php HTTP/1.1" 301 4186 "-" "Mozilla/5.0 (Windows NT 10.0; WOW64) AppleWebKit/537.36 (KHTML, like Gecko) Chrome/51.0.2704.103 Safari/537.36"
88.12.12.10 - - [05/Oct/2017:11:52:54 +0000] "GET /wp-login.php HTTP/1.1" 301 622 "-" "Mozilla/5.0 (Windows NT 6.1; WOW64; rv:40.0) Gecko/20100101 Firefox/40.1"
88.12.12.10 - - [05/Oct/2017:11:52:55 +0000] "GET /wp-login.php HTTP/1.1" 301 3991 "-" "Mozilla/5.0 (Windows NT 6.1; WOW64; rv:40.0) Gecko/20100101 Firefox/40.1"
88.12.12.10 - - [05/Oct/2017:11:53:01 +0000] "GET /wp-login.php HTTP/1.1" 301 622 "-" "Mozilla/5.0 (Windows NT 6.1; WOW64; rv:40.0) Gecko/20100101 Firefox/40.1"
88.12.12.10 - - [05/Oct/2017:11:53:01 +0000] "GET /wp-login.php HTTP/1.1" 301 859 "-" "Mozilla/5.0 (Windows NT 6.1; WOW64; rv:40.0) Gecko/20100101 Firefox/40.1"
88.12.12.10 - - [05/Oct/2017:11:53:07 +0000] "GET / HTTP/1.1" 301 598 "-" "Mozilla/5.0 (Windows NT 6.1; WOW64; rv:40.0) Gecko/20100101 Firefox/40.1"
88.12.12.10 - - [05/Oct/2017:11:53:07 +0000] "GET / HTTP/1.1" 301 827 "-" "Mozilla/5.0 (Windows NT 6.1; WOW64; rv:40.0) Gecko/20100101 Firefox/40.1"
90.192.122.133 - - [05/Oct/2017:11:53:09 +0000] "GET / HTTP/1.1" 301 601 "-" "Mozilla/5.0 (Macintosh; Intel Mac OS X 10.12; rv:54.0) Gecko/20100101 Firefox/54.0"
90.192.122.133 - - [05/Oct/2017:11:53:09 +0000] "GET / HTTP/1.1" 301 4177 "-" "Mozilla/5.0 (Macintosh; Intel Mac OS X 10.12; rv:54.0) Gecko/20100101 Firefox/54.0"
54.183.182.23 - - [05/Oct/2017:11:54:44 +0000] "GET / HTTP/1.1" 301 564 "-" "https://github.com/blakeembrey/popsicle"
54.183.182.23 - - [05/Oct/2017:11:54:45 +0000] "GET / HTTP/1.1" 301 4125 "-" "https://github.com/blakeembrey/popsicle"
164.132.106.162 - - [05/Oct/2017:11:56:42 +0000] "GET / HTTP/1.1" 301 536 "http://burger-imperia.com/" "Mozilla/5.0 (X11; Linux x86_64) AppleWebKit/537.36 (KHTML, like Gecko) Chrome/37.0.2062.120 Safari/537.36"
185.175.208.180 - - [05/Oct/2017:11:56:43 +0000] "GET / HTTP/1.1" 301 4483 "http://burger-imperia.com/" "Mozilla/5.0 (X11; Linux x86_64) AppleWebKit/537.36 (KHTML, like Gecko) Chrome/37.0.2062.120 Safari/537.36"
218.232.193.22 - - [05/Oct/2017:11:58:05 +0000] "GET /wp-login.php HTTP/1.1" 301 622 "-" "Mozilla/5.0 (Windows NT 6.1; WOW64; rv:40.0) Gecko/20100101 Firefox/40.1"
218.232.193.22 - - [05/Oct/2017:11:58:06 +0000] "GET /wp-login.php HTTP/1.1" 301 4609 "-" "Mozilla/5.0 (Windows NT 6.1; WOW64; rv:40.0) Gecko/20100101 Firefox/40.1"
218.232.193.22 - - [05/Oct/2017:11:58:08 +0000] "GET / HTTP/1.1" 301 597 "-" "Mozilla/5.0 (Windows NT 6.1; WOW64; rv:40.0) Gecko/20100101 Firefox/40.1"
218.232.193.22 - - [05/Oct/2017:11:58:08 +0000] "GET / HTTP/1.1" 301 676 "-" "Mozilla/5.0 (Windows NT 6.1; WOW64; rv:40.0) Gecko/20100101 Firefox/40.1"
13.56.249.7 - - [05/Oct/2017:11:59:04 +0000] "GET / HTTP/1.1" 301 564 "-" "https://github.com/blakeembrey/popsicle"
13.56.249.7 - - [05/Oct/2017:11:59:05 +0000] "GET / HTTP/1.1" 301 4125 "-" "https://github.com/blakeembrey/popsicle"
189.205.184.223 - - [05/Oct/2017:11:59:15 +0000] "GET / HTTP/1.1" 301 561 "-" "Mozilla/4.0 (compatible; MSIE 5.0; Windows NT; DigExt; DTS Agent"
189.205.184.223 - - [05/Oct/2017:11:59:15 +0000] "GET / HTTP/1.1" 301 561 "-" "Mozilla/4.0 (compatible; MSIE 5.0; Windows NT; DigExt; DTS Agent"
189.205.184.223 - - [05/Oct/2017:11:59:15 +0000] "GET / HTTP/1.1" 301 564 "-" "Mozilla/4.0 (compatible; MSIE 5.0; Windows NT; DigExt; DTS Agent"
189.205.184.223 - - [05/Oct/2017:11:59:31 +0000] "GET / HTTP/1.1" 301 561 "-" "Mozilla/4.0 (compatible; MSIE 5.0; Windows NT; DigExt; DTS Agent"
151.37.54.62 - - [05/Oct/2017:12:00:19 +0000] "GET / HTTP/1.1" 301 601 "-" "Mozilla/5.0 (iPhone; CPU iPhone OS 11_0_2 like Mac OS X) AppleWebKit/604.1.38 (KHTML, like Gecko) Version/11.0 Mobile/15A421 Safari/604.1"
151.37.54.62 - - [05/Oct/2017:12:00:20 +0000] "GET / HTTP/1.1" 301 3966 "-" "Mozilla/5.0 (iPhone; CPU iPhone OS 11_0_2 like Mac OS X) AppleWebKit/604.1.38 (KHTML, like Gecko) Version/11.0 Mobile/15A421 Safari/604.1"
34.207.238.33 - - [05/Oct/2017:12:01:01 +0000] "GET / HTTP/1.1" 301 564 "-" "https://github.com/blakeembrey/popsicle"
34.207.238.33 - - [05/Oct/2017:12:01:01 +0000] "GET / HTTP/1.1" 301 4125 "-" "https://github.com/blakeembrey/popsicle"
54.167.238.35 - - [05/Oct/2017:12:01:18 +0000] "GET / HTTP/1.1" 301 564 "-" "-"
54.167.238.35 - - [05/Oct/2017:12:01:18 +0000] "GET / HTTP/1.1" 301 4125 "http://weeklypythonexercise.com/" "-"
207.46.13.18 - - [05/Oct/2017:12:02:35 +0000] "GET / HTTP/1.1" 301 4143 "-" "Mozilla/5.0 (compatible; bingbot/2.0; +http://www.bing.com/bingbot.htm)"
54.183.182.23 - - [05/Oct/2017:12:03:24 +0000] "GET / HTTP/1.1" 301 564 "-" "https://github.com/blakeembrey/popsicle"
54.183.182.23 - - [05/Oct/2017:12:03:25 +0000] "GET / HTTP/1.1" 301 4125 "-" "https://github.com/blakeembrey/popsicle"
218.232.193.22 - - [05/Oct/2017:12:06:12 +0000] "GET /wp-login.php HTTP/1.1" 301 622 "-" "Mozilla/5.0 (Windows NT 6.1; WOW64; rv:40.0) Gecko/20100101 Firefox/40.1"
218.232.193.22 - - [05/Oct/2017:12:06:13 +0000] "GET /wp-login.php HTTP/1.1" 301 4609 "-" "Mozilla/5.0 (Windows NT 6.1; WOW64; rv:40.0) Gecko/20100101 Firefox/40.1"
218.232.193.22 - - [05/Oct/2017:12:06:15 +0000] "GET / HTTP/1.1" 301 597 "-" "Mozilla/5.0 (Windows NT 6.1; WOW64; rv:40.0) Gecko/20100101 Firefox/40.1"
218.232.193.22 - - [05/Oct/2017:12:06:15 +0000] "GET / HTTP/1.1" 301 676 "-" "Mozilla/5.0 (Windows NT 6.1; WOW64; rv:40.0) Gecko/20100101 Firefox/40.1"
54.183.182.23 - - [05/Oct/2017:12:07:44 +0000] "GET / HTTP/1.1" 301 564 "-" "https://github.com/blakeembrey/popsicle"
54.183.182.23 - - [05/Oct/2017:12:07:44 +0000] "GET / HTTP/1.1" 301 4125 "-" "https://github.com/blakeembrey/popsicle"
219.135.58.224 - - [05/Oct/2017:12:08:02 +0000] "GET /admin/config.php HTTP/1.1" 301 3963 "-" "curl/7.19.7 (x86_64-redhat-linux-gnu) libcurl/7.19.7 NSS/3.27.1 zlib/1.2.3 libidn/1.18 libssh2/1.4.2"
54.183.182.23 - - [05/Oct/2017:12:12:04 +0000] "GET / HTTP/1.1" 301 564 "-" "https://github.com/blakeembrey/popsicle"
54.183.182.23 - - [05/Oct/2017:12:12:04 +0000] "GET / HTTP/1.1" 301 4125 "-" "https://github.com/blakeembrey/popsicle"
54.183.182.23 - - [05/Oct/2017:12:16:24 +0000] "GET / HTTP/1.1" 301 564 "-" "https://github.com/blakeembrey/popsicle"
54.183.182.23 - - [05/Oct/2017:12:16:24 +0000] "GET / HTTP/1.1" 301 780 "-" "https://github.com/blakeembrey/popsicle"
54.167.238.35 - - [05/Oct/2017:12:17:23 +0000] "GET / HTTP/1.1" 301 564 "-" "-"
54.167.238.35 - - [05/Oct/2017:12:17:23 +0000] "GET / HTTP/1.1" 301 4125 "http://weeklypythonexercise.com/" "-"
34.207.238.33 - - [05/Oct/2017:12:17:40 +0000] "GET / HTTP/1.1" 301 564 "-" "https://github.com/blakeembrey/popsicle"
34.207.238.33 - - [05/Oct/2017:12:17:40 +0000] "GET / HTTP/1.1" 301 4125 "-" "https://github.com/blakeembrey/popsicle"
54.183.182.23 - - [05/Oct/2017:12:20:44 +0000] "GET / HTTP/1.1" 301 564 "-" "https://github.com/blakeembrey/popsicle"
54.183.182.23 - - [05/Oct/2017:12:20:44 +0000] "GET / HTTP/1.1" 301 4125 "-" "https://github.com/blakeembrey/popsicle"
49.207.49.232 - - [05/Oct/2017:12:21:20 +0000] "GET /wp-login.php HTTP/1.1" 301 622 "-" "Mozilla/5.0 (Windows NT 6.1; WOW64; rv:40.0) Gecko/20100101 Firefox/40.1"
49.207.49.232 - - [05/Oct/2017:12:21:21 +0000] "GET /wp-login.php HTTP/1.1" 301 3991 "-" "Mozilla/5.0 (Windows NT 6.1; WOW64; rv:40.0) Gecko/20100101 Firefox/40.1"
49.207.49.232 - - [05/Oct/2017:12:21:27 +0000] "GET /wp-login.php HTTP/1.1" 301 622 "-" "Mozilla/5.0 (Windows NT 6.1; WOW64; rv:40.0) Gecko/20100101 Firefox/40.1"
49.207.49.232 - - [05/Oct/2017:12:21:28 +0000] "GET /wp-login.php HTTP/1.1" 301 859 "-" "Mozilla/5.0 (Windows NT 6.1; WOW64; rv:40.0) Gecko/20100101 Firefox/40.1"
49.207.49.232 - - [05/Oct/2017:12:21:33 +0000] "GET / HTTP/1.1" 301 598 "-" "Mozilla/5.0 (Windows NT 6.1; WOW64; rv:40.0) Gecko/20100101 Firefox/40.1"
49.207.49.232 - - [05/Oct/2017:12:21:34 +0000] "GET / HTTP/1.1" 301 827 "-" "Mozilla/5.0 (Windows NT 6.1; WOW64; rv:40.0) Gecko/20100101 Firefox/40.1"
13.56.249.7 - - [05/Oct/2017:12:25:04 +0000] "GET / HTTP/1.1" 301 564 "-" "https://github.com/blakeembrey/popsicle"
13.56.249.7 - - [05/Oct/2017:12:25:05 +0000] "GET / HTTP/1.1" 301 4125 "-" "https://github.com/blakeembrey/popsicle"
52.211.34.185 - - [05/Oct/2017:12:25:20 +0000] "GET / HTTP/1.1" 301 601 "https://news.ycombinator.com/" "Mozilla/5.0 (Macintosh; Intel Mac OS X 10_13_0) AppleWebKit/537.36 (KHTML, like Gecko) Chrome/61.0.3163.100 Safari/537.36"
52.211.34.185 - - [05/Oct/2017:12:25:22 +0000] "GET / HTTP/1.1" 301 4177 "https://news.ycombinator.com/" "Mozilla/5.0 (Macintosh; Intel Mac OS X 10_13_0) AppleWebKit/537.36 (KHTML, like Gecko) Chrome/61.0.3163.100 Safari/537.36"
90.149.236.188 - - [05/Oct/2017:12:26:34 +0000] "GET /?ref=producthunt HTTP/1.1" 301 630 "-" "Mozilla/5.0 (Macintosh; Intel Mac OS X 10_12) AppleWebKit/602.1.50 (KHTML, like Gecko)"
90.149.236.188 - - [05/Oct/2017:12:26:36 +0000] "GET /?ref=producthunt HTTP/1.1" 301 3995 "-" "Mozilla/5.0 (Macintosh; Intel Mac OS X 10_12) AppleWebKit/602.1.50 (KHTML, like Gecko)"
90.149.236.188 - - [05/Oct/2017:12:26:43 +0000] "GET /?ref=producthunt HTTP/1.1" 301 630 "-" "Mozilla/5.0 (iPhone; CPU iPhone OS 10_0 like Mac OS X) AppleWebKit/602.1.38 (KHTML, like Gecko) Version/10.0 Mobile/14A300 Safari/602.1"
90.149.236.188 - - [05/Oct/2017:12:26:44 +0000] "GET /?ref=producthunt HTTP/1.1" 301 846 "-" "Mozilla/5.0 (iPhone; CPU iPhone OS 10_0 like Mac OS X) AppleWebKit/602.1.38 (KHTML, like Gecko) Version/10.0 Mobile/14A300 Safari/602.1"
13.56.249.7 - - [05/Oct/2017:12:29:24 +0000] "GET / HTTP/1.1" 301 564 "-" "https://github.com/blakeembrey/popsicle"
13.56.249.7 - - [05/Oct/2017:12:29:24 +0000] "GET / HTTP/1.1" 301 780 "-" "https://github.com/blakeembrey/popsicle"
77.153.122.190 - - [05/Oct/2017:12:31:21 +0000] "GET / HTTP/1.1" 301 601 "https://news.ycombinator.com/" "Mozilla/5.0 (Windows NT 6.1; WOW64; rv:55.0) Gecko/20100101 Firefox/55.0"
77.153.122.190 - - [05/Oct/2017:12:31:21 +0000] "GET / HTTP/1.1" 301 4177 "https://news.ycombinator.com/" "Mozilla/5.0 (Windows NT 6.1; WOW64; rv:55.0) Gecko/20100101 Firefox/55.0"
66.249.64.212 - - [05/Oct/2017:12:31:34 +0000] "GET / HTTP/1.1" 301 610 "-" "Mozilla/5.0 (compatible; Googlebot/2.1; +http://www.google.com/bot.html)"
66.249.64.219 - - [05/Oct/2017:12:31:35 +0000] "GET / HTTP/1.1" 301 4163 "-" "Mozilla/5.0 (compatible; Googlebot/2.1; +http://www.google.com/bot.html)"
54.167.238.35 - - [05/Oct/2017:12:31:46 +0000] "GET / HTTP/1.1" 301 564 "-" "-"
54.167.238.35 - - [05/Oct/2017:12:31:46 +0000] "GET / HTTP/1.1" 301 4125 "http://weeklypythonexercise.com/" "-"
13.56.249.7 - - [05/Oct/2017:12:33:44 +0000] "GET / HTTP/1.1" 301 564 "-" "https://github.com/blakeembrey/popsicle"
13.56.249.7 - - [05/Oct/2017:12:33:45 +0000] "GET / HTTP/1.1" 301 4125 "-" "https://github.com/blakeembrey/popsicle"
105.108.17.86 - - [05/Oct/2017:12:34:12 +0000] "GET /wp-login.php HTTP/1.1" 301 625 "-" "Mozilla/5.0 (Windows NT 6.1; WOW64; rv:40.0) Gecko/20100101 Firefox/40.1"
105.108.17.86 - - [05/Oct/2017:12:34:15 +0000] "GET /wp-login.php HTTP/1.1" 301 3991 "-" "Mozilla/5.0 (Windows NT 6.1; WOW64; rv:40.0) Gecko/20100101 Firefox/40.1"
54.210.124.7 - - [05/Oct/2017:12:34:21 +0000] "GET / HTTP/1.1" 301 564 "-" "https://github.com/blakeembrey/popsicle"
54.210.124.7 - - [05/Oct/2017:12:34:21 +0000] "GET / HTTP/1.1" 301 4125 "-" "https://github.com/blakeembrey/popsicle"
105.108.17.86 - - [05/Oct/2017:12:34:21 +0000] "GET /wp-login.php HTTP/1.1" 301 625 "-" "Mozilla/5.0 (Windows NT 6.1; WOW64; rv:40.0) Gecko/20100101 Firefox/40.1"
105.108.17.86 - - [05/Oct/2017:12:34:22 +0000] "GET /wp-login.php HTTP/1.1" 301 859 "-" "Mozilla/5.0 (Windows NT 6.1; WOW64; rv:40.0) Gecko/20100101 Firefox/40.1"
105.108.17.86 - - [05/Oct/2017:12:34:27 +0000] "GET / HTTP/1.1" 301 601 "-" "Mozilla/5.0 (Windows NT 6.1; WOW64; rv:40.0) Gecko/20100101 Firefox/40.1"
105.108.17.86 - - [05/Oct/2017:12:34:28 +0000] "GET / HTTP/1.1" 301 827 "-" "Mozilla/5.0 (Windows NT 6.1; WOW64; rv:40.0) Gecko/20100101 Firefox/40.1"
105.108.17.86 - - [05/Oct/2017:12:37:55 +0000] "GET /wp-login.php HTTP/1.1" 301 622 "-" "Mozilla/5.0 (Windows NT 6.1; WOW64; rv:40.0) Gecko/20100101 Firefox/40.1"
105.108.17.86 - - [05/Oct/2017:12:37:56 +0000] "GET /wp-login.php HTTP/1.1" 301 3991 "-" "Mozilla/5.0 (Windows NT 6.1; WOW64; rv:40.0) Gecko/20100101 Firefox/40.1"
105.108.17.86 - - [05/Oct/2017:12:38:02 +0000] "GET /wp-login.php HTTP/1.1" 301 622 "-" "Mozilla/5.0 (Windows NT 6.1; WOW64; rv:40.0) Gecko/20100101 Firefox/40.1"
54.183.182.23 - - [05/Oct/2017:12:38:04 +0000] "GET / HTTP/1.1" 301 564 "-" "https://github.com/blakeembrey/popsicle"
54.183.182.23 - - [05/Oct/2017:12:38:05 +0000] "GET / HTTP/1.1" 301 4125 "-" "https://github.com/blakeembrey/popsicle"
105.108.17.86 - - [05/Oct/2017:12:38:06 +0000] "GET /wp-login.php HTTP/1.1" 301 859 "-" "Mozilla/5.0 (Windows NT 6.1; WOW64; rv:40.0) Gecko/20100101 Firefox/40.1"
105.108.17.86 - - [05/Oct/2017:12:38:13 +0000] "GET / HTTP/1.1" 301 598 "-" "Mozilla/5.0 (Windows NT 6.1; WOW64; rv:40.0) Gecko/20100101 Firefox/40.1"
105.108.17.86 - - [05/Oct/2017:12:38:16 +0000] "GET / HTTP/1.1" 301 827 "-" "Mozilla/5.0 (Windows NT 6.1; WOW64; rv:40.0) Gecko/20100101 Firefox/40.1"
121.244.192.91 - - [05/Oct/2017:12:39:36 +0000] "GET / HTTP/1.1" 301 601 "https://news.ycombinator.com/" "Mozilla/5.0 (Windows NT 10.0; Win64; x64) AppleWebKit/537.36 (KHTML, like Gecko) Chrome/61.0.3163.100 Safari/537.36"
121.244.192.91 - - [05/Oct/2017:12:39:37 +0000] "GET / HTTP/1.1" 301 4177 "https://news.ycombinator.com/" "Mozilla/5.0 (Windows NT 10.0; Win64; x64) AppleWebKit/537.36 (KHTML, like Gecko) Chrome/61.0.3163.100 Safari/537.36"
54.183.182.23 - - [05/Oct/2017:12:42:25 +0000] "GET / HTTP/1.1" 301 564 "-" "https://github.com/blakeembrey/popsicle"
54.183.182.23 - - [05/Oct/2017:12:42:26 +0000] "GET / HTTP/1.1" 301 4125 "-" "https://github.com/blakeembrey/popsicle"
54.167.238.35 - - [05/Oct/2017:12:45:11 +0000] "GET / HTTP/1.1" 301 564 "-" "-"
54.167.238.35 - - [05/Oct/2017:12:45:11 +0000] "GET / HTTP/1.1" 301 4125 "http://weeklypythonexercise.com/" "-"
54.183.182.23 - - [05/Oct/2017:12:46:45 +0000] "GET / HTTP/1.1" 301 564 "-" "https://github.com/blakeembrey/popsicle"
54.183.182.23 - - [05/Oct/2017:12:46:45 +0000] "GET / HTTP/1.1" 301 4125 "-" "https://github.com/blakeembrey/popsicle"
212.227.198.169 - - [05/Oct/2017:12:49:20 +0000] "GET /favicon.ico HTTP/1.1" 301 620 "-" "Mindjet MindManager"
212.227.198.169 - - [05/Oct/2017:12:49:21 +0000] "GET /favicon.ico HTTP/1.1" 301 4412 "-" "Mindjet MindManager"
34.207.238.33 - - [05/Oct/2017:12:51:01 +0000] "GET / HTTP/1.1" 301 564 "-" "https://github.com/blakeembrey/popsicle"
34.207.238.33 - - [05/Oct/2017:12:51:01 +0000] "GET / HTTP/1.1" 301 4125 "-" "https://github.com/blakeembrey/popsicle"
54.183.182.23 - - [05/Oct/2017:12:51:05 +0000] "GET / HTTP/1.1" 301 564 "-" "https://github.com/blakeembrey/popsicle"
54.183.182.23 - - [05/Oct/2017:12:51:05 +0000] "GET / HTTP/1.1" 301 4125 "-" "https://github.com/blakeembrey/popsicle"
66.249.64.204 - - [05/Oct/2017:12:52:06 +0000] "GET /robots.txt HTTP/1.1" 301 621 "-" "Mozilla/5.0 (compatible; Googlebot/2.1; +http://www.google.com/bot.html)"
66.249.64.215 - - [05/Oct/2017:12:52:06 +0000] "GET /robots.txt HTTP/1.1" 301 4182 "-" "Mozilla/5.0 (compatible; Googlebot/2.1; +http://www.google.com/bot.html)"
66.249.64.206 - - [05/Oct/2017:12:52:06 +0000] "GET / HTTP/1.1" 301 601 "-" "Mozilla/5.0 (Linux; Android 6.0.1; Nexus 5X Build/MMB29P) AppleWebKit/537.36 (KHTML, like Gecko) Chrome/41.0.2272.96 Mobile Safari/537.36 (compatible; Googlebot/2.1; +http://www.google.com/bot.html)"
66.249.64.213 - - [05/Oct/2017:12:52:07 +0000] "GET / HTTP/1.1" 301 4162 "-" "Mozilla/5.0 (Linux; Android 6.0.1; Nexus 5X Build/MMB29P) AppleWebKit/537.36 (KHTML, like Gecko) Chrome/41.0.2272.96 Mobile Safari/537.36 (compatible; Googlebot/2.1; +http://www.google.com/bot.html)"
155.207.18.249 - - [05/Oct/2017:12:54:08 +0000] "GET / HTTP/1.1" 301 601 "https://news.ycombinator.com/" "Mozilla/5.0 (X11; Linux x86_64; rv:52.0) Gecko/20100101 Firefox/52.0"
155.207.18.249 - - [05/Oct/2017:12:54:09 +0000] "GET / HTTP/1.1" 301 4177 "https://news.ycombinator.com/" "Mozilla/5.0 (X11; Linux x86_64; rv:52.0) Gecko/20100101 Firefox/52.0"
54.183.182.23 - - [05/Oct/2017:12:55:25 +0000] "GET / HTTP/1.1" 301 564 "-" "https://github.com/blakeembrey/popsicle"
54.183.182.23 - - [05/Oct/2017:12:55:25 +0000] "GET / HTTP/1.1" 301 4125 "-" "https://github.com/blakeembrey/popsicle"
54.183.182.23 - - [05/Oct/2017:12:59:45 +0000] "GET / HTTP/1.1" 301 564 "-" "https://github.com/blakeembrey/popsicle"
54.183.182.23 - - [05/Oct/2017:12:59:46 +0000] "GET / HTTP/1.1" 301 4125 "-" "https://github.com/blakeembrey/popsicle"
54.167.238.35 - - [05/Oct/2017:13:01:02 +0000] "GET / HTTP/1.1" 301 564 "-" "-"
54.167.238.35 - - [05/Oct/2017:13:01:02 +0000] "GET / HTTP/1.1" 301 4125 "http://weeklypythonexercise.com/" "-"
73.131.134.220 - - [05/Oct/2017:13:02:17 +0000] "GET /regexp-crash-course/ HTTP/1.1" 301 638 "-" "Mozilla/5.0 (iPhone; CPU iPhone OS 11_0_2 like Mac OS X) AppleWebKit/604.1.38 (KHTML, like Gecko) Version/11.0 Mobile/15A421 Safari/604.1"
73.131.134.220 - - [05/Oct/2017:13:02:17 +0000] "GET /regexp-crash-course/ HTTP/1.1" 301 4003 "-" "Mozilla/5.0 (iPhone; CPU iPhone OS 11_0_2 like Mac OS X) AppleWebKit/604.1.38 (KHTML, like Gecko) Version/11.0 Mobile/15A421 Safari/604.1"
54.183.182.23 - - [05/Oct/2017:13:04:05 +0000] "GET / HTTP/1.1" 301 564 "-" "https://github.com/blakeembrey/popsicle"
54.183.182.23 - - [05/Oct/2017:13:04:06 +0000] "GET / HTTP/1.1" 301 4125 "-" "https://github.com/blakeembrey/popsicle"
5.158.131.135 - - [05/Oct/2017:13:04:43 +0000] "GET / HTTP/1.1" 301 601 "https://news.ycombinator.com/" "Mozilla/5.0 (Macintosh; Intel Mac OS X 10_12_6) AppleWebKit/537.36 (KHTML, like Gecko) Chrome/61.0.3163.100 Safari/537.36"
5.158.131.135 - - [05/Oct/2017:13:04:43 +0000] "GET / HTTP/1.1" 301 4177 "https://news.ycombinator.com/" "Mozilla/5.0 (Macintosh; Intel Mac OS X 10_12_6) AppleWebKit/537.36 (KHTML, like Gecko) Chrome/61.0.3163.100 Safari/537.36"
34.207.238.33 - - [05/Oct/2017:13:07:42 +0000] "GET / HTTP/1.1" 301 564 "-" "https://github.com/blakeembrey/popsicle"
34.207.238.33 - - [05/Oct/2017:13:07:42 +0000] "GET / HTTP/1.1" 301 4125 "-" "https://github.com/blakeembrey/popsicle"
174.104.178.81 - - [05/Oct/2017:13:08:09 +0000] "GET / HTTP/1.1" 301 601 "https://news.ycombinator.com/" "Mozilla/5.0 (X11; Linux x86_64; rv:54.0) Gecko/20100101 Firefox/54.0"
174.104.178.81 - - [05/Oct/2017:13:08:10 +0000] "GET / HTTP/1.1" 301 4177 "https://news.ycombinator.com/" "Mozilla/5.0 (X11; Linux x86_64; rv:54.0) Gecko/20100101 Firefox/54.0"
13.56.249.7 - - [05/Oct/2017:13:08:25 +0000] "GET / HTTP/1.1" 301 564 "-" "https://github.com/blakeembrey/popsicle"
13.56.249.7 - - [05/Oct/2017:13:08:25 +0000] "GET / HTTP/1.1" 301 4125 "-" "https://github.com/blakeembrey/popsicle"
54.183.182.23 - - [05/Oct/2017:13:12:46 +0000] "GET / HTTP/1.1" 301 564 "-" "https://github.com/blakeembrey/popsicle"
54.183.182.23 - - [05/Oct/2017:13:12:47 +0000] "GET / HTTP/1.1" 301 4125 "-" "https://github.com/blakeembrey/popsicle"
64.233.172.148 - - [05/Oct/2017:13:15:16 +0000] "GET / HTTP/1.1" 301 598 "-" "Mozilla/5.0 (X11; Linux x86_64) AppleWebKit/537.36 (KHTML, like Gecko) Chrome/49.0.2623.75 Safari/537.36 Google Favicon"
64.233.172.149 - - [05/Oct/2017:13:15:16 +0000] "GET / HTTP/1.1" 301 4143 "-" "Mozilla/5.0 (X11; Linux x86_64) AppleWebKit/537.36 (KHTML, like Gecko) Chrome/49.0.2623.75 Safari/537.36 Google Favicon"
54.183.182.23 - - [05/Oct/2017:13:17:06 +0000] "GET / HTTP/1.1" 301 564 "-" "https://github.com/blakeembrey/popsicle"
54.183.182.23 - - [05/Oct/2017:13:17:06 +0000] "GET / HTTP/1.1" 301 4125 "-" "https://github.com/blakeembrey/popsicle"
54.167.238.35 - - [05/Oct/2017:13:17:13 +0000] "GET / HTTP/1.1" 301 564 "-" "-"
54.167.238.35 - - [05/Oct/2017:13:17:13 +0000] "GET / HTTP/1.1" 301 4125 "http://weeklypythonexercise.com/" "-"
103.47.132.0 - - [05/Oct/2017:13:17:51 +0000] "GET /wp-login.php HTTP/1.1" 301 625 "-" "Mozilla/5.0 (Windows NT 6.1; WOW64; rv:40.0) Gecko/20100101 Firefox/40.1"
103.47.132.0 - - [05/Oct/2017:13:17:52 +0000] "GET /wp-login.php HTTP/1.1" 301 4186 "-" "Mozilla/5.0 (Windows NT 6.1; WOW64; rv:40.0) Gecko/20100101 Firefox/40.1"
103.47.132.0 - - [05/Oct/2017:13:17:54 +0000] "GET / HTTP/1.1" 301 600 "-" "Mozilla/5.0 (Windows NT 6.1; WOW64; rv:40.0) Gecko/20100101 Firefox/40.1"
103.47.132.0 - - [05/Oct/2017:13:17:54 +0000] "GET / HTTP/1.1" 301 679 "-" "Mozilla/5.0 (Windows NT 6.1; WOW64; rv:40.0) Gecko/20100101 Firefox/40.1"
13.56.249.7 - - [05/Oct/2017:13:21:28 +0000] "GET / HTTP/1.1" 301 564 "-" "https://github.com/blakeembrey/popsicle"
13.56.249.7 - - [05/Oct/2017:13:21:28 +0000] "GET / HTTP/1.1" 301 4125 "-" "https://github.com/blakeembrey/popsicle"
66.249.64.138 - - [05/Oct/2017:13:22:15 +0000] "GET / HTTP/1.1" 301 598 "-" "Mozilla/5.0 (Linux; Android 6.0.1; Nexus 5X Build/MMB29P) AppleWebKit/537.36 (KHTML, like Gecko) Chrome/41.0.2272.96 Mobile Safari/537.36 (compatible; Googlebot/2.1; +http://www.google.com/bot.html)"
66.249.64.157 - - [05/Oct/2017:13:22:16 +0000] "GET / HTTP/1.1" 301 4143 "-" "Mozilla/5.0 (Linux; Android 6.0.1; Nexus 5X Build/MMB29P) AppleWebKit/537.36 (KHTML, like Gecko) Chrome/41.0.2272.96 Mobile Safari/537.36 (compatible; Googlebot/2.1; +http://www.google.com/bot.html)"
95.91.247.70 - - [05/Oct/2017:13:23:04 +0000] "GET / HTTP/1.1" 301 601 "https://news.ycombinator.com/" "Mozilla/5.0 (X11; Linux x86_64) AppleWebKit/537.36 (KHTML, like Gecko) Chrome/61.0.3163.100 Safari/537.36"
95.91.247.70 - - [05/Oct/2017:13:23:04 +0000] "GET / HTTP/1.1" 301 4177 "https://news.ycombinator.com/" "Mozilla/5.0 (X11; Linux x86_64) AppleWebKit/537.36 (KHTML, like Gecko) Chrome/61.0.3163.100 Safari/537.36"
34.207.238.33 - - [05/Oct/2017:13:24:25 +0000] "GET / HTTP/1.1" 301 564 "-" "https://github.com/blakeembrey/popsicle"
34.207.238.33 - - [05/Oct/2017:13:24:25 +0000] "GET / HTTP/1.1" 301 4125 "-" "https://github.com/blakeembrey/popsicle"
67.205.163.201 - - [05/Oct/2017:13:25:08 +0000] "GET / HTTP/1.1" 301 580 "-" "Mozilla/5.0 (Windows NT 10.0) AppleWebKit/537.36 (KHTML, like Gecko) Chrome/54.0.2840.71 Safari/537.36"
67.205.163.201 - - [05/Oct/2017:13:25:08 +0000] "GET / HTTP/1.1" 301 3948 "-" "Mozilla/5.0 (Windows NT 10.0) AppleWebKit/537.36 (KHTML, like Gecko) Chrome/54.0.2840.71 Safari/537.36"
54.183.182.23 - - [05/Oct/2017:13:25:48 +0000] "GET / HTTP/1.1" 301 564 "-" "https://github.com/blakeembrey/popsicle"
54.183.182.23 - - [05/Oct/2017:13:25:49 +0000] "GET / HTTP/1.1" 301 4125 "-" "https://github.com/blakeembrey/popsicle"
157.52.157.154 - - [05/Oct/2017:13:27:26 +0000] "GET / HTTP/1.1" 301 604 "-" "Mozilla/4.0 (compatible; MSIE 8.0; Windows NT 6.1; Trident/4.0; SLCC2; .NET CLR 2.0.50727; .NET CLR 3.5.30729; .NET CLR 3.0.30729; Media Center PC 6.0)"
157.52.157.154 - - [05/Oct/2017:13:27:29 +0000] "GET /e-mail-courses/regular-expressions-crash-course HTTP/1.1" 301 697 "-" "Mozilla/4.0 (compatible; MSIE 8.0; Windows NT 6.1; Trident/4.0; SLCC2; .NET CLR 2.0.50727; .NET CLR 3.5.30729; .NET CLR 3.0.30729; Media Center PC 6.0)"
157.52.157.154 - - [05/Oct/2017:13:27:32 +0000] "GET /e-mail-courses/regular-expressions-crash-coursee-mail-courses/regular-expressions-crash-course HTTP/1.1" 301 791 "-" "Mozilla/4.0 (compatible; MSIE 8.0; Windows NT 6.1; Trident/4.0; SLCC2; .NET CLR 2.0.50727; .NET CLR 3.5.30729; .NET CLR 3.0.30729; Media Center PC 6.0)"
54.183.182.23 - - [05/Oct/2017:13:30:09 +0000] "GET / HTTP/1.1" 301 564 "-" "https://github.com/blakeembrey/popsicle"
54.183.182.23 - - [05/Oct/2017:13:30:10 +0000] "GET / HTTP/1.1" 301 780 "-" "https://github.com/blakeembrey/popsicle"
54.167.238.35 - - [05/Oct/2017:13:32:35 +0000] "GET / HTTP/1.1" 301 564 "-" "-"
54.167.238.35 - - [05/Oct/2017:13:32:35 +0000] "GET / HTTP/1.1" 301 4125 "http://weeklypythonexercise.com/" "-"
13.56.249.7 - - [05/Oct/2017:13:34:29 +0000] "GET / HTTP/1.1" 301 564 "-" "https://github.com/blakeembrey/popsicle"
13.56.249.7 - - [05/Oct/2017:13:34:29 +0000] "GET / HTTP/1.1" 301 4125 "-" "https://github.com/blakeembrey/popsicle"
77.205.63.218 - - [05/Oct/2017:13:35:43 +0000] "GET / HTTP/1.1" 301 601 "https://news.ycombinator.com/" "Mozilla/5.0 (X11; Linux x86_64) AppleWebKit/537.36 (KHTML, like Gecko) Chrome/61.0.3163.91 Safari/537.36"
77.205.63.218 - - [05/Oct/2017:13:35:43 +0000] "GET / HTTP/1.1" 301 4177 "https://news.ycombinator.com/" "Mozilla/5.0 (X11; Linux x86_64) AppleWebKit/537.36 (KHTML, like Gecko) Chrome/61.0.3163.91 Safari/537.36"
129.110.241.80 - - [05/Oct/2017:13:35:58 +0000] "-" 408 0 "-" "-"
129.110.241.80 - - [05/Oct/2017:13:35:58 +0000] "-" 408 0 "-" "-"
35.194.1.1 - - [05/Oct/2017:13:36:26 +0000] "GET /robots.txt HTTP/1.1" 301 4111 "-" "ltx71 - (http://ltx71.com/)"
35.194.1.1 - - [05/Oct/2017:13:36:38 +0000] "GET / HTTP/1.1" 301 4091 "-" "ltx71 - (http://ltx71.com/)"
35.194.1.1 - - [05/Oct/2017:13:37:25 +0000] "GET / HTTP/1.1" 301 4091 "-" "ltx71 - (http://ltx71.com/)"
54.183.182.23 - - [05/Oct/2017:13:38:50 +0000] "GET / HTTP/1.1" 301 564 "-" "https://github.com/blakeembrey/popsicle"
54.183.182.23 - - [05/Oct/2017:13:38:50 +0000] "GET / HTTP/1.1" 301 4125 "-" "https://github.com/blakeembrey/popsicle"
77.205.63.218 - - [05/Oct/2017:13:40:44 +0000] "-" 408 3497 "-" "-"
34.207.238.33 - - [05/Oct/2017:13:41:06 +0000] "GET / HTTP/1.1" 301 564 "-" "https://github.com/blakeembrey/popsicle"
34.207.238.33 - - [05/Oct/2017:13:41:06 +0000] "GET / HTTP/1.1" 301 4125 "-" "https://github.com/blakeembrey/popsicle"
66.249.64.79 - - [05/Oct/2017:13:42:33 +0000] "GET / HTTP/1.1" 301 4123 "-" "Mozilla/5.0 (compatible; Googlebot/2.1; +http://www.google.com/bot.html)"
54.183.182.23 - - [05/Oct/2017:13:43:10 +0000] "GET / HTTP/1.1" 301 564 "-" "https://github.com/blakeembrey/popsicle"
54.183.182.23 - - [05/Oct/2017:13:43:10 +0000] "GET / HTTP/1.1" 301 4125 "-" "https://github.com/blakeembrey/popsicle"
54.167.238.35 - - [05/Oct/2017:13:45:41 +0000] "GET / HTTP/1.1" 301 564 "-" "-"
54.167.238.35 - - [05/Oct/2017:13:45:41 +0000] "GET / HTTP/1.1" 301 4125 "http://weeklypythonexercise.com/" "-"
54.183.182.23 - - [05/Oct/2017:13:47:30 +0000] "GET / HTTP/1.1" 301 564 "-" "https://github.com/blakeembrey/popsicle"
54.183.182.23 - - [05/Oct/2017:13:47:30 +0000] "GET / HTTP/1.1" 301 4125 "-" "https://github.com/blakeembrey/popsicle"
71.6.202.198 - - [05/Oct/2017:13:48:46 +0000] "GET /xxbb HTTP/1.1" 301 3939 "-" "Mozilla/5.0 zgrab/0.x"
13.56.249.7 - - [05/Oct/2017:13:51:51 +0000] "GET / HTTP/1.1" 301 564 "-" "https://github.com/blakeembrey/popsicle"
13.56.249.7 - - [05/Oct/2017:13:51:51 +0000] "GET / HTTP/1.1" 301 4125 "-" "https://github.com/blakeembrey/popsicle"
66.249.64.206 - - [05/Oct/2017:13:52:34 +0000] "GET / HTTP/1.1" 301 601 "-" "Mozilla/5.0 (compatible; Googlebot/2.1; +http://www.google.com/bot.html)"
66.249.64.215 - - [05/Oct/2017:13:52:35 +0000] "GET / HTTP/1.1" 301 4162 "-" "Mozilla/5.0 (compatible; Googlebot/2.1; +http://www.google.com/bot.html)"
66.249.64.140 - - [05/Oct/2017:13:52:40 +0000] "GET / HTTP/1.1" 301 598 "-" "Mozilla/5.0 (compatible; Googlebot/2.1; +http://www.google.com/bot.html)"
66.249.64.159 - - [05/Oct/2017:13:52:41 +0000] "GET / HTTP/1.1" 301 4143 "-" "Mozilla/5.0 (compatible; Googlebot/2.1; +http://www.google.com/bot.html)"
185.119.81.37 - - [05/Oct/2017:13:53:17 +0000] "GET /wp-login.php HTTP/1.1" 301 622 "-" "Mozilla/5.0 (Windows NT 10.0; WOW64) AppleWebKit/537.36 (KHTML, like Gecko) Chrome/51.0.2704.103 Safari/537.36"
185.119.81.37 - - [05/Oct/2017:13:53:18 +0000] "GET /wp-login.php HTTP/1.1" 301 4186 "-" "Mozilla/5.0 (Windows NT 10.0; WOW64) AppleWebKit/537.36 (KHTML, like Gecko) Chrome/51.0.2704.103 Safari/537.36"
90.192.122.133 - - [05/Oct/2017:13:54:41 +0000] "GET / HTTP/1.1" 301 601 "-" "Mozilla/5.0 (Macintosh; Intel Mac OS X 10.12; rv:54.0) Gecko/20100101 Firefox/54.0"
90.192.122.133 - - [05/Oct/2017:13:54:41 +0000] "GET / HTTP/1.1" 301 4177 "-" "Mozilla/5.0 (Macintosh; Intel Mac OS X 10.12; rv:54.0) Gecko/20100101 Firefox/54.0"
13.56.249.7 - - [05/Oct/2017:13:56:11 +0000] "GET / HTTP/1.1" 301 564 "-" "https://github.com/blakeembrey/popsicle"
13.56.249.7 - - [05/Oct/2017:13:56:11 +0000] "GET / HTTP/1.1" 301 780 "-" "https://github.com/blakeembrey/popsicle"
54.210.124.7 - - [05/Oct/2017:13:57:47 +0000] "GET / HTTP/1.1" 301 564 "-" "https://github.com/blakeembrey/popsicle"
54.210.124.7 - - [05/Oct/2017:13:57:47 +0000] "GET / HTTP/1.1" 301 4125 "-" "https://github.com/blakeembrey/popsicle"
54.183.182.23 - - [05/Oct/2017:14:00:30 +0000] "GET / HTTP/1.1" 301 564 "-" "https://github.com/blakeembrey/popsicle"
54.183.182.23 - - [05/Oct/2017:14:00:30 +0000] "GET / HTTP/1.1" 301 4125 "-" "https://github.com/blakeembrey/popsicle"
54.167.238.35 - - [05/Oct/2017:14:01:32 +0000] "GET / HTTP/1.1" 301 564 "-" "-"
54.167.238.35 - - [05/Oct/2017:14:01:32 +0000] "GET / HTTP/1.1" 301 4125 "http://weeklypythonexercise.com/" "-"
13.56.249.7 - - [05/Oct/2017:14:04:51 +0000] "GET / HTTP/1.1" 301 564 "-" "https://github.com/blakeembrey/popsicle"
13.56.249.7 - - [05/Oct/2017:14:04:52 +0000] "GET / HTTP/1.1" 301 4125 "-" "https://github.com/blakeembrey/popsicle"
112.202.163.42 - - [05/Oct/2017:14:04:57 +0000] "GET /wp-login.php HTTP/1.1" 301 625 "-" "Mozilla/5.0 (Windows NT 6.1; WOW64; rv:40.0) Gecko/20100101 Firefox/40.1"
112.202.163.42 - - [05/Oct/2017:14:04:58 +0000] "GET /wp-login.php HTTP/1.1" 301 3986 "-" "Mozilla/5.0 (Windows NT 6.1; WOW64; rv:40.0) Gecko/20100101 Firefox/40.1"
112.202.163.42 - - [05/Oct/2017:14:05:05 +0000] "GET /wp-login.php HTTP/1.1" 301 625 "-" "Mozilla/5.0 (Windows NT 6.1; WOW64; rv:40.0) Gecko/20100101 Firefox/40.1"
112.202.163.42 - - [05/Oct/2017:14:05:05 +0000] "GET /wp-login.php HTTP/1.1" 301 852 "-" "Mozilla/5.0 (Windows NT 6.1; WOW64; rv:40.0) Gecko/20100101 Firefox/40.1"
112.202.163.42 - - [05/Oct/2017:14:05:12 +0000] "GET / HTTP/1.1" 301 601 "-" "Mozilla/5.0 (Windows NT 6.1; WOW64; rv:40.0) Gecko/20100101 Firefox/40.1"
112.202.163.42 - - [05/Oct/2017:14:05:13 +0000] "GET / HTTP/1.1" 301 820 "-" "Mozilla/5.0 (Windows NT 6.1; WOW64; rv:40.0) Gecko/20100101 Firefox/40.1"
83.84.111.166 - - [05/Oct/2017:14:08:12 +0000] "GET / HTTP/1.1" 301 592 "http://m.facebook.com" "Mozilla/5.0 (iPhone; CPU iPhone OS 11_0_2 like Mac OS X) AppleWebKit/604.1.38 (KHTML, like Gecko) Mobile/15A421 [FBAN/FBIOS;FBAV/143.0.0.76.90;FBBV/73343453;FBDV/iPhone8,4;FBMD/iPhone;FBSN/iOS;FBSV/11.0.2;FBSS/2;FBCR/TelfortNL;FBID/phone;FBLC/nl_NL;FBOP/5;FBRV/0]"
83.84.111.166 - - [05/Oct/2017:14:08:13 +0000] "GET / HTTP/1.1" 301 4013 "http://m.facebook.com" "Mozilla/5.0 (iPhone; CPU iPhone OS 11_0_2 like Mac OS X) AppleWebKit/604.1.38 (KHTML, like Gecko) Mobile/15A421 [FBAN/FBIOS;FBAV/143.0.0.76.90;FBBV/73343453;FBDV/iPhone8,4;FBMD/iPhone;FBSN/iOS;FBSV/11.0.2;FBSS/2;FBCR/TelfortNL;FBID/phone;FBLC/nl_NL;FBOP/5;FBRV/0]"
13.56.249.7 - - [05/Oct/2017:14:09:11 +0000] "GET / HTTP/1.1" 301 564 "-" "https://github.com/blakeembrey/popsicle"
13.56.249.7 - - [05/Oct/2017:14:09:11 +0000] "GET / HTTP/1.1" 301 4125 "-" "https://github.com/blakeembrey/popsicle"
54.183.182.23 - - [05/Oct/2017:14:13:33 +0000] "GET / HTTP/1.1" 301 564 "-" "https://github.com/blakeembrey/popsicle"
54.183.182.23 - - [05/Oct/2017:14:13:33 +0000] "GET / HTTP/1.1" 301 4125 "-" "https://github.com/blakeembrey/popsicle"
34.207.238.33 - - [05/Oct/2017:14:14:30 +0000] "GET / HTTP/1.1" 301 564 "-" "https://github.com/blakeembrey/popsicle"
34.207.238.33 - - [05/Oct/2017:14:14:30 +0000] "GET / HTTP/1.1" 301 4125 "-" "https://github.com/blakeembrey/popsicle"
54.167.238.35 - - [05/Oct/2017:14:15:29 +0000] "GET / HTTP/1.1" 301 564 "-" "-"
54.167.238.35 - - [05/Oct/2017:14:15:29 +0000] "GET / HTTP/1.1" 301 4125 "http://weeklypythonexercise.com/" "-"
54.183.182.23 - - [05/Oct/2017:14:17:54 +0000] "GET / HTTP/1.1" 301 564 "-" "https://github.com/blakeembrey/popsicle"
54.183.182.23 - - [05/Oct/2017:14:17:54 +0000] "GET / HTTP/1.1" 301 4125 "-" "https://github.com/blakeembrey/popsicle"
66.249.70.9 - - [05/Oct/2017:14:18:05 +0000] "GET / HTTP/1.1" 301 598 "-" "Mozilla/5.0 (Linux; Android 6.0.1; Nexus 5X Build/MMB29P) AppleWebKit/537.36 (KHTML, like Gecko) Chrome/41.0.2272.96 Mobile Safari/537.36 (compatible; Googlebot/2.1; +http://www.google.com/bot.html)"
66.249.70.18 - - [05/Oct/2017:14:18:05 +0000] "GET /robots.txt HTTP/1.1" 301 4163 "-" "Mozilla/5.0 (compatible; Googlebot/2.1; +http://www.google.com/bot.html)"
66.249.70.20 - - [05/Oct/2017:14:18:06 +0000] "GET / HTTP/1.1" 301 4143 "-" "Mozilla/5.0 (Linux; Android 6.0.1; Nexus 5X Build/MMB29P) AppleWebKit/537.36 (KHTML, like Gecko) Chrome/41.0.2272.96 Mobile Safari/537.36 (compatible; Googlebot/2.1; +http://www.google.com/bot.html)"
87.199.7.83 - - [05/Oct/2017:14:20:02 +0000] "GET /wp-login.php HTTP/1.1" 301 622 "-" "Mozilla/5.0 (Windows NT 6.1; WOW64; rv:40.0) Gecko/20100101 Firefox/40.1"
87.199.7.83 - - [05/Oct/2017:14:20:03 +0000] "GET /wp-login.php HTTP/1.1" 301 3991 "-" "Mozilla/5.0 (Windows NT 6.1; WOW64; rv:40.0) Gecko/20100101 Firefox/40.1"
87.199.7.83 - - [05/Oct/2017:14:20:09 +0000] "GET /wp-login.php HTTP/1.1" 301 622 "-" "Mozilla/5.0 (Windows NT 6.1; WOW64; rv:40.0) Gecko/20100101 Firefox/40.1"
87.199.7.83 - - [05/Oct/2017:14:20:09 +0000] "GET /wp-login.php HTTP/1.1" 301 859 "-" "Mozilla/5.0 (Windows NT 6.1; WOW64; rv:40.0) Gecko/20100101 Firefox/40.1"
87.199.7.83 - - [05/Oct/2017:14:20:15 +0000] "GET / HTTP/1.1" 301 598 "-" "Mozilla/5.0 (Windows NT 6.1; WOW64; rv:40.0) Gecko/20100101 Firefox/40.1"
87.199.7.83 - - [05/Oct/2017:14:20:15 +0000] "GET / HTTP/1.1" 301 827 "-" "Mozilla/5.0 (Windows NT 6.1; WOW64; rv:40.0) Gecko/20100101 Firefox/40.1"
104.171.113.233 - - [05/Oct/2017:14:21:43 +0000] "GET / HTTP/1.1" 301 561 "-" "Mozilla/4.0 (compatible; MSIE 5.0; Windows NT; DigExt; DTS Agent"
104.171.113.233 - - [05/Oct/2017:14:21:43 +0000] "GET / HTTP/1.1" 301 561 "-" "Mozilla/4.0 (compatible; MSIE 5.0; Windows NT; DigExt; DTS Agent"
104.171.113.233 - - [05/Oct/2017:14:21:43 +0000] "GET / HTTP/1.1" 301 564 "-" "Mozilla/4.0 (compatible; MSIE 5.0; Windows NT; DigExt; DTS Agent"
54.183.182.23 - - [05/Oct/2017:14:22:12 +0000] "GET / HTTP/1.1" 301 564 "-" "https://github.com/blakeembrey/popsicle"
54.183.182.23 - - [05/Oct/2017:14:22:12 +0000] "GET / HTTP/1.1" 301 780 "-" "https://github.com/blakeembrey/popsicle"
151.80.39.179 - - [05/Oct/2017:14:26:13 +0000] "GET /robots.txt HTTP/1.1" 301 544 "-" "Mozilla/5.0 (compatible; AhrefsBot/5.2; +http://ahrefs.com/robot/)"
151.80.39.179 - - [05/Oct/2017:14:26:13 +0000] "GET /robots.txt HTTP/1.1" 301 3907 "-" "Mozilla/5.0 (compatible; AhrefsBot/5.2; +http://ahrefs.com/robot/)"
217.182.132.51 - - [05/Oct/2017:14:26:14 +0000] "GET / HTTP/1.1" 301 524 "-" "Mozilla/5.0 (compatible; AhrefsBot/5.2; +http://ahrefs.com/robot/)"
54.183.182.23 - - [05/Oct/2017:14:26:32 +0000] "GET / HTTP/1.1" 301 564 "-" "https://github.com/blakeembrey/popsicle"
